# Time-averaged data for fix printave
# TimeStep v_temp v_strain v_sigmayy v_sigmazz v_sigmayz v_etotal v_pe v_ke v_enthalpy v_density v_press
100 77.5698 0.025 -0.252874 -0.25293 0.144168 -74576.9 -76426.4 1849.53 -67353.2 1.20815 2500.5
200 77.4679 0.075 -0.25247 -0.255061 0.364241 -74264.9 -76112 1847.11 -67049.6 1.208 2497.33
300 77.9505 0.125 -0.252541 -0.252518 0.495068 -73752.9 -75611.5 1858.61 -66529.2 1.2089 2502.05
400 78.4376 0.175 -0.25489 -0.252732 0.531865 -73232.4 -75102.7 1870.23 -66006.6 1.20959 2504.25
500 79.1203 0.225 -0.252322 -0.254428 0.521552 -72780.5 -74667 1886.5 -65584.1 1.21104 2497.05
600 79.6645 0.275 -0.251779 -0.252792 0.478733 -72492.6 -74392.1 1899.48 -65322.4 1.21165 2489.31
700 79.637 0.325 -0.253836 -0.254354 0.43987 -72334.4 -74233.2 1898.82 -65092.4 1.21242 2515.73
800 79.4509 0.375 -0.253339 -0.253112 0.420199 -72249 -74143.4 1894.39 -65069.4 1.21214 2493.43
900 79.0336 0.425 -0.252041 -0.254714 0.388471 -72194.4 -74078.9 1884.44 -64995.9 1.21259 2500.93
1000 79.1552 0.181284 -0.254777 -0.252841 0.372847 -72156.8 -74044.1 1887.34 -64940.8 1.21203 2505.85
1100 79.0478 -0.441602 -0.252308 -0.252043 0.360338 -72139.2 -74024 1884.78 -64956.8 1.21212 2494.42
1200 78.9028 -0.388664 -0.252003 -0.256402 0.34381 -72141.8 -74023.1 1881.32 -64918.4 1.21088 2506.07
1300 78.8163 -0.334286 -0.253255 -0.254134 0.33413 -72144.1 -74023.4 1879.26 -64930.4 1.21014 2501.21
1400 78.8697 -0.282117 -0.250842 -0.253707 0.34121 -72140.1 -74020.6 1880.53 -64949.5 1.21017 2493.21
1500 78.9875 -0.228564 -0.254275 -0.251751 0.338842 -72131 -74014.3 1883.34 -64938.9 1.21061 2494.65
1600 78.952 -0.176553 -0.252903 -0.252345 0.335026 -72130.5 -74013 1882.49 -64905.2 1.21078 2506.52
1700 79.1478 -0.122693 -0.254005 -0.254378 0.338833 -72133 -74020.1 1887.16 -64935.9 1.21058 2496.32
1800 78.4074 -0.0711774 -0.253939 -0.252525 0.347859 -72132.2 -74001.7 1869.51 -64926.4 1.21045 2499.04
1900 78.9669 -0.0181 -0.252543 -0.253932 0.33699 -72074.3 -73957.1 1882.85 -64839.4 1.20952 2507.22
2000 79.1283 0.0324323 -0.252478 -0.253973 0.328317 -72092.4 -73979.1 1886.7 -64902.2 1.20965 2492.02
2100 79.2304 0.0837318 -0.253541 -0.25226 0.326162 -72143.5 -74032.7 1889.13 -64919 1.21021 2505.09
2200 78.7759 0.134977 -0.253643 -0.252712 0.339317 -72147.4 -74025.7 1878.29 -64950 1.20947 2494.11
2300 78.9824 0.186732 -0.253359 -0.255082 0.330911 -72151.5 -74034.7 1883.22 -64916.2 1.20973 2507.83
2400 78.9405 0.240178 -0.25318 -0.253168 0.348282 -72143.7 -74025.9 1882.22 -64940.5 1.21007 2497.43
2500 78.8959 0.292276 -0.253778 -0.254063 0.338641 -72121.6 -74002.7 1881.15 -64888.4 1.20991 2507.45
2600 79.3293 0.3448 -0.251198 -0.253947 0.347522 -72129.8 -74021.3 1891.49 -64932.1 1.20878 2492.82
2700 79.1672 0.397862 -0.254204 -0.25232 0.346254 -72136.2 -74023.9 1887.62 -64913.6 1.20797 2499.77
2800 78.6409 0.215641 -0.253735 -0.253937 0.333783 -72154.2 -74029.3 1875.08 -64916.6 1.20751 2503.99
2900 78.8014 -0.421724 -0.252442 -0.252311 0.340057 -72130.7 -74009.6 1878.9 -64935.8 1.20744 2489.14
3000 79.4422 -0.362191 -0.252392 -0.255352 0.349709 -72078 -73972.2 1894.18 -64818.4 1.20849 2513.73
3100 78.9424 -0.304832 -0.25349 -0.254453 0.338664 -72090.1 -73972.4 1882.26 -64866 1.20791 2500.14
3200 79.2614 -0.248023 -0.252805 -0.251019 0.341088 -72087.8 -73977.6 1889.87 -64888.2 1.20783 2491.48
3300 78.9735 -0.19091 -0.252927 -0.252057 0.332463 -72093 -73976 1883.01 -64867.6 1.20707 2498.86
3400 78.9669 -0.135366 -0.252839 -0.25499 0.328059 -72107.7 -73990.6 1882.85 -64882.2 1.20724 2499.27
3500 79.2748 -0.0787336 -0.253719 -0.253373 0.333226 -72127.2 -74017.4 1890.19 -64914.2 1.20723 2494.92
3600 78.6363 -0.0254078 -0.252897 -0.255152 0.323745 -72161.6 -74036.6 1874.96 -64900.3 1.20775 2512.76
3700 78.704 0.0315645 -0.253989 -0.252886 0.338638 -72116.5 -73993 1876.58 -64893.7 1.20704 2497.91
3800 79.0045 0.0861359 -0.253563 -0.253034 0.33005 -72112.9 -73996.6 1883.74 -64881.9 1.20676 2500.13
3900 78.7041 0.140375 -0.251886 -0.252362 0.339067 -72116.1 -73992.7 1876.58 -64885.8 1.20604 2498.45
4000 79.4362 0.197241 -0.254208 -0.251796 0.343689 -72070.9 -73964.9 1894.04 -64860.2 1.20593 2491.48
4100 78.963 0.251202 -0.252697 -0.254318 0.325795 -72104.7 -73987.5 1882.75 -64866.8 1.20632 2501.68
4200 78.8293 0.30437 -0.255981 -0.253953 0.336995 -72116.8 -73996.3 1879.57 -64865.8 1.20658 2506.7
4300 79.0118 0.35671 -0.252442 -0.251902 0.336931 -72129.7 -74013.6 1883.92 -64895.3 1.20588 2499.49
4400 79.1021 0.410221 -0.25081 -0.255778 0.347736 -72141.8 -74027.9 1886.07 -64910.1 1.2063 2499.47
4500 78.9797 -0.402474 -0.25514 -0.251723 0.35076 -72091.9 -73975 1883.15 -64850.2 1.2064 2503.16
4600 79.2613 -0.356279 -0.253905 -0.253721 0.335417 -72095.8 -73985.7 1889.87 -64874.1 1.20731 2498.13
4700 78.7955 -0.305319 -0.251113 -0.25212 0.320665 -72170.1 -74048.9 1878.76 -64966 1.20733 2492.13
4800 78.6822 -0.250522 -0.254189 -0.254915 0.347115 -72162.4 -74038.5 1876.06 -64905.7 1.20713 2509.85
4900 79.1589 -0.192268 -0.251206 -0.255023 0.332772 -72133.8 -74021.3 1887.43 -64913.8 1.20675 2496.31
5000 79.4357 -0.132515 -0.254165 -0.252321 0.345924 -72124.2 -74018.2 1894.03 -64887 1.20702 2502.8
5100 78.7296 -0.0750015 -0.252439 -0.253525 0.346111 -72127.6 -74004.8 1877.19 -64911.4 1.20654 2494.6
5200 78.9611 -0.0153145 -0.253362 -0.253163 0.354472 -72056.5 -73939.2 1882.71 -64825.9 1.20685 2500.24
5300 79.6089 0.0451998 -0.252864 -0.252289 0.343792 -72031 -73929.1 1898.15 -64802.6 1.20716 2500.08
5400 79.0386 0.103733 -0.253924 -0.25473 0.328755 -72056.6 -73941.1 1884.56 -64821.5 1.20655 2501.12
5500 78.9068 0.159486 -0.25163 -0.254814 0.315309 -72107.1 -73988.5 1881.41 -64871.9 1.20714 2502.42
5600 78.8023 0.218831 -0.255061 -0.251455 0.344193 -72080 -73958.9 1878.92 -64849.8 1.20782 2502.07
5700 78.7912 0.27681 -0.251504 -0.253675 0.337628 -72037.9 -73916.6 1878.66 -64827.1 1.20794 2495.66
5800 79.058 0.330792 -0.252415 -0.255671 0.326062 -72071.2 -73956.2 1885.02 -64834.6 1.20838 2505.42
5900 79.3938 0.391449 -0.255923 -0.250094 0.326299 -72036.7 -73929.7 1893.03 -64835 1.20819 2492.96
6000 78.8707 -0.263849 -0.249391 -0.255897 0.307308 -72142.1 -74022.7 1880.55 -64921.4 1.2086 2500.42
6100 78.6834 -0.340136 -0.257245 -0.25243 0.340141 -72128.3 -74004.4 1876.09 -64898.3 1.20879 2504.03
6200 78.5853 -0.289122 -0.251131 -0.25452 0.329965 -72158.5 -74032.3 1873.75 -64939.8 1.20854 2499.59
6300 79.2084 -0.225256 -0.253596 -0.252655 0.348496 -72080 -73968.6 1888.61 -64852.7 1.20942 2504.38
6400 79.298 -0.16289 -0.251842 -0.251613 0.352151 -72035.1 -73925.9 1890.74 -64863.2 1.20918 2484.79
6500 79.2239 -0.104255 -0.253703 -0.254967 0.329627 -72057.1 -73946.1 1888.98 -64812.8 1.20844 2508.38
6600 78.9237 -0.0453765 -0.251934 -0.254379 0.343787 -72062.7 -73944.5 1881.82 -64837.5 1.20857 2501.93
6700 78.9497 0.0151801 -0.25334 -0.252979 0.33601 -72034.5 -73917 1882.44 -64832.4 1.20906 2494.96
6800 79.5376 0.077043 -0.254449 -0.252579 0.348645 -72010.8 -73907.2 1896.45 -64790.1 1.2095 2502.3
6900 79.0478 0.13296 -0.252949 -0.254498 0.336446 -72085.1 -73969.9 1884.78 -64849.9 1.20866 2505.55
7000 78.8967 0.195729 -0.253307 -0.250351 0.365278 -72036.8 -73918 1881.17 -64859.8 1.20781 2483.65
7100 79.5249 0.257475 -0.252489 -0.255966 0.336959 -71982 -73878.1 1896.15 -64739.8 1.20858 2507.84
7200 79.4944 0.316723 -0.253801 -0.252835 0.33849 -72043 -73938.4 1895.42 -64800.2 1.20806 2506.96
7300 79.396 0.265464 -0.253213 -0.253967 0.344379 -72064.5 -73957.6 1893.08 -64849 1.20813 2497.66
7400 79.3676 -0.362961 -0.251841 -0.252481 0.346198 -72045.9 -73938.3 1892.4 -64844.5 1.20785 2492.16
7500 79.3326 -0.2988 -0.25427 -0.253341 0.338581 -72075.1 -73966.7 1891.57 -64838.7 1.20803 2504.64
7600 78.7893 -0.239199 -0.252349 -0.252663 0.340426 -72116.6 -73995.2 1878.61 -64908.6 1.20834 2495.51
7700 79.0156 -0.17616 -0.254155 -0.255288 0.357811 -72097.1 -73981.1 1884.01 -64840 1.20821 2512.2
7800 79.0427 -0.110669 -0.253007 -0.251653 0.353659 -72043.1 -73927.8 1884.65 -64865.8 1.20804 2484.24
7900 78.829 -0.0615392 -0.250901 -0.253366 0.312167 -72158.2 -74037.8 1879.56 -64937.1 1.20808 2499.55
8000 78.6193 -0.00044428 -0.256093 -0.254371 0.347199 -72126.1 -74000.7 1874.56 -64871.9 1.20837 2511.54
8100 78.9583 0.0571654 -0.253096 -0.254801 0.333605 -72123.1 -74005.7 1882.64 -64887 1.20774 2503.96
8200 78.849 0.116261 -0.25259 -0.251134 0.327845 -72117.7 -73997.7 1880.03 -64913.1 1.20711 2491.74
8300 78.8816 0.173523 -0.252892 -0.254959 0.327215 -72132.5 -74013.3 1880.81 -64889 1.2073 2505.58
8400 79.1401 0.236559 -0.252194 -0.252955 0.365412 -72066 -73953 1886.98 -64855.1 1.20713 2493.98
8500 80.9295 0.317921 -0.256372 -0.254732 0.386617 -71838.8 -73768.5 1929.64 -64571.9 1.2075 2514.22
8600 79.8686 0.181167 -0.250772 -0.251506 0.330023 -71985.8 -73890.2 1904.35 -64806.8 1.20764 2484.05
8700 78.8492 -0.338192 -0.254524 -0.25275 0.323133 -72055.2 -73935.2 1880.04 -64836.6 1.20812 2498.66
8800 78.5001 -0.277541 -0.252443 -0.253012 0.325602 -72094 -73965.8 1871.72 -64865.4 1.20837 2502.67
8900 79.1998 -0.211753 -0.251519 -0.255096 0.352455 -72042.8 -73931.2 1888.4 -64843.3 1.20866 2493.16
9000 79.3834 -0.145583 -0.254789 -0.251558 0.347486 -72054.7 -73947.5 1892.78 -64830.8 1.20919 2502.76
9100 79.1623 -0.0762018 -0.252974 -0.253483 0.345989 -72022 -73909.5 1887.51 -64815.6 1.20874 2495.79
9200 79.2055 -0.0132986 -0.253601 -0.253777 0.330857 -72057.7 -73946.3 1888.54 -64825.8 1.20859 2504.28
9300 78.7643 0.0470058 -0.254098 -0.251943 0.333576 -72109.7 -73987.8 1878.02 -64873.7 1.20817 2504.9
9400 78.6497 0.106727 -0.252765 -0.254663 0.325515 -72139.4 -74014.6 1875.28 -64925.8 1.20778 2496.27
9500 78.4954 0.164374 -0.252143 -0.255061 0.325191 -72154.8 -74026.4 1871.61 -64938.9 1.20828 2498.05
9600 78.8106 0.226434 -0.255264 -0.251152 0.354793 -72102.5 -73981.6 1879.12 -64869.7 1.20817 2503.67
9700 79.1348 0.286293 -0.25226 -0.251865 0.334619 -72083.9 -73970.7 1886.85 -64872.6 1.20779 2495.44
9800 79.002 0.301631 -0.254937 -0.2541 0.348316 -72072.4 -73956.1 1883.69 -64847.2 1.20774 2500.19
9900 79.5361 -0.345316 -0.252802 -0.254352 0.341096 -72080.2 -73976.6 1896.42 -64839.1 1.20831 2506.89
10000 79.1406 -0.279084 -0.251858 -0.25426 0.325813 -72084.5 -73971.5 1886.99 -64867.1 1.2079 2497.78
10100 78.9504 -0.217876 -0.253678 -0.253821 0.344572 -72093.8 -73976.2 1882.45 -64857.9 1.2079 2504.21
10200 78.7173 -0.155319 -0.253345 -0.251231 0.333499 -72089.6 -73966.5 1876.9 -64869.9 1.2075 2497.75
10300 78.5611 -0.0962738 -0.25249 -0.255023 0.341082 -72085.6 -73958.8 1873.17 -64851.5 1.20738 2502.52
10400 79.9966 -0.0230406 -0.251704 -0.252262 0.361543 -71970 -73877.4 1907.4 -64760.7 1.20699 2493.15
10500 80.1589 0.0484938 -0.253358 -0.255254 0.343151 -71970.7 -73882 1911.27 -64756.9 1.20701 2494.73
10600 79.0374 0.112307 -0.254972 -0.252607 0.336321 -72045.4 -73929.9 1884.53 -64785.9 1.20682 2510.16
10700 78.7925 0.171037 -0.253919 -0.253787 0.330451 -72105.6 -73984.3 1878.69 -64861.2 1.20709 2505.47
10800 78.7036 0.235665 -0.251146 -0.253402 0.33548 -72104.2 -73980.8 1876.57 -64900.7 1.20739 2491.98
10900 79.0552 0.301984 -0.255768 -0.252611 0.339913 -72054.2 -73939.1 1884.95 -64801 1.20671 2507.71
11000 78.9149 -0.0648601 -0.251989 -0.251462 0.327236 -72095.3 -73976.9 1881.61 -64884.1 1.2072 2494.19
11100 79.5233 -0.291874 -0.252769 -0.255485 0.376849 -71980.9 -73877.1 1896.11 -64769.3 1.20835 2496.78
11200 80.5295 -0.215253 -0.254931 -0.25247 0.338392 -71943.7 -73863.8 1920.11 -64707.3 1.20956 2507.81
11300 79.6032 -0.147589 -0.254006 -0.254407 0.347484 -72043.4 -73941.5 1898.02 -64807.7 1.20939 2507.26
11400 79.801 -0.0695672 -0.250691 -0.254577 0.37024 -72009.3 -73912.1 1902.74 -64825.8 1.20904 2488.47
11500 79.0395 -0.000403633 -0.253603 -0.254857 0.357842 -72027.8 -73912.4 1884.58 -64777.2 1.209 2511.57
11600 78.2732 0.053384 -0.249997 -0.25184 0.322925 -72138 -74004.3 1866.31 -64962.2 1.20799 2483.65
11700 79.4447 0.128931 -0.255347 -0.254722 0.368234 -71996.8 -73891 1894.24 -64750.8 1.20882 2509.63
11800 79.3115 0.20224 -0.252672 -0.252834 0.348237 -71968.4 -73859.5 1891.06 -64746.5 1.20886 2501.4
11900 78.8255 0.257895 -0.252284 -0.251726 0.315723 -72088.3 -73967.8 1879.48 -64902.5 1.20882 2488.8
12000 78.8777 0.247118 -0.253174 -0.255264 0.349249 -72061.2 -73941.9 1880.72 -64819.4 1.20948 2509.52
12100 80.1737 -0.297886 -0.251938 -0.25388 0.379513 -71943.2 -73854.8 1911.62 -64727.6 1.20921 2499.93
12200 80.3271 -0.214678 -0.254744 -0.252241 0.353408 -71915.8 -73831 1915.28 -64709.5 1.20866 2495.52
12300 78.7914 -0.149283 -0.252469 -0.253606 0.343315 -72008.8 -73887.4 1878.66 -64794.7 1.20809 2497.02
12400 79.4815 -0.0773852 -0.253119 -0.253851 0.350557 -71994.1 -73889.3 1895.12 -64760.7 1.20813 2503.85
12500 79.7608 -0.000215034 -0.252727 -0.255493 0.354344 -71992.7 -73894.5 1901.78 -64754.4 1.20805 2505.43
12600 79.2991 0.0738681 -0.251426 -0.252571 0.341787 -72015.8 -73906.6 1890.77 -64809.4 1.20864 2495.56
12700 80.0701 0.158599 -0.254148 -0.254276 0.365166 -71954.2 -73863.4 1909.15 -64707.3 1.20793 2508.11
12800 80.7233 0.248237 -0.252939 -0.254324 0.368284 -71899.4 -73824.1 1924.72 -64692 1.20783 2494.18
12900 79.6697 0.159187 -0.2512 -0.251568 0.333486 -72004.1 -73903.7 1899.61 -64794.9 1.20809 2495.39
13000 78.661 -0.277744 -0.252637 -0.253706 0.357279 -72029.2 -73904.7 1875.55 -64802.8 1.2084 2501.97
13100 78.8477 -0.206313 -0.255331 -0.250188 0.331025 -72029.1 -73909.1 1880.01 -64844.1 1.20826 2487.35
13200 78.1411 -0.152884 -0.254904 -0.257708 0.305415 -72164.7 -74027.8 1863.16 -64883.3 1.20776 2519.71
13300 78.0126 -0.0954931 -0.250913 -0.250961 0.314888 -72193.2 -74053.3 1860.09 -65014.9 1.20721 2482.85
13400 78.1069 -0.031061 -0.25347 -0.253335 0.32522 -72151.7 -74014.1 1862.34 -64907.6 1.20779 2506.85
13500 79.2996 0.0425 -0.251203 -0.254458 0.346257 -72037.2 -73928 1890.78 -64821.5 1.20795 2497.34
13600 80.3128 0.123417 -0.254926 -0.253842 0.346056 -71968.8 -73883.7 1914.94 -64739.5 1.20874 2503.66
13700 79.3867 0.191491 -0.251654 -0.253024 0.343936 -72051.1 -73944 1892.86 -64857.1 1.20951 2493.02
13800 80.0506 0.281124 -0.253992 -0.252791 0.374319 -71923.3 -73832 1908.69 -64712.4 1.21073 2501.4
13900 79.7679 -0.137293 -0.25242 -0.255499 0.344501 -71977.4 -73879.3 1901.95 -64741.7 1.21015 2508.86
14000 79.4503 -0.221976 -0.254185 -0.253762 0.334868 -71980.1 -73874.4 1894.37 -64782.3 1.2096 2494.51
14100 78.1785 -0.167319 -0.251728 -0.252877 0.313332 -72165.5 -74029.5 1864.05 -64922.1 1.20929 2509.72
14200 78.6049 -0.0946051 -0.253148 -0.253068 0.343666 -72103.5 -73977.8 1874.22 -64912.9 1.20908 2490.97
14300 78.74 -0.0302328 -0.256628 -0.252395 0.351192 -72100.2 -73977.6 1877.44 -64848.8 1.20958 2513.12
14400 78.9845 0.0359979 -0.252447 -0.251853 0.319877 -72105.1 -73988.4 1883.27 -64944.8 1.20998 2482.41
14500 78.3926 0.0872295 -0.25084 -0.255271 0.307742 -72214.3 -74083.4 1869.15 -65000.7 1.21018 2501.29
14600 79.0298 0.165059 -0.250906 -0.254648 0.361878 -72097.3 -73981.6 1884.35 -64882.2 1.20959 2500.49
14700 81.7124 0.263881 -0.255479 -0.251604 0.351111 -71847.9 -73796.2 1948.31 -64662.8 1.21051 2492.03
14800 78.6581 0.126744 -0.252074 -0.253569 0.288083 -72205.2 -74080.7 1875.48 -64986.4 1.21066 2504.09
14900 78.1766 -0.262983 -0.252385 -0.254008 0.343737 -72175.2 -74039.2 1864 -64973.3 1.21123 2499.32
15000 78.2963 -0.194158 -0.255153 -0.253905 0.345649 -72113.2 -73980.1 1866.86 -64867 1.21162 2515.49
15100 79.773 -0.111427 -0.251958 -0.252068 0.358936 -71979.8 -73881.9 1902.07 -64828.5 1.21061 2480.58
15200 79.4125 -0.0435975 -0.25326 -0.251469 0.323693 -72066.3 -73959.8 1893.47 -64870.8 1.21007 2494.78
15300 78.7365 0.0246644 -0.254988 -0.25538 0.312773 -72133.6 -74010.9 1877.35 -64887 1.20929 2510.86
15400 78.6782 0.0950151 -0.251375 -0.253605 0.330598 -72148.7 -74024.7 1875.96 -64907.3 1.20877 2507.95
15500 78.9086 0.16441 -0.252675 -0.254632 0.326838 -72153.9 -74035.3 1881.46 -64948.2 1.20819 2494.41
15600 78.9336 0.240206 -0.252465 -0.253572 0.36023 -72080.8 -73962.8 1882.05 -64861.6 1.20856 2499.76
15700 80.1557 -0.0945223 -0.2544 -0.251968 0.363549 -71986.5 -73897.7 1911.19 -64763.9 1.2088 2501.49
15800 80.0381 -0.226312 -0.252529 -0.255484 0.331799 -72036.1 -73944.5 1908.39 -64819.1 1.20882 2499.58
15900 78.9427 -0.153335 -0.255123 -0.252133 0.33567 -72120.2 -74002.5 1882.27 -64884 1.20851 2505.62
16000 77.9324 -0.0963229 -0.25179 -0.253549 0.326512 -72199.5 -74057.7 1858.18 -64992.1 1.20786 2494.29
16100 78.3826 -0.0280648 -0.252868 -0.253752 0.340463 -72141.6 -74010.6 1868.92 -64924.2 1.20745 2496.92
16200 79.7624 0.0586334 -0.25167 -0.253699 0.373472 -71964.4 -73866.2 1901.82 -64727.5 1.20753 2503.87
16300 80.6014 0.140641 -0.254496 -0.256093 0.33448 -71954.6 -73876.5 1921.82 -64691.3 1.20746 2512.85
16400 79.3768 0.211716 -0.251851 -0.251517 0.331113 -72086.3 -73979 1892.62 -64886.1 1.20679 2489.61
16500 79.9882 0.0298694 -0.25329 -0.255575 0.37413 -72016.4 -73923.6 1907.2 -64774.8 1.20687 2504.06
16600 79.6286 -0.221813 -0.254316 -0.252153 0.358657 -72009.2 -73907.8 1898.62 -64782.2 1.20685 2498.97
16700 78.5473 -0.154824 -0.25258 -0.254091 0.317746 -72108.9 -73981.7 1872.84 -64864.9 1.20703 2505.24
16800 78.5057 -0.0858481 -0.252745 -0.25322 0.336929 -72134.8 -74006.7 1871.85 -64923.8 1.20711 2494
16900 78.8483 -0.00805274 -0.253463 -0.251348 0.339057 -72075.9 -73955.9 1880.02 -64872.9 1.2077 2492.42
17000 79.716 0.0735781 -0.255994 -0.254405 0.357489 -72034.5 -73935.2 1900.71 -64795.2 1.20804 2505.7
17100 79.7591 0.154364 -0.252215 -0.252506 0.334916 -72036.1 -73937.9 1901.74 -64821.4 1.20883 2498.79
17200 78.5961 0.224899 -0.255676 -0.252088 0.32858 -72105.3 -73979.3 1874.01 -64886.9 1.20904 2500.53
17300 78.4683 0.0881282 -0.25025 -0.254893 0.303625 -72193 -74063.9 1870.96 -64965.1 1.20917 2504.16
17400 78.9172 -0.235025 -0.254009 -0.253841 0.352107 -72116.2 -73997.9 1881.66 -64911.6 1.20951 2496.78
17500 79.0234 -0.161784 -0.252473 -0.249974 0.338173 -72103.7 -73987.9 1884.19 -64929.3 1.2092 2485.65
17600 78.8558 -0.0946243 -0.251887 -0.255415 0.321484 -72139.8 -74020 1880.2 -64912.3 1.20938 2504.39
17700 79.4995 -0.0175876 -0.255386 -0.252465 0.338166 -72116.9 -74012.5 1895.55 -64884.9 1.20885 2504.85
17800 79.1077 0.0566614 -0.251974 -0.255215 0.359925 -72110.6 -73996.8 1886.2 -64885.8 1.20864 2501.92
17900 80.0126 0.14421 -0.255636 -0.252394 0.354859 -72046.6 -73954.3 1907.78 -64809.7 1.20856 2505.95
18000 78.7404 0.207371 -0.248813 -0.253716 0.310107 -72178.8 -74056.2 1877.45 -64992.4 1.20789 2487.09
18100 78.6101 0.0608544 -0.256435 -0.25286 0.348244 -72129.7 -74004 1874.34 -64878.5 1.20729 2508.26
18200 78.6572 -0.230807 -0.251571 -0.254495 0.32093 -72173.5 -74049 1875.46 -64950.2 1.20669 2497.37
18300 79.16 -0.151061 -0.252933 -0.253254 0.343111 -72114.5 -74001.9 1887.45 -64870.2 1.2075 2506.29
18400 79.1739 -0.0738676 -0.25347 -0.255058 0.347351 -72089.3 -73977 1887.78 -64876.3 1.20781 2496.09
18500 79.3471 -0.000495427 -0.252956 -0.253136 0.328537 -72100.2 -73992.1 1891.91 -64881.3 1.20862 2499.83
18600 78.3982 0.0614751 -0.252704 -0.251766 0.305302 -72194.2 -74063.5 1869.29 -64996.3 1.2082 2491.72
18700 78.4252 0.127495 -0.251946 -0.254392 0.323135 -72213.4 -74083.3 1869.93 -64989.6 1.20841 2501.05
18800 79.2131 0.209712 -0.255675 -0.251755 0.353463 -72087.6 -73976.3 1888.72 -64867.6 1.20879 2500.52
18900 79.0072 0.0665343 -0.252706 -0.255216 0.326238 -72154.3 -74038.1 1883.81 -64920.6 1.2082 2504.06
19000 79.2329 -0.219315 -0.253859 -0.250776 0.328049 -72137 -74026.2 1889.19 -64941.4 1.20782 2490.1
19100 78.6442 -0.150627 -0.251993 -0.254385 0.32893 -72187.5 -74062.6 1875.15 -64944 1.2072 2505.39
19200 78.72 -0.0832294 -0.254608 -0.25202 0.300438 -72206.5 -74083.4 1876.96 -65006.4 1.20647 2488.88
19300 78.0291 -0.032498 -0.25437 -0.256081 0.314586 -72282 -74142.5 1860.49 -64981.3 1.2066 2523.97
19400 79.9561 0.0567189 -0.253565 -0.249912 0.351802 -72083.2 -73989.7 1906.43 -64889.9 1.20699 2487.79
19500 79.7977 0.135687 -0.252365 -0.252548 0.346414 -72086.3 -73988.9 1902.66 -64873.6 1.20661 2493.53
19600 82.5489 0.0458678 -0.2521 -0.256613 0.430615 -71710.8 -73679.1 1968.25 -64460.8 1.20792 2509.13
19700 82.5454 -0.187854 -0.253289 -0.254149 0.339909 -71748.8 -73716.9 1968.17 -64538.1 1.20847 2496.67
19800 79.033 -0.111387 -0.252208 -0.251993 0.320184 -72054.7 -73939.1 1884.42 -64854.7 1.20812 2492.22
19900 78.7592 -0.0250795 -0.254133 -0.253447 0.338536 -72107.6 -73985.5 1877.9 -64889.7 1.20869 2499.6
20000 78.613 0.0593069 -0.250192 -0.254843 0.344849 -72117.6 -73992 1874.41 -64880.4 1.20892 2506.8
20100 78.9527 0.150138 -0.254935 -0.252751 0.361076 -72049.4 -73931.9 1882.51 -64828.1 1.20896 2501.37
20200 78.8355 0.23187 -0.25141 -0.253123 0.358476 -72046.1 -73925.8 1879.71 -64873.4 1.20954 2485.81
20300 80.1337 -0.210823 -0.254744 -0.254485 0.366004 -71936.3 -73847 1910.67 -64680 1.2098 2515.25
20400 79.2054 -0.121431 -0.252242 -0.253307 0.350204 -71988.1 -73876.6 1888.53 -64770.8 1.20908 2500.21
20500 79.7382 -0.020499 -0.251818 -0.253725 0.37704 -71905.9 -73807.2 1901.24 -64699.7 1.20952 2497.31
20600 80.2329 0.0783333 -0.254461 -0.251142 0.342441 -71880.8 -73793.9 1913.03 -64678.7 1.20861 2494
20700 79.1855 0.163383 -0.252623 -0.255238 0.33928 -72002 -73890.1 1888.06 -64748.8 1.20854 2511.58
20800 79.1086 0.0873053 -0.252501 -0.253166 0.341163 -72007.8 -73894 1886.23 -64821.3 1.20889 2489.15
20900 80.4641 -0.167148 -0.254505 -0.255146 0.383684 -71884 -73802.6 1918.55 -64651.2 1.20993 2507.35
21000 79.8355 -0.0708775 -0.251487 -0.252924 0.335691 -71937 -73840.6 1903.56 -64724.7 1.20963 2499.63
21100 78.3074 0.00271631 -0.254509 -0.253004 0.314203 -72093.5 -73960.6 1867.12 -64865.8 1.20834 2502.3
21200 77.629 0.0574895 -0.252535 -0.253943 0.276788 -72245.2 -74096.1 1850.95 -65028.4 1.20791 2497.65
21300 77.8075 0.122686 -0.253193 -0.253431 0.305368 -72253.9 -74109.1 1855.2 -65028.9 1.2073 2499.21
21400 78.3598 0.195398 -0.252997 -0.253383 0.351651 -72193.8 -74062.1 1868.37 -64973 1.20739 2497.91
21500 79.1227 -0.188786 -0.2549 -0.254011 0.334111 -72094.9 -73981.4 1886.56 -64841.7 1.20827 2511.01
21600 78.496 -0.183579 -0.251348 -0.250612 0.308816 -72225.2 -74096.8 1871.62 -65058.8 1.20735 2479.12
21700 79.0939 -0.108385 -0.256835 -0.256037 0.31652 -72186.8 -74072.7 1885.88 -64875.5 1.20807 2530.89
21800 78.0755 -0.0559257 -0.250878 -0.252732 0.295361 -72316.1 -74177.7 1861.59 -65130.9 1.20713 2485.18
21900 78.7983 0.02519 -0.253573 -0.254455 0.343534 -72227 -74105.9 1878.83 -64993.8 1.20695 2501.35
22000 79.3183 0.10865 -0.253658 -0.252385 0.344028 -72159.9 -74051.1 1891.22 -64930.7 1.20624 2498.47
22100 78.9474 0.180683 -0.250998 -0.253564 0.34777 -72155.9 -74038.3 1882.38 -64938.3 1.20675 2495.53
22200 81.4308 -0.179159 -0.254548 -0.253756 0.398599 -71785.7 -73727.3 1941.6 -64566.8 1.20867 2499.89
22300 81.8162 -0.109628 -0.252329 -0.252539 0.351496 -71821.2 -73772 1950.78 -64614.2 1.20953 2497.58
22400 78.9571 -0.0295723 -0.253253 -0.254519 0.333432 -72053.6 -73936.3 1882.61 -64807.2 1.20914 2510.44
22500 78.4144 0.0583179 -0.254632 -0.252872 0.339278 -72047.9 -73917.6 1869.67 -64836.6 1.20838 2496.71
22600 77.946 0.117419 -0.253191 -0.254085 0.308299 -72170.8 -74029.3 1858.5 -64948.5 1.20803 2499.82
22700 77.6095 0.17221 -0.253091 -0.253503 0.313476 -72238.5 -74089 1850.48 -65000.5 1.20757 2504.26
22800 78.7326 0.00522168 -0.250528 -0.254027 0.336422 -72112 -73989.2 1877.26 -64918.8 1.20837 2490.46
22900 80.5249 -0.14391 -0.25439 -0.251937 0.379319 -71938.7 -73858.7 1919.99 -64704.1 1.20874 2505.6
23000 80.1172 -0.0549961 -0.251149 -0.255052 0.353886 -72000.3 -73910.6 1910.28 -64804.3 1.20927 2493.2
23100 78.8607 0.0129631 -0.254345 -0.253303 0.278485 -72162.5 -74042.8 1880.31 -64939.3 1.20901 2502.15
23200 77.8742 0.0769802 -0.251932 -0.254131 0.325266 -72246.9 -74103.7 1856.79 -65030.8 1.2085 2498.59
23300 80.6571 0.182014 -0.253453 -0.252619 0.402845 -71863.5 -73786.6 1923.15 -64640.8 1.20891 2501.75
23400 81.2526 -0.185019 -0.254583 -0.252406 0.390783 -71826.6 -73763.9 1937.35 -64618.8 1.20878 2496.31
23500 80.5362 -0.0872529 -0.250205 -0.253771 0.339186 -71913.8 -73834.1 1920.27 -64702.1 1.20957 2499.32
23600 79.2389 0.00955087 -0.254864 -0.25207 0.333266 -72014.5 -73903.8 1889.33 -64805.4 1.20992 2499.11
23700 77.8944 0.0745608 -0.253262 -0.255044 0.299293 -72183.9 -74041.1 1857.27 -64941.8 1.20998 2510.74
23800 78.6628 0.169079 -0.252568 -0.253946 0.36467 -72084.1 -73959.7 1875.6 -64873.5 1.20939 2498.57
23900 79.2309 -0.10436 -0.251333 -0.253476 0.356814 -71982.5 -73871.6 1889.14 -64792.9 1.20931 2491.11
24000 78.9672 -0.136252 -0.254918 -0.25355 0.313578 -72050.5 -73933.4 1882.85 -64832.3 1.20958 2501.63
24100 77.9491 -0.072119 -0.253261 -0.254729 0.305581 -72177.8 -74036.3 1858.58 -64946.8 1.2091 2505
24200 77.6676 -0.0179421 -0.253033 -0.253319 0.275286 -72268.7 -74120.6 1851.87 -65049.9 1.20873 2500.01
24300 77.5353 0.0281445 -0.253061 -0.252298 0.263972 -72371.3 -74220 1848.71 -65148.1 1.20831 2500.68
24400 77.8399 0.0899565 -0.253549 -0.253622 0.295149 -72351.9 -74207.9 1855.98 -65132.9 1.20739 2497.35
24500 78.2814 0.150755 -0.253263 -0.253799 0.29495 -72354 -74220.5 1866.5 -65107.5 1.20689 2505.8
24600 78.0985 0.201105 -0.253733 -0.252572 0.272547 -72405.9 -74268 1862.14 -65195.4 1.20594 2491.39
24700 78.5804 -0.0837741 -0.251958 -0.253105 0.319354 -72357.8 -74231.5 1873.63 -65106.3 1.2059 2505.49
24800 79.5546 -0.126946 -0.255048 -0.251297 0.348928 -72191.4 -74088.3 1896.86 -64971 1.20579 2494.51
24900 78.6179 -0.0679509 -0.251555 -0.25405 0.294318 -72296 -74170.5 1874.53 -65066.9 1.20603 2498
25000 78.9622 0.0129368 -0.254991 -0.255655 0.328278 -72240 -74122.8 1882.74 -64974.6 1.20611 2510.77
25100 78.6273 0.0860928 -0.251984 -0.251879 0.313038 -72238.1 -74112.8 1874.75 -65039.1 1.20578 2487.09
25200 78.4957 0.155241 -0.254509 -0.252269 0.317735 -72249.4 -74121 1871.61 -65007.7 1.20577 2501.88
25300 78.0171 0.207183 -0.254792 -0.252825 0.282716 -72332.9 -74193.1 1860.2 -65085.6 1.20558 2503.34
25400 77.9649 -0.0637927 -0.251987 -0.256524 0.303889 -72355.1 -74214.1 1858.96 -65082.3 1.20599 2513.01
25500 79.7183 -0.118364 -0.253142 -0.250426 0.344816 -72139.8 -74040.6 1900.76 -64943.5 1.20635 2487.34
25600 79.6118 -0.043464 -0.254906 -0.253938 0.327167 -72165.8 -74064 1898.22 -64915.3 1.2061 2505.63
25700 78.5933 0.025717 -0.251879 -0.255314 0.34774 -72216.6 -74090.6 1873.94 -64964.4 1.20649 2506.93
25800 80.565 0.137783 -0.253746 -0.254238 0.35881 -71952.7 -73873.6 1920.95 -64729.9 1.20741 2498.71
25900 79.5432 0.0265497 -0.251614 -0.250923 0.358419 -72035.5 -73932.1 1896.59 -64838.3 1.20836 2491.84
26000 79.6894 -0.150808 -0.253564 -0.252349 0.345914 -71988.3 -73888.4 1900.07 -64775.1 1.20923 2499.11
26100 79.9504 -0.0523507 -0.251542 -0.255157 0.365864 -71958.6 -73864.9 1906.3 -64744.1 1.20982 2500.96
26200 80.853 0.0572266 -0.255157 -0.253768 0.341836 -71890.2 -73818 1927.82 -64664.8 1.20897 2502.81
26300 78.1041 0.103602 -0.254486 -0.253107 0.26929 -72239.9 -74102.2 1862.28 -65002.2 1.20781 2504.67
26400 77.3488 0.146861 -0.251235 -0.252382 0.244226 -72388.7 -74233 1844.26 -65179.1 1.20685 2493.01
26500 77.4229 0.200889 -0.254421 -0.25408 0.276463 -72443 -74289.1 1846.03 -65187.9 1.20606 2507.02
26600 77.9747 -0.159747 -0.25294 -0.253938 0.340705 -72315.8 -74175 1859.19 -65085.6 1.20636 2499.08
26700 79.3407 -0.0893266 -0.252662 -0.254412 0.365753 -72154.5 -74046.2 1891.76 -64910.9 1.20649 2503.96
26800 83.9366 0.0621801 -0.250703 -0.253285 0.452323 -71606.3 -73607.7 2001.34 -64405.8 1.20879 2493.82
26900 84.187 0.18267 -0.253947 -0.253834 0.349908 -71616.8 -73624.1 2007.31 -64398.5 1.21001 2502.51
27000 78.7099 -0.190916 -0.25291 -0.25394 0.271206 -72114.9 -73991.7 1876.72 -64912.9 1.21024 2497.36
27100 78.2678 -0.0914172 -0.254578 -0.252052 0.327623 -72122 -73988.2 1866.18 -64896 1.21054 2506.27
27200 77.5578 -0.0287063 -0.254447 -0.253465 0.296617 -72274.5 -74123.8 1849.25 -65066.1 1.20978 2498.58
27300 78.4434 0.0625499 -0.250716 -0.255031 0.333248 -72170.5 -74040.8 1870.37 -64975.8 1.2107 2495.69
27400 78.0409 0.13212 -0.253703 -0.251581 0.280033 -72278.5 -74139.3 1860.77 -65068.5 1.21083 2501.31
27500 77.7806 0.148608 -0.253789 -0.254938 0.307222 -72298.2 -74152.8 1854.56 -65058.3 1.21116 2512.43
27600 80.2407 -0.119925 -0.250572 -0.253588 0.432048 -71922.8 -73836 1913.22 -64744.8 1.21105 2490.68
27700 85.0737 0.0525944 -0.252466 -0.252962 0.417943 -71471.3 -73499.8 2028.45 -64294 1.21229 2492.97
27800 80.02 0.124156 -0.253266 -0.252182 0.285951 -71980.7 -73888.6 1907.96 -64802.4 1.21203 2492.76
27900 77.396 0.187464 -0.255469 -0.25426 0.25472 -72246.2 -74091.6 1845.39 -65009.6 1.21127 2511.49
28000 77.3189 0.0166133 -0.252188 -0.25247 0.23586 -72381.6 -74225.2 1843.55 -65180 1.21109 2498.95
28100 77.2632 -0.176682 -0.252871 -0.254791 0.245873 -72418.6 -74260.8 1842.23 -65204.1 1.21049 2502.14
28200 77.4924 -0.118876 -0.254621 -0.250919 0.294981 -72422 -74269.7 1847.69 -65231.4 1.20926 2491.34
28300 77.5324 -0.0633194 -0.25092 -0.25498 0.297246 -72431.4 -74280 1848.64 -65228.1 1.20909 2495.41
28400 80.545 0.0705442 -0.252444 -0.256073 0.43033 -71953.3 -73873.7 1920.47 -64704.9 1.20951 2511.87
28500 84.8035 -0.063237 -0.252589 -0.25236 0.399445 -71538.2 -73560.2 2022.01 -64346.2 1.21075 2494.93
28600 79.8335 -0.130331 -0.253892 -0.254285 0.31106 -72015 -73918.5 1903.51 -64780.8 1.21 2507.97
28700 77.3868 -0.0674856 -0.251107 -0.25356 0.285964 -72247.6 -74092.8 1845.17 -65062.4 1.20934 2489.63
28800 77.2751 -0.00390607 -0.254961 -0.252235 0.297571 -72287.8 -74130.3 1842.51 -65065.4 1.20862 2501.09
28900 78.5051 0.0852244 -0.250703 -0.253287 0.363974 -72144.2 -74016 1871.84 -64944.4 1.20869 2493.31
29000 81.5641 -0.0479283 -0.252817 -0.255531 0.424475 -71727.9 -73672.7 1944.77 -64489.9 1.21002 2509.35
29100 82.4832 -0.0634364 -0.251824 -0.252166 0.334278 -71702.2 -73668.9 1966.69 -64505 1.20976 2494.64
29200 78.6295 0.00728977 -0.25494 -0.252015 0.303555 -72078.8 -73953.6 1874.8 -64852.7 1.20861 2502.32
29300 77.3649 0.0510633 -0.255572 -0.253768 0.234299 -72328.3 -74172.9 1844.65 -65083.6 1.20784 2507.16
29400 77.8656 0.10576 -0.250554 -0.253625 0.280851 -72360.4 -74217 1856.59 -65159.3 1.20705 2490.41
29500 78.1044 0.0504348 -0.251735 -0.254904 0.325031 -72310.3 -74172.6 1862.28 -65068.9 1.20704 2504.34
29600 80.1448 -0.0900752 -0.252886 -0.25245 0.412261 -71942.7 -73853.6 1910.93 -64745.3 1.20854 2492.17
29700 83.154 0.0650103 -0.254529 -0.253966 0.403078 -71617.6 -73600.3 1982.68 -64389.1 1.21015 2506.33
29800 82.1036 0.0457722 -0.251929 -0.253248 0.387467 -71687.5 -73645.1 1957.64 -64485.8 1.21016 2497.01
29900 84.1489 -0.036409 -0.252357 -0.255111 0.428339 -71424.5 -73430.9 2006.4 -64217.6 1.21149 2501.61
30000 82.8638 0.117442 -0.252876 -0.253816 0.349943 -71556.9 -73532.6 1975.76 -64357.4 1.21211 2500.32
30100 78.7193 -0.042268 -0.25303 -0.253386 0.30542 -71949.8 -73826.8 1876.94 -64752.5 1.21259 2500.55
30200 78.4848 -0.0852231 -0.254572 -0.251579 0.336784 -71967.4 -73838.8 1871.35 -64781.8 1.21289 2497.15
30300 77.8822 -0.00241269 -0.253204 -0.254333 0.307384 -72105.9 -73962.9 1856.98 -64889.6 1.21288 2507.68
30400 77.5859 0.0725644 -0.251913 -0.252877 0.286121 -72217 -74066.9 1849.92 -65066.8 1.21253 2484.11
30500 77.6622 0.144953 -0.253439 -0.256395 0.305189 -72259 -74110.8 1851.74 -65003.2 1.21176 2519.18
30600 77.4088 -0.151521 -0.253327 -0.250938 0.29653 -72282.9 -74128.6 1845.7 -65099.4 1.211 2492.52
30700 77.8281 -0.109663 -0.254101 -0.254737 0.303234 -72279.5 -74135.2 1855.69 -65065.8 1.21054 2502.02
30800 77.6399 -0.0425428 -0.255977 -0.250985 0.302915 -72339.7 -74190.9 1851.21 -65107.6 1.21018 2507.64
30900 77.4387 0.00124834 -0.251121 -0.254322 0.262832 -72449.5 -74295.9 1846.41 -65259.8 1.20957 2491.65
31000 77.3709 0.0681303 -0.253369 -0.254842 0.299354 -72416.3 -74261.1 1844.79 -65191.7 1.20999 2504.65
31100 77.7388 0.133291 -0.253642 -0.253952 0.3025 -72396.6 -74250.2 1853.57 -65174.8 1.20913 2501.87
31200 77.548 0.110234 -0.252807 -0.252359 0.254811 -72491 -74340.1 1849.02 -65278.4 1.20796 2496.31
31300 78.0432 -0.158072 -0.251389 -0.252563 0.29529 -72435.4 -74296.2 1860.82 -65228.4 1.20809 2494.59
31400 79.3621 -0.0653097 -0.254249 -0.252655 0.339076 -72256.1 -74148.3 1892.27 -65033.9 1.20805 2499.79
31500 81.1942 0.0568554 -0.253495 -0.255079 0.398409 -71985.7 -73921.6 1935.95 -64757.9 1.20776 2501.16
31600 81.0508 0.0952724 -0.253248 -0.251122 0.387284 -71906.4 -73839 1932.53 -64684.3 1.20776 2499.18
31700 82.2149 -0.0750198 -0.254477 -0.25392 0.399084 -71664 -73624.3 1960.29 -64445.1 1.21022 2503.15
31800 81.6415 0.0512345 -0.255529 -0.253804 0.36666 -71733.9 -73680.6 1946.62 -64509 1.2117 2508.37
31900 78.8797 0.107843 -0.250493 -0.252565 0.309708 -72036.6 -73917.4 1880.77 -64849 1.21174 2495.39
32000 79.2411 -0.130071 -0.25339 -0.254242 0.350284 -71938.2 -73827.6 1889.38 -64751.5 1.21102 2493.6
32100 78.8815 -0.0284654 -0.253472 -0.252455 0.365338 -71981.8 -73862.6 1880.81 -64775.3 1.21071 2499.81
32200 79.1464 0.083258 -0.252496 -0.254046 0.336229 -71976.5 -73863.6 1887.13 -64791.8 1.21152 2493.96
32300 77.9604 0.148602 -0.25478 -0.254322 0.277179 -72199.5 -74058.4 1858.85 -64950 1.21165 2516.79
32400 77.8235 -0.113045 -0.254035 -0.252159 0.291131 -72244.9 -74100.5 1855.58 -65035.4 1.21066 2500.79
32500 77.7533 -0.105506 -0.25197 -0.253095 0.293989 -72343.1 -74197.1 1853.91 -65175.4 1.20973 2484.42
32600 78.2793 -0.0212461 -0.254029 -0.253825 0.299458 -72321.3 -74187.8 1866.45 -65079.2 1.20964 2510.03
32700 77.8746 0.0413939 -0.251733 -0.253942 0.270259 -72396 -74252.8 1856.8 -65199.4 1.2102 2495.32
32800 78.0713 0.113557 -0.255354 -0.250549 0.318229 -72349 -74210.5 1861.49 -65143 1.20952 2497.26
32900 78.8869 0.0287256 -0.25226 -0.255688 0.315557 -72317.5 -74198.4 1880.94 -65088.2 1.20882 2503.84
33000 77.9329 -0.146353 -0.251369 -0.252791 0.248684 -72423.1 -74281.3 1858.19 -65228.5 1.20825 2490.66
33100 77.9027 -0.068783 -0.254109 -0.253742 0.328128 -72330.2 -74187.7 1857.47 -65095 1.20841 2505.05
33200 80.4125 0.0431187 -0.25381 -0.253642 0.406826 -72032.3 -73949.6 1917.32 -64785.6 1.20841 2509.02
33300 81.505 0.0433332 -0.253818 -0.251918 0.374271 -71854.9 -73798.2 1943.36 -64655.5 1.20873 2493.27
33400 79.2089 -0.145764 -0.25086 -0.253799 0.275762 -72126.6 -74015.2 1888.62 -64918.9 1.20876 2496.26
33500 78.6296 -0.0392314 -0.253305 -0.254191 0.362186 -72089.2 -73964 1874.8 -64860.9 1.20918 2504.24
33600 80.9421 0.109302 -0.253109 -0.252807 0.40176 -71775.3 -73705.3 1929.94 -64577.7 1.21025 2495.86
33700 79.707 -0.0108094 -0.253041 -0.252678 0.267119 -72007.5 -73908 1900.49 -64814.7 1.21046 2494.58
33800 77.4549 -0.133506 -0.25489 -0.255221 0.266122 -72270.7 -74117.5 1846.8 -65024.3 1.21049 2513.35
33900 78.0277 -0.0600773 -0.249255 -0.253201 0.309675 -72223.6 -74084.1 1860.45 -65051.7 1.2091 2484.57
34000 81.272 0.0500414 -0.249296 -0.257746 0.429609 -71751.1 -73688.9 1937.81 -64510.6 1.20924 2508.6
34100 92.6085 0.00796414 -0.25092 -0.254427 0.47647 -70793.3 -73001.4 2208.11 -63609.8 1.21102 2492.46
34200 91.4596 -0.0894394 -0.252951 -0.253259 0.355179 -70914.7 -73095.4 2180.72 -63712.8 1.21343 2503.85
34300 81.068 0.0166278 -0.252762 -0.25377 0.338664 -71698.8 -73631.7 1932.95 -64498.5 1.21242 2501.32
34400 77.787 0.113527 -0.251537 -0.253583 0.312828 -72011.2 -73865.9 1854.71 -64815.1 1.21232 2499.56
34500 78.2897 -0.103146 -0.255494 -0.253444 0.331367 -71980.2 -73846.9 1866.7 -64768.4 1.21215 2504.69
34600 77.4384 -0.0162434 -0.252872 -0.253728 0.322339 -72154.8 -74001.2 1846.4 -64944.8 1.21119 2502.07
34700 77.6321 0.0870027 -0.25046 -0.253904 0.309933 -72164.7 -74015.7 1851.02 -64997.5 1.21136 2487.55
34800 78.8893 -0.0413129 -0.253025 -0.254451 0.394715 -71970.3 -73851.3 1881 -64731.7 1.21149 2512.58
34900 79.2503 0.0168768 -0.253879 -0.251933 0.348817 -71887.6 -73777.2 1889.6 -64695.5 1.21188 2497.28
35000 77.2624 0.0695932 -0.25518 -0.254617 0.260075 -72243.1 -74085.3 1842.21 -65021.9 1.21168 2506.96
35100 77.024 0.128165 -0.253057 -0.252487 0.24165 -72359.4 -74195.9 1836.52 -65184.2 1.21086 2489.28
35200 77.3265 -0.029378 -0.252749 -0.251978 0.2407 -72476.5 -74320.3 1843.74 -65263.1 1.20941 2499.6
35300 77.3371 -0.112279 -0.251733 -0.25638 0.276526 -72461.9 -74305.9 1843.99 -65216.7 1.20936 2510.46
35400 77.1243 -0.031318 -0.252839 -0.25401 0.306416 -72442.4 -74281.3 1838.91 -65227.9 1.20871 2498.56
35500 78.0655 0.0690923 -0.253113 -0.252914 0.364608 -72273.1 -74134.4 1861.36 -65066.3 1.20894 2496.42
35600 78.7771 -0.0607957 -0.251721 -0.253026 0.36759 -72144.6 -74022.9 1878.32 -64941.9 1.20914 2495.28
35700 81.2436 -0.00985885 -0.251704 -0.2557 0.454185 -71773.4 -73710.5 1937.13 -64546.1 1.20965 2504.86
35800 88.1084 -0.0526419 -0.251691 -0.25172 0.42467 -71186.5 -73287.4 2100.81 -64007.5 1.21138 2491.68
35900 83.097 0.0434776 -0.254586 -0.253079 0.324739 -71587.3 -73568.6 1981.32 -64374.9 1.21154 2503.6
36000 77.7182 0.113668 -0.250955 -0.253948 0.25133 -72138.1 -73991.2 1853.07 -64951.1 1.21081 2493.3
36100 77.5596 -0.126137 -0.255511 -0.253811 0.286187 -72254.1 -74103.4 1849.29 -65043.9 1.21011 2499.9
36200 77.8993 -0.0516371 -0.254103 -0.255086 0.336594 -72227.8 -74085.2 1857.39 -64964.2 1.20948 2517.09
36300 78.2437 0.0738422 -0.252794 -0.254327 0.371045 -72088.7 -73954.3 1865.6 -64872.3 1.20937 2500.53
36400 79.6063 -0.0733634 -0.25237 -0.252201 0.370386 -71891.8 -73789.8 1898.09 -64700.6 1.20944 2491.95
36500 78.1665 -0.0227051 -0.251496 -0.251485 0.328157 -72063.9 -73927.7 1863.76 -64867 1.20854 2492.04
36600 78.4178 0.0876404 -0.253766 -0.253878 0.325279 -72083.5 -73953.2 1869.75 -64840.4 1.20841 2507.78
36700 77.5821 0.082795 -0.252507 -0.255026 0.278843 -72256 -74105.9 1849.83 -65028.8 1.20804 2501.52
36800 77.7331 -0.0874607 -0.253711 -0.25194 0.290086 -72276.6 -74130 1853.43 -65038.9 1.20676 2502.48
36900 77.8563 -0.0104706 -0.253353 -0.253461 0.312777 -72296.7 -74153.1 1856.37 -65061.5 1.20537 2498.75
37000 78.3537 0.09375 -0.254889 -0.252427 0.343273 -72213.9 -74082.1 1868.23 -64978.9 1.20526 2498.42
37100 78.7023 -0.0263402 -0.251317 -0.255262 0.340341 -72204.8 -74081.4 1876.54 -64963.7 1.20578 2501.59
37200 79.3463 -0.0268504 -0.252886 -0.254474 0.356536 -72094.8 -73986.7 1891.89 -64862.4 1.20608 2499.25
37300 80.3596 0.101574 -0.256446 -0.250747 0.389163 -71941.3 -73857.3 1916.05 -64684.4 1.20636 2508.32
37400 78.7833 0.00430354 -0.250175 -0.254163 0.288562 -72227.8 -74106.3 1878.47 -65022.5 1.20554 2488.88
37500 77.8864 -0.082199 -0.253739 -0.25352 0.31439 -72264.6 -74121.6 1857.08 -65028.9 1.20497 2498.1
37600 77.5114 -0.0338338 -0.251605 -0.255857 0.285378 -72411 -74259.1 1848.14 -65138 1.2045 2509.98
37700 79.2324 0.0946552 -0.254256 -0.252588 0.369376 -72133.5 -74022.7 1889.18 -64900.8 1.20461 2496.27
37800 79.8157 -0.0346658 -0.253791 -0.251682 0.396094 -71965.5 -73868.6 1903.09 -64734 1.20529 2497.29
37900 79.3936 -0.0565346 -0.251858 -0.25331 0.228513 -72188 -74081 1893.02 -64957.4 1.2057 2497.85
38000 78.001 0.0265687 -0.25506 -0.254541 0.317996 -72249.8 -74109.6 1859.82 -64984.3 1.20523 2508.9
38100 78.3566 0.0914488 -0.250402 -0.25192 0.320717 -72261.1 -74129.4 1868.29 -65048.8 1.20468 2489.4
38200 81.0802 -0.047948 -0.253319 -0.254126 0.427488 -71845.7 -73779 1933.24 -64611.5 1.20541 2498.5
38300 84.716 0.126774 -0.253024 -0.253612 0.356778 -71626.2 -73646.1 2019.93 -64398.2 1.20661 2498.85
38400 78.8328 -0.111908 -0.253498 -0.253622 0.318807 -72068.2 -73947.9 1879.65 -64814.2 1.20632 2507.23
38500 78.8763 0.029925 -0.252162 -0.252426 0.387207 -71944.4 -73825.1 1880.69 -64733.8 1.20693 2493.49
38600 79.9534 0.00189226 -0.254048 -0.255511 0.344778 -71921.8 -73828.1 1906.37 -64679.4 1.20804 2506.74
38700 79.2789 -0.0458425 -0.254657 -0.25198 0.330294 -72031.2 -73921.5 1890.29 -64812.4 1.20846 2499.43
38800 77.146 -0.0139075 -0.252459 -0.252939 0.215391 -72391.5 -74230.9 1839.43 -65183.8 1.20787 2494.35
38900 77.7841 0.0650332 -0.254742 -0.252527 0.298714 -72346.3 -74200.9 1854.64 -65112.9 1.2082 2503.94
39000 77.4526 0.0906357 -0.25037 -0.255051 0.246266 -72479.7 -74326.4 1846.74 -65268.7 1.2078 2495.44
39100 78.3035 -0.0894496 -0.254173 -0.25414 0.332605 -72306 -74173.1 1867.03 -65085.4 1.20784 2498.84
39200 77.7201 -0.0142777 -0.254227 -0.251644 0.298602 -72357.9 -74211 1853.12 -65124.1 1.20783 2503.36
39300 77.4249 0.0239437 -0.251807 -0.253909 0.255108 -72513.4 -74359.5 1846.08 -65276.2 1.2067 2502.16
39400 77.7406 0.0660536 -0.253759 -0.254152 0.220764 -72555.7 -74409.3 1853.61 -65311.7 1.20577 2502.62
39500 77.7037 0.0690676 -0.25274 -0.253475 0.283615 -72565.2 -74417.9 1852.73 -65318.1 1.20479 2501.59
39600 79.4713 -0.0606273 -0.252275 -0.255511 0.393378 -72208.4 -74103.3 1894.87 -64967.2 1.20539 2500.85
39700 82.0341 0.097171 -0.253372 -0.249472 0.407414 -71814.7 -73770.7 1955.98 -64620.1 1.20608 2486.18
39800 79.4046 -0.0260745 -0.254177 -0.25571 0.307095 -72121.6 -74014.9 1893.28 -64856.8 1.20581 2509.89
39900 79.3149 -0.00675415 -0.254408 -0.252776 0.378561 -72012.3 -73903.5 1891.14 -64771.7 1.20661 2503.18
40000 78.6786 0.0865382 -0.253865 -0.25303 0.2954 -72135.9 -74011.9 1875.97 -64894.9 1.20651 2503.09
40100 77.6642 0.0400169 -0.252131 -0.253829 0.242816 -72345.2 -74196.9 1851.79 -65118.2 1.20645 2498.08
40200 77.6851 -0.0942526 -0.252859 -0.252891 0.276099 -72398.9 -74251.2 1852.29 -65181.2 1.20642 2494.85
40300 77.787 -0.0177776 -0.253431 -0.25263 0.270051 -72450.3 -74305 1854.71 -65235.5 1.20573 2492.43
40400 77.9673 0.0768193 -0.253756 -0.255129 0.326672 -72367.8 -74226.8 1859.01 -65092.1 1.20655 2515.21
40500 79.2924 -0.0749635 -0.254843 -0.252487 0.380531 -72141.5 -74032.1 1890.61 -64905.1 1.20683 2502.16
40600 79.4323 -0.0275642 -0.24931 -0.251974 0.302729 -72201.4 -74095.3 1893.94 -65010 1.20656 2486.07
40700 84.1795 -0.00908767 -0.254868 -0.254848 0.470533 -71583.5 -73590.6 2007.13 -64345.3 1.20794 2505.12
40800 84.2081 0.0467848 -0.254493 -0.252757 0.341388 -71573.7 -73581.5 2007.82 -64344 1.20987 2506.16
40900 80.9425 0.0156069 -0.250472 -0.254194 0.408354 -71691.8 -73621.8 1929.95 -64501.2 1.2103 2493.49
41000 84.0448 0.0467343 -0.251552 -0.254916 0.367856 -71446.8 -73450.7 2003.92 -64261.6 1.21178 2494.71
41100 80.0545 -0.0443353 -0.253749 -0.253758 0.336504 -71832.5 -73741.3 1908.78 -64614.4 1.21168 2505.92
41200 80.2836 -0.00621242 -0.253908 -0.252688 0.384016 -71764.8 -73679 1914.24 -64550.3 1.21196 2505.24
41300 77.6644 -0.0891035 -0.251514 -0.25481 0.257439 -72138.6 -73990.4 1851.79 -64962.8 1.21253 2492.96
41400 78.6818 0.041295 -0.252799 -0.252417 0.36715 -72030.5 -73906.6 1876.05 -64852.6 1.2122 2493
41500 79.9839 0.000732109 -0.254655 -0.252329 0.408092 -71823.4 -73730.5 1907.1 -64612.1 1.21247 2505.17
41600 80.4988 0.0611518 -0.252002 -0.255441 0.321609 -71873.3 -73792.7 1919.37 -64651.4 1.21197 2507.8
41700 77.8602 0.00996141 -0.253486 -0.253384 0.293995 -72159.8 -74016.3 1856.46 -64954.8 1.21175 2501.47
41800 78.2769 -0.0182496 -0.25158 -0.253067 0.311132 -72170 -74036.4 1866.39 -64989.4 1.21164 2492.83
41900 77.9325 0.0510472 -0.25184 -0.255108 0.337912 -72194.2 -74052.4 1858.18 -65006.5 1.21131 2494.58
42000 80.3175 -0.0127793 -0.253694 -0.253284 0.40231 -71869.2 -73784.2 1915.05 -64651.9 1.21146 2505.15
42100 80.4227 -0.0265754 -0.254416 -0.253381 0.363023 -71841.7 -73759.3 1917.56 -64631.4 1.21141 2502.63
42200 78.2588 -0.0490929 -0.253123 -0.252796 0.301015 -72107.2 -73973.1 1865.96 -64913.1 1.21091 2495.98
42300 78.0134 0.0401082 -0.25236 -0.254148 0.294704 -72235.2 -74095.3 1860.11 -65006.4 1.21029 2506.71
42400 78.1491 -0.0259716 -0.251619 -0.254288 0.339978 -72177.4 -74040.7 1863.35 -64981.2 1.2088 2492.29
42500 80.5077 0.0273547 -0.255051 -0.254822 0.409174 -71925.7 -73845.3 1919.58 -64682.8 1.20867 2508.28
42600 81.2701 -0.0703866 -0.250924 -0.253736 0.371443 -71823.7 -73761.4 1937.76 -64606.7 1.20971 2501.43
42700 82.4659 -0.0156902 -0.254326 -0.252827 0.406615 -71602.8 -73569.1 1966.28 -64398.7 1.20935 2496.21
42800 81.198 0.0119698 -0.250304 -0.254358 0.361796 -71774.3 -73710.4 1936.04 -64579.1 1.20966 2493.78
42900 80.6182 -0.082329 -0.256307 -0.252101 0.349008 -71827.3 -73749.5 1922.22 -64590.4 1.21132 2511.65
43000 78.3514 -0.00263777 -0.249781 -0.252736 0.293946 -72119.1 -73987.3 1868.17 -64961.1 1.21026 2482.18
43100 77.4165 0.0730404 -0.255721 -0.25266 0.257474 -72318.4 -74164.3 1845.88 -65076.8 1.20957 2509.73
43200 77.0659 0.00901118 -0.253408 -0.255121 0.246908 -72420.8 -74258.3 1837.52 -65202.4 1.20846 2499.3
43300 77.2426 -0.0872869 -0.252391 -0.254361 0.254203 -72499.5 -74341.2 1841.73 -65250.3 1.20654 2506.05
43400 77.7128 0.00581818 -0.252753 -0.253434 0.305426 -72445.9 -74298.9 1852.95 -65226.8 1.20555 2493.61
43500 77.5587 0.10046 -0.253549 -0.251995 0.294671 -72445.3 -74294.6 1849.27 -65210.4 1.20535 2498.58
43600 78.0493 -0.0670126 -0.254065 -0.253985 0.302335 -72398.9 -74259.9 1860.97 -65144.7 1.20571 2505.98
43700 77.2269 -0.0493617 -0.253421 -0.251068 0.246515 -72553.1 -74394.5 1841.36 -65338.2 1.20524 2491.5
43800 77.3349 -0.0113735 -0.252645 -0.254828 0.234376 -72631.2 -74475.2 1843.93 -65376 1.20496 2504.8
43900 77.8082 0.0640403 -0.255308 -0.253658 0.293408 -72543.2 -74398.4 1855.22 -65277.9 1.20519 2508.76
44000 80.1049 -0.0330484 -0.252117 -0.252535 0.344662 -72249.5 -74159.5 1909.98 -65028.4 1.20536 2493.85
44100 79.7786 0.0232432 -0.251898 -0.255773 0.385439 -72147.6 -74049.8 1902.2 -64910.3 1.20549 2499.68
44200 83.5117 -0.0159707 -0.252283 -0.253147 0.439006 -71647.9 -73639.1 1991.21 -64434.7 1.20709 2494.71
44300 81.7467 0.118479 -0.253366 -0.252397 0.301978 -71856.2 -73805.3 1949.13 -64663.5 1.20817 2489.85
44400 77.8459 -0.094561 -0.254303 -0.254535 0.234777 -72292.8 -74148.9 1856.12 -65012.8 1.20739 2518.5
44500 77.1972 -0.0129539 -0.252342 -0.25206 0.294998 -72362.8 -74203.4 1840.65 -65152.3 1.20677 2493.1
44600 77.5829 0.0604722 -0.252128 -0.255032 0.316188 -72292.9 -74142.7 1849.85 -65064.2 1.20679 2499.42
44700 79.8583 -0.0252987 -0.256037 -0.251971 0.347224 -72043.6 -73947.7 1904.1 -64802.4 1.20718 2504.55
44800 77.3058 -0.000959025 -0.251848 -0.25452 0.213454 -72440.1 -74283.4 1843.24 -65215.7 1.20606 2496.5
44900 77.3064 0.0617848 -0.25523 -0.251867 0.257555 -72489.6 -74332.8 1843.25 -65227.9 1.20567 2508.48
45000 77.3094 0.0243934 -0.250279 -0.253394 0.247157 -72573.3 -74416.6 1843.33 -65362.7 1.2051 2489.64
45100 78.7513 -0.0486447 -0.254311 -0.253956 0.273758 -72400 -74277.7 1877.71 -65156.4 1.20497 2500.81
45200 78.235 0.0373168 -0.254603 -0.253765 0.333632 -72414 -74279.4 1865.4 -65157.8 1.20422 2503.64
45300 78.9133 -0.00407884 -0.251132 -0.250363 0.340907 -72276 -74157.5 1881.57 -65089.5 1.20441 2479.97
45400 78.7789 -0.0227215 -0.254584 -0.256144 0.292489 -72301.4 -74179.7 1878.37 -65005.3 1.20505 2519.2
45500 77.9683 0.0455841 -0.250982 -0.25098 0.31552 -72389.3 -74248.4 1859.04 -65177.1 1.20555 2491.2
45600 80.0733 -0.0669484 -0.25346 -0.255968 0.384356 -72087.9 -73997.1 1909.23 -64837.2 1.20648 2506.46
45700 81.6616 0.0735746 -0.254162 -0.251936 0.374476 -71848 -73795.1 1947.1 -64606.3 1.20686 2504.05
45800 79.2649 -0.0893887 -0.254335 -0.253571 0.24253 -72196.2 -74086.2 1889.95 -64973.9 1.20601 2495.62
45900 76.9602 -0.0723789 -0.251262 -0.252991 0.207154 -72530 -74365 1835 -65315.9 1.20565 2492.05
46000 77.2985 -0.0191618 -0.254358 -0.25332 0.22034 -72586.7 -74429.8 1843.07 -65338.5 1.20587 2504.29
46100 77.56 0.0652154 -0.250227 -0.253184 0.298394 -72537 -74386.3 1849.3 -65316.2 1.20554 2494.11
46200 79.8106 -0.0428571 -0.255541 -0.254633 0.398824 -72183 -74086 1902.96 -64927.2 1.20633 2507.92
46300 80.2424 0.0328645 -0.253014 -0.253691 0.390972 -72059.7 -73973 1913.26 -64845.6 1.2068 2494.41
46400 80.9989 0.00643859 -0.253232 -0.251046 0.399404 -71870.8 -73802.1 1931.3 -64639.1 1.20696 2500.81
46500 79.696 -0.0175661 -0.253553 -0.255792 0.305127 -72033.1 -73933.3 1900.23 -64785.3 1.20672 2505.86
46600 77.3137 -0.0896061 -0.252735 -0.251223 0.238096 -72386.8 -74230.2 1843.43 -65158.4 1.20506 2495.7
46700 77.5794 -0.0214132 -0.253051 -0.254262 0.257006 -72441.9 -74291.7 1849.76 -65198.2 1.20449 2499.91
46800 77.8062 0.0227642 -0.253402 -0.254656 0.334288 -72346.1 -74201.3 1855.17 -65084.5 1.20458 2506.2
46900 79.0563 -0.0341833 -0.252104 -0.252166 0.380241 -72146.9 -74031.9 1884.98 -64918.2 1.20531 2496.37
47000 80.6129 0.0856582 -0.255159 -0.253299 0.315094 -72015.4 -73937.5 1922.09 -64780.5 1.20632 2500.69
47100 78.0753 -0.0731006 -0.253042 -0.252615 0.278311 -72331.9 -74193.5 1861.59 -65100.8 1.20578 2498.18
47200 78.0208 0.0214991 -0.252794 -0.253273 0.32284 -72300.8 -74161.1 1860.29 -65069.8 1.20594 2498.44
47300 79.1 -0.0375981 -0.253174 -0.25465 0.356046 -72138.4 -74024.4 1886.02 -64880.4 1.20643 2508.8
47400 82.9532 0.00355527 -0.253232 -0.251704 0.45448 -71649.6 -73627.5 1977.89 -64468.7 1.20699 2483.3
47500 87.8491 -0.0283693 -0.255584 -0.254322 0.393105 -71210.8 -73305.4 2094.63 -63952.7 1.20837 2512.88
47600 78.8545 -0.0850669 -0.251722 -0.252987 0.155738 -72090.5 -73970.6 1880.17 -64864 1.20677 2498.6
47700 77.2253 -0.043338 -0.253883 -0.253349 0.191472 -72380.4 -74221.7 1841.32 -65136 1.20533 2501.83
47800 77.1768 0.0155153 -0.253657 -0.254631 0.19933 -72463.5 -74303.7 1840.16 -65221.1 1.20504 2500.54
47900 76.9433 0.0558523 -0.251912 -0.252467 0.199284 -72581.2 -74415.8 1834.6 -65367.9 1.20481 2490.04
48000 77.2632 0.00594264 -0.253948 -0.25436 0.261898 -72540.9 -74383.1 1842.22 -65271.3 1.20429 2508.39
