# Time-averaged data for fix printave
# TimeStep v_temp v_strain v_sigmayy v_sigmazz v_sigmayz v_etotal v_pe v_ke v_enthalpy v_density v_press
100 77.2112 0.025 0.00212644 0.00145553 0.139866 -74582 -76423 1840.98 -74633.5 1.19176 -15.4606
200 77.609 0.075 0.00132945 -0.00136853 0.36223 -74251.7 -76102.2 1850.47 -74269.2 1.19134 -5.8962
300 77.7382 0.125 -0.00119643 0.00162176 0.492513 -73770.9 -75624.4 1853.55 -73757.7 1.19135 4.56408
400 78.5716 0.175 0.00138814 -0.00166448 0.52022 -73262.2 -75135.6 1873.42 -73260 1.19116 0.817885
500 79.0341 0.225 0.00254043 -0.00216059 0.512382 -72842.5 -74726.9 1884.45 -72858 1.19026 -5.24449
600 79.462 0.275 -0.000220234 0.00241539 0.46603 -72559.4 -74454 1894.65 -72567.8 1.18936 -2.75674
700 79.4203 0.325 0.000813184 -0.00411191 0.439524 -72373 -74266.7 1893.66 -72339.1 1.18764 11.5903
800 79.4241 0.375 0.00151519 0.000425247 0.398726 -72278.1 -74171.9 1893.75 -72268.8 1.18656 3.21731
900 79.594 0.425 -0.000744806 0.000641862 0.374343 -72250.3 -74148.1 1897.8 -72260.4 1.18489 -3.39703
1000 78.781 0.267515 0.00149811 0.000510707 0.370439 -72228.7 -74107.1 1878.41 -72255.1 1.1829 -8.92203
1100 78.9245 -0.452084 0.00255224 -0.000899407 0.374324 -72172.5 -74054.3 1881.84 -72168.7 1.18109 1.35997
1200 78.8682 -0.400291 -0.000793356 -0.000208766 0.352471 -72142.8 -74023.2 1880.49 -72136.8 1.17957 2.02868
1300 79.2624 -0.348523 0.00138527 -0.000189895 0.349385 -72132 -74021.9 1889.89 -72132 1.17774 0.0246363
1400 78.6953 -0.295412 -0.00103931 0.000312171 0.348664 -72113.7 -73990.1 1876.37 -72121.5 1.17638 -2.59579
1500 78.9683 -0.243227 -0.000364213 -0.000558497 0.347283 -72061.4 -73944.3 1882.88 -72053.3 1.17575 2.78657
1600 79.5255 -0.190735 -0.00187903 0.00039921 0.339712 -72076.4 -73972.5 1896.17 -72054.6 1.17416 7.35464
1700 78.9181 -0.138983 0.00214263 -0.00131762 0.344351 -72100.5 -73982.1 1881.68 -72106.3 1.17217 -1.90714
1800 79.1755 -0.085727 -0.00221027 0.000993079 0.347864 -72080.1 -73967.9 1887.82 -72061.7 1.17119 6.19941
1900 79.0525 -0.0340806 0.00266914 0.000170987 0.345839 -72096.7 -73981.6 1884.89 -72132.8 1.17071 -12.0612
2000 79.0929 0.0200442 0.000327747 -0.00249859 0.351974 -72073 -73958.9 1885.85 -72041.3 1.17001 10.6575
2100 79.3137 0.074668 -0.000271568 4.13544e-06 0.357954 -72031.3 -73922.4 1891.12 -72023.1 1.17015 2.78381
2200 79.3991 0.12698 -0.000108546 4.66643e-05 0.353032 -72060.1 -73953.3 1893.15 -72061.1 1.16936 -0.301574
2300 79.0917 0.180081 0.00160695 0.000840382 0.360177 -72046 -73931.9 1885.82 -72063.9 1.16803 -5.95147
2400 79.5674 0.233432 -0.000305322 -0.000618957 0.338423 -72058.7 -73955.9 1897.17 -72059.6 1.16723 -0.262255
2500 78.7797 0.286115 0.000273296 0.00124208 0.347331 -72097.8 -73976.1 1878.38 -72107.3 1.16602 -3.1791
2600 79.3472 0.338945 0.000271185 -0.000119244 0.354508 -72081.3 -73973.2 1891.92 -72080.1 1.16505 0.437912
2700 78.9933 0.391138 -0.000594231 -0.00116602 0.353928 -72098.4 -73981.9 1883.48 -72087.8 1.16484 3.58239
2800 79.0338 0.341412 -0.00163498 -0.0015228 0.372934 -72042.3 -73926.7 1884.44 -72014.2 1.1644 9.45873
2900 79.556 -0.429915 0.000613676 0.000792177 0.35608 -72029.9 -73926.8 1896.89 -72040.2 1.1643 -3.36638
3000 79.7679 -0.369885 0.00252765 0.00132698 0.367786 -72016.1 -73918 1901.95 -72049.2 1.16471 -10.9592
3100 79.0413 -0.31614 -0.000745813 -0.00095392 0.357602 -72071.3 -73955.9 1884.62 -72051.8 1.16484 6.54516
3200 79.1493 -0.259915 0.00165874 0.000834774 0.355716 -72050 -73937.2 1887.2 -72069.4 1.16436 -6.43581
3300 78.9561 -0.203489 0.000158987 -0.00251786 0.355227 -72045.9 -73928.5 1882.59 -72038 1.16398 2.67079
3400 78.9361 -0.148973 0.00148193 0.000349627 0.358561 -72027.5 -73909.7 1882.11 -72042.6 1.163 -4.95558
3500 78.8601 -0.0946165 -0.000185774 -0.00195338 0.364044 -72000.8 -73881.1 1880.3 -71953.1 1.16305 15.9662
3600 79.6152 -0.033201 -0.00171005 0.00124979 0.376994 -71891.1 -73789.4 1898.31 -71889.7 1.16349 0.525067
3700 79.8069 0.0222768 0.00106332 -0.00104965 0.358819 -71915.1 -73818 1902.87 -71941.4 1.16284 -8.73756
3800 79.4238 0.0780564 0.00184645 0.000680431 0.350731 -71974.1 -73867.9 1893.74 -71977.6 1.1631 -1.10377
3900 79.1889 0.136519 0.000916243 -0.000850671 0.358761 -71970.3 -73858.5 1888.14 -71952.8 1.16362 5.85877
4000 79.6259 0.194633 -0.00251037 -0.0015585 0.358215 -71961.5 -73860.1 1898.56 -71940.1 1.16412 7.17553
4100 79.2814 0.250552 0.00121449 0.000856878 0.342569 -72024.5 -73914.8 1890.35 -72049.1 1.16406 -8.17186
4200 78.6774 0.305308 3.03337e-05 -0.000696631 0.356075 -72039.3 -73915.2 1875.94 -72034.8 1.16396 1.47848
4300 78.9732 0.360607 -0.00161043 0.0016427 0.355104 -72003.9 -73886.9 1883 -71988.9 1.16373 5.03238
4400 79.153 0.361442 0.00114366 -0.000517098 0.357791 -71989.1 -73876.4 1887.28 -72001 1.16314 -3.9435
4500 79.3061 -0.4058 0.000886711 -2.03037e-05 0.355386 -71982.5 -73873.4 1890.94 -71983.5 1.16222 -0.303747
4600 79.3904 -0.340265 0.00319742 1.64683e-05 0.372209 -71915.1 -73808.1 1892.94 -71930.7 1.16324 -5.13843
4700 79.5953 -0.277359 0.000560768 -0.000126924 0.37708 -71872.1 -73770 1897.83 -71885.6 1.16382 -4.45217
4800 79.8995 -0.215587 7.18654e-05 -0.00234429 0.366318 -71866.4 -73771.5 1905.08 -71840 1.16328 8.83909
4900 79.1312 -0.158001 -9.73749e-05 -0.000255384 0.351004 -71923.5 -73810.2 1886.76 -71905.7 1.16363 5.99925
5000 79.5347 -0.0980637 0.000290736 0.000384236 0.360712 -71917.5 -73813.8 1896.38 -71919.5 1.16425 -0.584012
5100 79.2829 -0.0357959 -0.00118319 0.00053365 0.355838 -71937.9 -73828.3 1890.38 -71956.4 1.16363 -6.14348
5200 79.3117 0.0224094 0.00105538 -0.000460191 0.356529 -71956 -73847.1 1891.07 -71964.4 1.16356 -2.78442
5300 78.8742 0.0780799 0.000443827 -0.000421859 0.345099 -72012.5 -73893.1 1880.64 -71991.1 1.16353 7.1438
5400 79.0882 0.139251 0.00074336 0.00225871 0.358299 -71959.1 -73844.9 1885.74 -71991.8 1.1638 -10.8242
5500 79.7338 0.200726 0.00166617 -0.00056094 0.369594 -71913.6 -73814.7 1901.13 -71932.8 1.16357 -6.30552
5600 79.5445 0.26122 -0.00148882 -0.00143575 0.349832 -71943.4 -73840 1896.62 -71925.4 1.16383 6.07844
5700 78.896 0.318082 -0.000860719 -0.00193786 0.36286 -71971.1 -73852.2 1881.16 -71921.3 1.16388 16.6747
5800 79.1623 0.374762 0.00139215 0.00133786 0.364491 -71954 -73841.5 1887.51 -71999 1.1637 -14.9387
5900 79.3469 -0.223354 0.00139772 -0.00072579 0.360479 -71972.3 -73864.3 1891.91 -71965.6 1.16372 2.28058
6000 79.6465 -0.332542 -0.00195839 -4.01513e-05 0.373811 -71925.9 -73825 1899.05 -71910.7 1.16409 5.10122
6100 79.7415 -0.268877 0.000666245 0.00170661 0.376636 -71924.2 -73825.5 1901.32 -71947.8 1.16334 -7.85003
6200 79.3325 -0.209604 0.000749496 -0.000794901 0.361559 -71957.7 -73849.3 1891.56 -71955.7 1.16321 0.706523
6300 79.3599 -0.146635 -0.000515478 -0.000865353 0.366774 -71955.9 -73848.1 1892.22 -71952 1.16387 1.31761
6400 79.2697 -0.0860378 0.000435951 0.00252726 0.363858 -71954.8 -73844.9 1890.07 -71990.3 1.1629 -11.7223
6500 79.125 -0.0263811 -0.00188934 -0.00326502 0.37589 -71947.9 -73834.5 1886.62 -71897.7 1.16324 16.8158
6600 79.8813 0.0389838 0.000396193 0.00139286 0.368442 -71908.7 -73813.4 1904.65 -71915.7 1.16393 -2.28927
6700 79.2037 0.0970627 -0.000241174 0.00190194 0.350721 -71982.1 -73870.6 1888.49 -72016 1.16391 -11.3026
6800 79.3681 0.157485 -0.000894653 -0.000912639 0.365839 -71989.6 -73882 1892.41 -71963.3 1.16394 8.81082
6900 78.8956 0.214945 5.4415e-05 -5.75458e-05 0.343401 -72035.6 -73916.8 1881.15 -72043.8 1.16364 -2.7189
7000 79.092 0.277527 0.00205724 0.000235589 0.375506 -71962.9 -73848.8 1885.83 -71970 1.16365 -2.35304
7100 79.7131 0.342979 -0.00127851 0.00158185 0.356119 -71914.3 -73815 1900.64 -71927 1.16478 -4.17224
7200 79.3159 -0.026342 0.000291888 -0.0013993 0.3406 -72003.9 -73895.1 1891.17 -72003.7 1.16436 0.142983
7300 78.8849 -0.33513 0.000378063 -0.000291922 0.357998 -72038.6 -73919.5 1880.89 -72029.1 1.16464 3.2425
7400 78.7798 -0.272418 -0.000703669 0.000349053 0.367281 -71974 -73852.3 1878.39 -71968.8 1.16541 1.73443
7500 79.6978 -0.20671 -0.000731561 0.000165881 0.368334 -71909.9 -73810.2 1900.27 -71899 1.16591 3.6616
7600 79.8312 -0.138767 0.00146437 -0.00232791 0.375096 -71877.3 -73780.7 1903.45 -71876.3 1.16717 0.346105
7700 79.9095 -0.0718382 0.000279908 0.000940095 0.382187 -71857.5 -73762.9 1905.32 -71858.7 1.16709 -0.373813
7800 79.9926 -0.00639576 -0.000455854 0.00236389 0.36047 -71890.6 -73797.9 1907.3 -71916.6 1.16696 -8.66754
7900 79.6295 0.0616715 0.00144628 -0.00281307 0.377966 -71890.2 -73788.9 1898.65 -71876.5 1.16717 4.64506
8000 80.4694 0.137397 0.0023069 0.00158435 0.382644 -71816.7 -73735.3 1918.67 -71850.1 1.16784 -11.1234
8100 80.1856 0.203703 -0.00113586 -0.000504186 0.335938 -71929.5 -73841.4 1911.9 -71893.3 1.16728 12.2165
8200 78.5018 0.259404 -0.000432078 0.000616108 0.328522 -72099.4 -73971.1 1871.76 -72112.8 1.166 -4.45912
8300 78.77 0.326054 -0.000934879 -0.00294487 0.368721 -72026.6 -73904.7 1878.15 -72001.1 1.16626 8.56945
8400 78.9788 -0.0856835 0.00116888 -0.000403291 0.371186 -71986.9 -73870 1883.13 -71980.9 1.16527 1.99393
8500 79.4203 -0.300048 0.000495971 0.00223915 0.368834 -71929.8 -73823.4 1893.66 -71971.5 1.16507 -13.8341
8600 79.26 -0.238619 0.00110357 0.000232065 0.368893 -71953.9 -73843.8 1889.83 -71937 1.16519 5.6759
8700 79.7058 -0.169342 -0.00142147 -0.00313022 0.381974 -71911.2 -73811.7 1900.47 -71889.2 1.16516 7.38638
8800 80.1975 -0.0995627 0.00191989 0.00117938 0.370597 -71901.1 -73813.3 1912.19 -71918.1 1.16499 -5.67116
8900 79.9606 -0.0225978 -0.00153271 -0.000562421 0.380814 -71856.3 -73762.8 1906.54 -71838.2 1.16429 6.07025
9000 79.8988 0.0463361 0.00126791 0.000655938 0.367771 -71881.5 -73786.6 1905.07 -71900.6 1.16396 -6.31172
9100 79.953 0.114844 0.000713869 0.000611897 0.36915 -71924.3 -73830.6 1906.36 -71937.3 1.16468 -4.35074
9200 79.2487 0.180659 0.000133459 -0.000662779 0.353577 -71983.9 -73873.5 1889.57 -71982 1.1644 0.704403
9300 78.8573 0.242291 -0.00138923 0.000463509 0.366283 -72006.2 -73886.4 1880.23 -72015.5 1.16479 -3.07811
9400 78.8112 0.304098 0.00148963 -0.000919912 0.351291 -72016.2 -73895.4 1879.14 -71995.5 1.16435 6.97516
9500 79.3587 -0.111019 0.000937126 -0.00115024 0.374236 -71879.7 -73771.9 1892.19 -71890.3 1.16446 -3.5065
9600 80.6069 -0.270801 -0.00214027 0.000610393 0.367985 -71864.1 -73786.1 1921.95 -71839.8 1.16493 8.23826
9700 79.8677 -0.199449 0.00218546 -0.00174977 0.369631 -71919.8 -73824.1 1904.33 -71916 1.16367 1.29287
9800 79.3996 -0.128509 0.000418657 0.00331556 0.345568 -71946.9 -73840.1 1893.16 -71989.3 1.1631 -14.0406
9900 79.171 -0.062766 0.00103085 -0.00244563 0.379084 -71946.9 -73834.6 1887.71 -71929.9 1.16284 5.73867
10000 79.7139 0.0119873 -0.000306405 0.000651534 0.360188 -71897.9 -73798.6 1900.66 -71881.9 1.16268 5.45427
10100 79.0133 0.073212 0.000808856 -2.12361e-05 0.352435 -71988.9 -73872.8 1883.95 -71990.4 1.16185 -0.459272
10200 79.4109 0.146565 0.000363001 -0.00182081 0.371417 -71929.4 -73822.8 1893.43 -71944.8 1.16168 -5.07782
10300 79.5083 0.215031 0.000609026 0.00193698 0.376642 -71893.9 -73789.6 1895.76 -71888 1.16127 1.9999
10400 79.108 0.279824 -0.00105108 -0.000293394 0.361785 -71932.6 -73818.8 1886.21 -71928.4 1.16064 1.40914
10500 79.5975 0.0298884 0.00100794 0.00028231 0.377183 -71918.5 -73816.4 1897.88 -71937.4 1.16134 -6.29498
10600 79.3705 -0.27966 0.00127854 -0.00196442 0.374981 -71899.4 -73791.9 1892.47 -71892.7 1.1618 2.27571
10700 79.4988 -0.209522 0.000361232 0.00306101 0.360733 -71882.3 -73777.8 1895.53 -71918.8 1.16105 -12.0692
10800 78.6004 -0.154067 0.000665163 -0.00284514 0.316188 -72026.2 -73900.4 1874.11 -72004.7 1.16036 7.19721
10900 78.7336 -0.0889144 -0.00112579 0.00159105 0.352956 -72000.2 -73877.5 1877.28 -71991.3 1.16078 3.05321
11000 80.4 -0.00410786 0.00227016 -0.00204627 0.400009 -71806.2 -73723.2 1917.02 -71819.9 1.16189 -4.56771
11100 80.5874 0.0704923 -0.00276566 -0.00041747 0.369572 -71790.5 -73712 1921.49 -71767.2 1.16171 7.78399
11200 78.7079 0.123993 0.000750302 0.00106771 0.343674 -71985.4 -73862.1 1876.67 -71977.5 1.16042 2.69963
11300 79.3513 0.196949 0.000589295 -0.000884401 0.366092 -71913.7 -73805.7 1892.01 -71922.9 1.1607 -3.04265
11400 79.4747 0.26353 0.00235277 -0.000768568 0.360448 -71955.5 -73850.5 1894.96 -71959.7 1.16048 -1.34441
11500 81.5245 -0.125585 0.000235548 0.0010045 0.418398 -71654.4 -73598.3 1943.83 -71656 1.16218 -0.470065
11600 82.1623 -0.216034 0.000884956 -0.00230241 0.376527 -71644.3 -73603.3 1959.04 -71649.9 1.16242 -1.85788
11700 80.7114 -0.129681 0.000656944 0.000900815 0.377466 -71744 -73668.4 1924.44 -71745.4 1.16285 -0.443882
11800 80.0078 -0.0482839 7.46196e-05 -1.07172e-06 0.36891 -71826.9 -73734.6 1907.67 -71829.4 1.16296 -0.792505
11900 78.9881 0.0248682 0.00203033 -0.00149731 0.373884 -71903.1 -73786.5 1883.35 -71884.6 1.16284 6.18791
12000 80.3308 0.114131 -0.000955505 -0.000599933 0.377149 -71803.2 -73718.6 1915.37 -71812.4 1.16388 -2.99884
12100 79.1759 0.182026 0.000911506 0.00111365 0.349562 -71936.9 -73824.7 1887.83 -71954.4 1.16387 -5.80582
12200 78.9157 0.252577 -0.000561616 -0.000844176 0.36239 -71980.3 -73861.9 1881.63 -71985.6 1.16442 -1.73665
12300 79.0721 -0.024547 -0.000965737 -9.88813e-05 0.37276 -71971.9 -73857.3 1885.35 -71924.9 1.16506 15.7554
12400 79.2582 -0.23861 0.00342905 -0.000468447 0.378897 -71919.7 -73809.5 1889.79 -71961 1.164 -13.7068
12500 81.5685 -0.134004 0.00202736 0.000496652 0.398202 -71682.2 -73627 1944.88 -71692.3 1.16533 -3.33771
12600 81.1128 -0.0418631 -0.000743134 -0.00107953 0.377292 -71708.3 -73642.4 1934.01 -71702.2 1.16586 2.07043
12700 78.6685 0.0166071 0.000992805 0.000969414 0.317563 -71992.7 -73868.5 1875.73 -72001.7 1.16495 -2.9976
12800 79.1796 0.102443 0.000795535 -0.00115723 0.388202 -71855.8 -73743.8 1887.92 -71843.8 1.16643 4.02778
12900 80.4421 0.194257 0.00142055 0.00134035 0.393828 -71733.2 -73651.2 1918.02 -71759.3 1.16553 -8.69136
13000 80.7067 0.130484 -0.000379459 -0.000746337 0.391577 -71689.9 -73614.2 1924.33 -71682.8 1.16588 2.39509
13100 79.8875 -0.249083 0.00191168 -0.00120152 0.366522 -71769.4 -73674.2 1904.8 -71773.3 1.1661 -1.2786
13200 79.2178 -0.178494 0.00123629 -0.00124811 0.336052 -71915.9 -73804.7 1888.83 -71904.9 1.16609 3.73597
13300 78.4658 -0.106532 -0.00281667 0.00159243 0.340002 -71967.7 -73838.6 1870.9 -71956.8 1.16473 3.67455
13400 79.1851 -0.0286961 0.000975348 -0.000685837 0.357851 -71923.2 -73811.2 1888.05 -71914.4 1.16418 2.93755
13500 79.5098 0.0523807 0.00247467 -0.00107799 0.348914 -71905 -73800.8 1895.79 -71943.5 1.16495 -12.7885
13600 78.9765 0.127775 -0.00104181 0.000782017 0.365907 -71919.2 -73802.2 1883.08 -71895.4 1.16493 8.001
13700 79.7082 0.211541 0.00137618 -0.000979047 0.394046 -71831.2 -73731.8 1900.52 -71823.9 1.16486 2.55797
13800 82.2676 -0.0579481 0.00120671 -0.000709585 0.392723 -71640.7 -73602.3 1961.55 -71663.6 1.16555 -7.61918
13900 79.7417 -0.211639 -0.00132901 -0.00114457 0.319562 -71908.5 -73809.8 1901.32 -71880.7 1.16476 9.29753
14000 78.6646 -0.139726 0.00265369 0.00165683 0.362311 -71963.7 -73839.3 1875.64 -72003.1 1.16428 -13.1112
14100 79.4117 -0.0505321 -0.00154921 -0.00160374 0.369502 -71861.2 -73754.7 1893.45 -71826.1 1.16453 11.7667
14200 78.729 0.0169768 0.00300906 0.000217877 0.348879 -71942.2 -73819.4 1877.17 -71967.9 1.16397 -8.51373
14300 78.6111 0.0852072 -0.00157482 0.000516586 0.328714 -71984.4 -73858.8 1874.36 -71983.4 1.1643 0.354602
14400 77.5403 0.127596 0.000531834 0.000215588 0.299505 -72159.5 -74008.3 1848.83 -72160.8 1.16329 -0.391149
14500 78.4615 0.195147 -0.000695818 0.000803077 0.354323 -72051.7 -73922.5 1870.8 -72061.3 1.16255 -3.1417
14600 79.3013 0.12129 5.78112e-05 -0.00179152 0.365478 -71964.7 -73855.5 1890.82 -71932 1.1633 10.9541
14700 81.0531 -0.220139 0.00284342 -0.000985336 0.411972 -71738.2 -73670.8 1932.59 -71765.7 1.1642 -9.12518
14800 82.6249 -0.115879 0.00120105 0.00130694 0.374091 -71632.8 -73602.9 1970.07 -71634.7 1.16531 -0.61679
14900 81.0908 -0.0208945 0.000326475 -0.00180734 0.391217 -71691.2 -73624.7 1933.49 -71676.5 1.16564 4.93881
15000 81.719 0.0827751 0.00119955 -0.00071717 0.404522 -71650.6 -73599 1948.47 -71654.7 1.16591 -1.34217
15100 80.566 0.17799 -0.000947291 0.000629885 0.366267 -71718.6 -73639.6 1920.98 -71718.2 1.16641 0.162702
15200 78.859 0.207801 0.000880375 -0.00183409 0.333333 -71950.6 -73830.9 1880.28 -71933.7 1.16584 5.6717
15300 78.4947 -0.232415 0.00133327 0.00119294 0.359866 -71947.1 -73818.7 1871.59 -71988.9 1.16631 -13.9256
15400 78.8314 -0.145755 -0.00229593 -0.00267791 0.379688 -71863.5 -73743.2 1879.62 -71798.1 1.16694 21.937
15500 79.7396 -0.0600804 0.00126775 0.00189732 0.353771 -71825.7 -73727 1901.27 -71862 1.16616 -11.9974
15600 78.5515 0.00749731 0.00130889 -0.00154686 0.329009 -71985.5 -73858.5 1872.94 -71981.8 1.16565 1.27768
15700 78.8986 0.0816979 0.000285585 -0.00103452 0.362662 -71991.4 -73872.6 1881.22 -71985.8 1.16465 1.89945
15800 79.5392 0.169667 0.000134676 8.68921e-05 0.367815 -71910.3 -73806.8 1896.49 -71908.8 1.16427 0.555051
15900 78.7926 0.23466 -0.00182142 0.00271816 0.335651 -72041.7 -73920.4 1878.69 -72028.1 1.16348 4.65311
16000 78.077 -0.168733 0.00167335 -0.000673773 0.325328 -72158.5 -74020.1 1861.63 -72186.3 1.16275 -9.25667
16100 78.6423 -0.182881 0.000740021 -0.000868211 0.37824 -72062.6 -73937.7 1875.11 -72053.4 1.1623 3.15041
16200 80.7063 -0.0800564 0.00186408 -0.000148951 0.401183 -71797.5 -73721.8 1924.32 -71821.4 1.16315 -7.95212
16300 81.7302 0.0173598 -0.00335475 0.000454835 0.362689 -71718.1 -73666.8 1948.73 -71690.4 1.16446 9.24169
16400 78.4184 0.0596019 0.00133533 0.000492886 0.295218 -72140.8 -74010.6 1869.77 -72164.6 1.16206 -7.90269
16500 77.8172 0.121949 4.19182e-05 -0.000885386 0.309856 -72208.4 -74063.9 1855.43 -72195.4 1.16193 4.3875
16600 77.7046 0.165646 0.00201565 0.00129195 0.285675 -72341.6 -74194.4 1852.75 -72384 1.16149 -14.051
16700 77.8521 0.230753 -0.00194217 -0.00252008 0.342087 -72257.5 -74113.7 1856.27 -72223.9 1.16169 11.2242
16800 79.7113 -0.203067 0.00265175 -8.3113e-06 0.381093 -72061.8 -73962.4 1900.6 -72067 1.16225 -1.73947
16900 79.7445 -0.14853 -0.00124725 0.000758733 0.340891 -72052 -73953.4 1901.39 -72040.7 1.16218 3.77579
17000 78.3747 -0.0909355 0.00176553 -0.000396774 0.344975 -72163.9 -74032.6 1868.73 -72169.1 1.16096 -1.72497
17100 79.9249 -0.000437249 -0.000160609 0.000425481 0.379608 -71982.7 -73888.4 1905.69 -71986 1.16184 -1.03913
17200 80.988 0.101732 0.00135597 -0.000322815 0.437673 -71745.6 -73676.7 1931.04 -71759.7 1.16307 -4.60248
17300 84.3188 0.140349 0.000830782 -0.00109006 0.415618 -71463.2 -73473.7 2010.45 -71447.8 1.1648 5.15315
17400 81.6139 -0.20889 -0.000623814 -0.000529741 0.347722 -71750.6 -73696.6 1945.96 -71746.3 1.16344 1.47363
17500 78.9174 -0.127681 0.000730682 -0.000324343 0.345113 -71966.6 -73848.3 1881.67 -71963.3 1.16284 1.13771
17600 77.802 -0.0670278 0.00112651 0.00135324 0.310546 -72134.4 -73989.5 1855.07 -72160.6 1.16149 -8.67015
17700 78.9347 0.0232204 -0.00072959 -0.00248459 0.384011 -71974.1 -73856.2 1882.08 -71941.6 1.16178 10.8502
17800 79.4899 0.117506 0.00143695 -6.32432e-06 0.402195 -71855.4 -73750.7 1895.32 -71876.7 1.16375 -7.05681
17900 79.9705 0.20596 -0.000496755 0.000181911 0.382145 -71828.5 -73735.2 1906.78 -71817 1.16366 3.87632
18000 79.4205 -0.225643 -0.000256699 -0.000399831 0.349115 -71922.8 -73816.5 1893.66 -71907.9 1.16346 5.00286
18100 77.7808 -0.171908 0.000693327 0.000871675 0.321154 -72099.7 -73954.3 1854.57 -72117.5 1.16157 -5.89597
18200 78.7617 -0.0892592 0.000346861 -0.000875601 0.379715 -71992.5 -73870.4 1877.95 -71973.1 1.1625 6.49808
18300 79.3856 -0.00128485 -0.000200642 0.000947984 0.35443 -71903.8 -73796.6 1892.83 -71934.1 1.16343 -10.0553
18400 78.4637 0.0570939 -0.000552935 0.000130827 0.332607 -72053.1 -73923.9 1870.85 -72034.9 1.16193 6.1368
18500 78.4729 0.132122 0.00284927 -0.0014313 0.38522 -71994.3 -73865.4 1871.07 -71999 1.16082 -1.51549
18600 84.0744 -0.0780405 0.00192296 -0.000897253 0.456709 -71320.2 -73324.9 2004.63 -71334.9 1.16331 -4.84959
18700 84.9551 -0.0957747 -0.00231471 0.000419909 0.376527 -71359.9 -73385.6 2025.63 -71342 1.1646 5.99163
18800 79.5344 -0.0240749 -0.00105974 0.000416833 0.313065 -71829.5 -73725.9 1896.38 -71813 1.16436 5.51573
18900 77.3736 0.0174499 0.00320814 0.000823707 0.282301 -72169.3 -74014.1 1844.86 -72206.4 1.163 -12.3842
19000 77.9359 0.0963328 -0.000911195 -0.000823169 0.348412 -72081.9 -73940.1 1858.26 -72090.3 1.16306 -2.78319
19100 79.1576 0.18418 0.000469709 0.00025779 0.389527 -71922 -73809.4 1887.39 -71912.3 1.1634 3.26147
19200 80.6983 -0.185947 0.000176366 -0.00146996 0.404582 -71730 -73654.1 1924.13 -71729.9 1.16452 0.052947
19300 79.9166 -0.0974811 0.0019411 -0.000361745 0.366506 -71855.4 -73760.8 1905.49 -71866.3 1.16505 -3.66697
19400 80.2303 0.005912 -0.000984236 0.000120218 0.377233 -71809.9 -73722.9 1912.97 -71790.7 1.16576 6.43205
19500 79.7427 0.0919808 0.00187107 8.98795e-05 0.341602 -71932.4 -73833.8 1901.34 -71944.3 1.16582 -3.90563
19600 78.3666 0.163271 -0.000209872 0.000454084 0.32703 -72109 -73977.5 1868.53 -72107 1.16482 0.692595
19700 77.9795 0.0318123 -0.0011069 -0.000909645 0.341354 -72153.9 -74013.2 1859.3 -72136.2 1.1642 5.927
19800 78.0756 -0.167095 0.00188901 0.000330289 0.35329 -72109.4 -73971 1861.6 -72138.6 1.16485 -9.72413
19900 78.3418 -0.104853 -0.00113778 -7.48839e-05 0.307916 -72145.3 -74013.2 1867.94 -72143.4 1.16467 0.687375
20000 78.2224 -0.0459252 -0.000718358 0.000663651 0.357255 -72168.3 -74033.4 1865.1 -72135.1 1.16502 11.1284
20100 78.9981 0.0418094 0.000954816 -0.00195459 0.355387 -72038 -73921.6 1883.59 -72029.6 1.16515 2.82892
20200 81.6629 0.157862 0.00243895 0.00104054 0.437324 -71699.3 -73646.4 1947.13 -71744.3 1.16459 -14.9981
20300 83.848 -0.177387 0.000458056 -0.00190178 0.393329 -71511.4 -73510.6 1999.23 -71487.8 1.16556 7.92604
20400 81.7558 -0.0723408 0.000794741 0.00212339 0.373408 -71671.9 -73621.2 1949.34 -71692.4 1.16585 -6.78501
20500 78.7515 -0.00533605 -0.000637838 -0.00151888 0.282949 -72022.5 -73900.2 1877.71 -72004.2 1.1657 6.16433
20600 77.7947 0.0705001 -0.000764989 -0.00150335 0.322008 -72090.1 -73945 1854.9 -72068.1 1.16527 7.39391
20700 77.7855 0.131732 0.00102028 -0.000229944 0.315486 -72173.6 -74028.3 1854.68 -72180.7 1.16444 -2.26054
20800 78.8213 -0.00204958 0.00128399 0.000956372 0.390882 -71965.9 -73845.3 1879.37 -71984.1 1.16427 -6.00354
20900 82.1382 -0.0980347 0.00158152 -0.00277985 0.455388 -71555.9 -73514.3 1958.46 -71539.8 1.16558 5.44924
21000 84.1721 0.021559 0.00145084 -6.47751e-05 0.332882 -71552.2 -73559.2 2006.96 -71556.9 1.16692 -1.52893
21100 78.818 0.0991107 -0.00120148 0.000736533 0.338301 -71936.1 -73815.4 1879.3 -71943.5 1.16564 -2.43195
21200 77.5714 0.157472 0.00032594 5.65399e-05 0.29976 -72142.1 -73991.7 1849.57 -72137.4 1.16524 1.61457
21300 77.7618 0.031851 0.000533789 0.000109546 0.340131 -72115.5 -73969.6 1854.11 -72123.9 1.16434 -2.7984
21400 79.2407 -0.123027 -0.000346808 0.0016406 0.370747 -71959.4 -73848.8 1889.38 -71981.5 1.16368 -7.32075
21500 78.3845 -0.0481276 -0.00209918 -0.000339308 0.337065 -72082.1 -73951.1 1868.96 -72046.9 1.16346 11.8082
21600 77.8051 0.0109242 0.00271329 -0.00119598 0.309847 -72213.8 -74068.9 1855.15 -72248.2 1.16188 -11.4156
21700 78.06 0.0869195 -0.000810222 0.00196094 0.333472 -72175.4 -74036.7 1861.22 -72161.4 1.16088 4.7269
21800 78.1102 0.157188 -0.0018926 -0.00177659 0.34694 -72174.7 -74037.1 1862.42 -72146 1.16082 9.56995
21900 78.3575 -0.0847941 0.00094305 0.000795736 0.334294 -72161.8 -74030.1 1868.32 -72166.9 1.16071 -1.69976
22000 78.4824 -0.142088 -0.000563699 0.000237402 0.369802 -72069.2 -73940.5 1871.3 -72077.5 1.16048 -2.74526
22100 79.3566 -0.056842 0.000705895 -0.00177944 0.374839 -71946.1 -73838.3 1892.14 -71940.2 1.16031 1.99723
22200 81.3534 0.043261 -0.00141657 0.000829259 0.379521 -71778.1 -73717.8 1939.75 -71772.8 1.16124 1.77801
22300 79.7927 0.122892 0.00243028 -0.00045757 0.360377 -71912.7 -73815.2 1902.54 -71934.2 1.16017 -7.04318
22400 80.0507 -0.0667534 -0.000578952 0.000228325 0.384648 -71815 -73723.7 1908.69 -71814.2 1.16084 0.337032
22500 79.9144 -0.122288 0.00160053 -0.0017899 0.347658 -71838 -73743.5 1905.44 -71837.4 1.16135 0.2185
22600 78.7077 -0.0471274 -0.00162407 0.00175794 0.327467 -71971.5 -73848.2 1876.67 -71969.8 1.16126 0.59462
22700 79.0348 0.0428056 0.000577631 0.000534229 0.382274 -71900.6 -73785.1 1884.47 -71904.1 1.16115 -1.1328
22800 80.9354 0.150316 7.71713e-05 0.0011203 0.381831 -71745.8 -73675.6 1929.78 -71763.3 1.16189 -5.81398
22900 79.8076 -0.047463 0.000690586 -0.00265107 0.34568 -71886.2 -73789.1 1902.89 -71885.2 1.16138 0.407871
23000 80.2713 -0.0891144 0.00403719 -8.70816e-05 0.385259 -71837.4 -73751.4 1913.95 -71864.2 1.16188 -8.89811
23100 81.2163 0.0369741 -0.00229702 0.000233245 0.393331 -71657.9 -73594.4 1936.48 -71610.1 1.16325 15.9633
23200 80.8434 0.106 0.00112655 -0.00131236 0.406245 -71649.6 -73577.2 1927.59 -71678.5 1.16397 -9.62501
23300 82.8943 -0.128867 0.000633029 0.00102824 0.432407 -71410.4 -73386.9 1976.49 -71414.3 1.16595 -1.29357
23400 82.7142 -0.00571698 0.00193519 -0.00138128 0.341142 -71516.2 -73488.4 1972.2 -71512.8 1.16643 1.17687
23500 78.5405 0.0683302 0.00082094 0.00073435 0.296153 -71938 -73810.7 1872.68 -71950.7 1.16555 -4.19407
23600 78.0194 0.149764 -0.00152774 -0.00164982 0.332105 -72005.6 -73865.8 1860.25 -71982.4 1.16436 7.79687
23700 77.9701 -0.0283643 0.00269526 0.00190245 0.32754 -72109 -73968.1 1859.08 -72154.2 1.16404 -14.9195
23800 78.058 -0.11174 -0.00152367 -0.00140295 0.32623 -72125.9 -73987.1 1861.18 -72085 1.16382 13.7132
23900 78.1688 -0.0390381 -0.00204263 0.000762249 0.332088 -72137 -74000.9 1863.82 -72139.4 1.16283 -0.687306
24000 77.4967 0.0152322 0.00160333 -0.00017854 0.305637 -72270.3 -74118.1 1847.79 -72265.4 1.16149 1.69605
24100 77.8833 0.0907286 -8.18174e-05 0.000949634 0.330563 -72217.6 -74074.6 1857.01 -72221.6 1.16105 -1.30116
24200 79.0592 0.0246046 -0.000314309 -0.00174809 0.392947 -72007.2 -73892.3 1885.05 -71995 1.16172 4.07018
24300 79.8146 -0.1341 0.00107578 -0.00106097 0.353786 -72013.2 -73916.3 1903.06 -72010.6 1.16203 0.899847
24400 78.9215 -0.054406 8.64556e-05 -0.00138923 0.331031 -72096 -73977.8 1881.76 -72071.7 1.16183 8.13155
24500 78.4027 0.0175648 -0.000232008 0.00228159 0.355619 -72130 -73999.4 1869.39 -72166.1 1.16034 -11.9652
24600 78.0518 0.0774104 0.00106762 -0.000372945 0.315852 -72185.3 -74046.3 1861.03 -72181.2 1.16037 1.38346
24700 79.5364 0.0644114 0.00100047 -0.000347701 0.385325 -71991.1 -73887.5 1896.43 -71994.8 1.16084 -1.19976
24800 81.517 -0.107239 -0.000782788 0.000458476 0.39836 -71734.2 -73677.8 1943.65 -71722.3 1.16182 4.0398
24900 80.3802 -0.0233274 0.00180751 -0.000757402 0.372993 -71852.5 -73769.1 1916.55 -71873.4 1.16231 -6.94118
25000 80.534 0.0893002 0.000294018 0.000994754 0.37421 -71786.2 -73706.5 1920.21 -71792 1.16307 -1.89172
25100 78.5808 0.157007 0.000366665 -0.00243168 0.317405 -72030.9 -73904.5 1873.64 -72003.6 1.16251 9.12453
25200 78.1107 -0.145831 -0.000738997 0.000103762 0.336613 -72061.5 -73923.9 1862.43 -72054.6 1.16197 2.3202
25300 78.9368 -0.0806757 0.00201107 0.00237734 0.356959 -72021.5 -73903.6 1882.13 -72071.7 1.1618 -16.6286
25400 79.01 0.00212736 -0.000190773 -0.00200892 0.35257 -72046.3 -73930.1 1883.88 -72014.3 1.16237 10.6557
25500 81.3182 0.0678083 0.00457346 -0.000468475 0.439771 -71664 -73602.9 1938.91 -71698.6 1.16383 -11.5277
25600 86.6827 -0.0754419 -0.00223459 0.000815813 0.394247 -71200.9 -73267.7 2066.82 -71178.8 1.16583 7.42586
25700 80.1105 -0.00475492 0.000630279 -0.000500559 0.326326 -71835.3 -73745.4 1910.12 -71822.7 1.16341 4.22493
25800 79.5948 0.112 0.00189611 -0.00145617 0.383184 -71827.6 -73725.4 1897.82 -71846.4 1.16364 -6.27002
25900 83.7708 -0.0932132 -0.000334381 0.0032158 0.44679 -71365.8 -73363.1 1997.39 -71376.5 1.16638 -3.56416
26000 80.7481 0.0102919 0.000621705 -0.00177875 0.331874 -71719.3 -73644.6 1925.32 -71703.6 1.1666 5.28298
26100 78.115 0.0974887 0.00187247 -0.000332928 0.318636 -71980.6 -73843.1 1862.53 -71987.8 1.16536 -2.3477
26200 79.0228 -0.0622565 -0.000830281 0.00110261 0.379727 -71881 -73765.1 1884.18 -71885.1 1.16472 -1.35774
26300 79.2189 -0.0569916 0.0015776 -0.00208162 0.374085 -71846.7 -73735.6 1888.86 -71849.6 1.16495 -0.938608
26400 78.9838 0.0432024 -0.000754187 0.000344637 0.345934 -71901.4 -73784.6 1883.25 -71890.4 1.16455 3.68844
26500 78.0661 0.125605 -0.000249508 0.00029728 0.329327 -72011.6 -73873 1861.37 -71994.9 1.16435 5.58631
26600 78.6517 -0.0491879 0.00188977 -0.00126553 0.376198 -71961.1 -73836.5 1875.33 -71974.5 1.16508 -4.46513
26700 80.3906 -0.0225729 -0.00067816 0.000291594 0.397843 -71729.7 -73646.5 1916.79 -71729.3 1.16603 0.146102
26800 79.02 0.0522933 -0.000340028 0.000805804 0.304039 -71995 -73879.1 1884.11 -71998.5 1.1647 -1.15321
26900 77.8187 0.119336 -0.000761347 -0.000616755 0.317407 -72149.2 -74004.7 1855.47 -72132.1 1.16405 5.75784
27000 77.8724 -0.106437 0.00228674 -0.000793956 0.335447 -72140.7 -73997.5 1856.75 -72151.1 1.16335 -3.46091
27100 81.1285 -0.0259745 0.00147825 -0.00143296 0.449716 -71696.9 -73631.3 1934.39 -71686.3 1.16429 3.58307
27200 83.9151 0.115382 0.00027475 0.000203398 0.376453 -71536 -73536.8 2000.83 -71535.5 1.16478 0.204228
27300 80.5872 -0.0848048 0.000169934 0.00114174 0.407361 -71683.4 -73604.9 1921.48 -71709.3 1.16581 -8.60256
27400 81.5565 0.00851877 0.000890796 -0.000379479 0.416722 -71576.6 -73521.2 1944.59 -71564.6 1.1673 4.05724
27500 82.2512 0.0637831 0.00131009 -0.00155909 0.379749 -71556.6 -73517.8 1961.16 -71564.5 1.16784 -2.59745
27600 80.5545 -0.078217 0.000320364 0.00205149 0.381523 -71664 -73584.7 1920.7 -71672.6 1.16832 -2.8591
27700 80.9287 0.0594211 -0.000127355 -0.00126516 0.3851 -71647.8 -73577.5 1929.62 -71625 1.16895 7.67528
27800 80.288 -0.0646128 0.00162482 -0.00177567 0.375595 -71715.9 -73630.3 1914.35 -71726.1 1.16918 -3.37341
27900 80.5273 -0.0276189 2.38059e-05 -0.00145139 0.419758 -71646.8 -73566.8 1920.05 -71630.2 1.169 5.55226
28000 82.931 0.0176265 0.000479762 0.000896839 0.42174 -71446.8 -73424.1 1977.36 -71456.8 1.17014 -3.35906
28100 80.8582 -0.0803727 -0.000229682 -0.000723775 0.358103 -71665.4 -73593.3 1927.94 -71670.4 1.16886 -1.67545
28200 77.8425 -0.0183609 0.00296969 -0.000256128 0.286039 -72084.4 -73940.5 1856.04 -72096 1.16707 -3.83618
28300 77.6964 0.0627525 -0.00264789 0.000276919 0.309859 -72140.7 -73993.3 1852.55 -72131.2 1.16641 3.19004
28400 77.6834 0.0521395 0.000906849 0.000291785 0.332452 -72150.8 -74003 1852.24 -72136.2 1.16551 4.88992
28500 77.8296 -0.10993 -0.00145172 0.00138572 0.341185 -72129.7 -73985.4 1855.73 -72132.6 1.16447 -0.971062
28600 77.4092 -0.0700847 0.00169895 -0.000149095 0.277781 -72334.6 -74180.3 1845.71 -72351.9 1.16185 -5.72956
28700 77.7561 0.0268763 -0.000643238 0.000268476 0.331336 -72209.5 -74063.5 1853.98 -72203 1.16239 2.18548
28800 77.6104 0.0888287 0.000750914 -0.000507234 0.317704 -72295.9 -74146.4 1850.5 -72297.3 1.16087 -0.43534
28900 78.7827 -0.0307138 -0.000526105 0.000919683 0.394886 -72028.8 -73907.3 1878.46 -72053.1 1.16104 -8.05525
29000 80.4404 -0.0140084 0.00122579 -0.000766311 0.399149 -71825.6 -73743.6 1917.98 -71832.5 1.16204 -2.25972
29100 82.4247 0.115825 -0.00078616 -0.000683786 0.407141 -71604.8 -73570.1 1965.29 -71594 1.16369 3.72154
29200 81.4962 -0.0882046 -0.00142969 0.000856987 0.393153 -71679 -73622.2 1943.16 -71664.7 1.163 4.81613
29300 79.0019 -0.00435834 0.00179567 -0.00104396 0.330474 -71973.2 -73856.9 1883.68 -71976 1.16246 -0.903365
29400 78.2018 0.0779987 -0.0011708 -0.00191172 0.339764 -72081.3 -73945.9 1864.61 -72064.3 1.16159 5.75761
29500 77.6893 0.0600484 0.000631711 0.000850634 0.32455 -72188 -74040.4 1852.38 -72192.3 1.16138 -1.39746
29600 79.4505 -0.0630049 -0.000444881 0.00123612 0.373594 -71932.5 -73826.9 1894.38 -71936.5 1.16211 -1.27422
29700 79.4554 0.0352613 0.00163008 -0.000482873 0.376082 -71933 -73827.5 1894.49 -71954.6 1.16179 -7.15336
29800 80.645 -0.0467099 -0.000440119 -0.00151115 0.378177 -71815.7 -73738.6 1922.86 -71809 1.16146 2.28556
29900 78.5392 -0.0943631 5.33135e-05 0.000689931 0.314323 -72071.4 -73944 1872.65 -72044.4 1.16076 9.01928
30000 77.9905 -0.0180698 -0.000901929 -0.00046065 0.330128 -72140.3 -73999.9 1859.57 -72136.7 1.16089 1.20794
30100 77.9215 0.055192 0.001325 -0.000107858 0.309938 -72194.2 -74052.1 1857.92 -72220.1 1.16106 -8.59306
30200 77.7507 0.123611 -0.000612605 -0.000127099 0.317324 -72236 -74089.8 1853.85 -72229.3 1.1597 2.26318
30300 78.1143 -0.0793278 0.0005565 -0.00143571 0.3275 -72242.6 -74105.1 1862.52 -72242.4 1.15846 0.0706211
30400 81.7245 0.0237742 0.00167095 3.05163e-05 0.450141 -71707.4 -73656 1948.6 -71702.4 1.15996 1.66923
30500 84.0132 -0.0199775 0.00062811 0.000865058 0.422907 -71486.4 -73489.6 2003.17 -71515.1 1.16092 -9.50783
30600 81.3971 -0.0273326 0.00136807 -0.0025601 0.379144 -71685.6 -73626.4 1940.79 -71662.4 1.16109 7.73747
30700 83.5132 0.00789071 0.00201824 0.00243169 0.445324 -71380.5 -73371.8 1991.25 -71421.8 1.16163 -13.6658
30800 83.3172 -0.0125192 -0.00177599 -0.000987199 0.347009 -71527.8 -73514.4 1986.57 -71488.5 1.16163 13.1248
30900 77.5841 0.0426851 0.000972497 0.00078372 0.276514 -72086.2 -73936 1849.88 -72093.2 1.15974 -2.29997
31000 77.5534 0.0820192 -0.000684858 -0.000582468 0.302676 -72151.6 -74000.8 1849.15 -72142.5 1.15857 3.04953
31100 77.6938 -0.105459 -4.27817e-05 -0.000835203 0.326363 -72158.7 -74011.2 1852.49 -72157.3 1.1581 0.516948
31200 77.9178 -0.0138275 0.000529209 0.000395201 0.345993 -72130.2 -73988.1 1857.83 -72138.4 1.15868 -2.64909
31300 77.9659 0.0748226 0.00128325 0.00138971 0.311685 -72155.1 -74014.1 1858.98 -72185.3 1.15823 -9.99364
31400 77.9842 -0.0383709 -0.00130758 -0.000402526 0.369866 -72094.9 -73954.3 1859.42 -72061.3 1.1591 11.1662
31500 81.9095 0.0205708 1.67542e-05 0.00052535 0.445625 -71560.4 -73513.4 1953.01 -71581.2 1.16051 -6.87409
31600 81.6373 0.0665891 -0.00010143 -0.000300414 0.339699 -71714 -73660.6 1946.52 -71714.7 1.16076 -0.198102
31700 78.1152 -0.107014 0.000507741 -0.000494501 0.281768 -72095.9 -73958.4 1862.54 -72088.8 1.16075 2.38724
31800 77.7396 -0.0231717 0.00183557 0.0009866 0.355193 -72108.8 -73962.4 1853.58 -72122.2 1.1598 -4.45144
31900 80.8198 0.0631512 -0.00117248 -0.00273577 0.407262 -71730.2 -73657.2 1927.03 -71705.1 1.1616 8.34755
32000 79.8251 -0.0705313 0.000118642 3.03957e-05 0.358545 -71865.1 -73768.4 1903.31 -71859.7 1.16215 1.83048
32100 79.2385 0.0443727 -0.00142173 0.000926374 0.371384 -71886.9 -73776.2 1889.32 -71895.5 1.16182 -2.8578
32200 78.6242 0.0354763 0.00211996 -0.000486115 0.329612 -72056.6 -73931.3 1874.68 -72067.3 1.16013 -3.50297
32300 79.6359 -0.0496326 0.00130909 -0.000980801 0.363413 -71954.3 -73853.1 1898.8 -71936.1 1.16012 6.07431
32400 80.9064 0.0220069 -0.000642891 0.000456104 0.414975 -71715.1 -73644.2 1929.09 -71719.9 1.16037 -1.58812
32500 81.8815 -0.0579982 0.000948149 -0.00148512 0.344128 -71710.2 -73662.5 1952.34 -71713.6 1.1603 -1.0742
32600 77.721 -0.0253264 -0.0013218 2.79213e-05 0.232412 -72229.9 -74083.1 1853.14 -72207.1 1.15803 7.60086
32700 77.2831 0.0345972 0.000723993 0.001503 0.285123 -72358.2 -74200.9 1842.7 -72385.9 1.15737 -9.15525
32800 78.0337 0.0210843 0.00164388 0.000591805 0.363101 -72192.8 -74053.4 1860.6 -72211.9 1.15772 -6.27344
32900 80.8915 0.00193498 0.000887159 -0.0021529 0.439329 -71756.7 -73685.5 1928.74 -71734.9 1.15963 7.28348
33000 83.0632 -0.0115747 -0.000702842 -0.000327207 0.354856 -71663.9 -73644.4 1980.52 -71653.1 1.15985 3.60386
33100 78.5605 -0.0669236 -0.000324046 0.000894238 0.289116 -72082 -73955.1 1873.16 -72075.9 1.15884 2.01855
33200 77.9175 0.015866 0.000837509 -0.000798213 0.329695 -72167.8 -74025.7 1857.83 -72192.4 1.15827 -8.15167
33300 80.7737 -0.00311846 0.000901071 0.000951944 0.433366 -71748.6 -73674.5 1925.93 -71745.6 1.15931 1.01647
33400 83.7189 0.0744099 0.000513035 -0.000408925 0.42318 -71438.1 -73434.2 1996.15 -71426.4 1.16081 3.91414
33500 88.924 -0.0271673 0.00565179 -0.00342147 0.523658 -70823.8 -72944 2120.26 -70846.2 1.16305 -7.4396
33600 98.6973 -0.0213417 0.00403717 -0.00148921 0.437311 -70262.2 -72615.5 2353.29 -70262.5 1.1672 -0.0297277
33700 85.1951 -0.00965509 -0.000687823 -0.00100266 0.312934 -71273 -73304.4 2031.35 -71256.3 1.1671 5.61441
33800 77.3017 0.0793767 -5.55684e-06 0.000431064 0.306517 -71937.3 -73780.5 1843.14 -71945.6 1.16624 -2.74007
33900 77.0947 -0.0621967 -0.000428439 -0.00123191 0.263294 -72108.4 -73946.6 1838.21 -72094 1.16447 4.84736
34000 77.3208 -0.0577778 0.00082706 0.00128948 0.274224 -72197.7 -74041.3 1843.6 -72217.7 1.16287 -6.62554
34100 77.1092 0.00798477 0.000341924 -0.00114285 0.29652 -72260.5 -74099.1 1838.55 -72239.9 1.16162 6.88807
34200 78.0303 -0.0182037 2.03935e-05 0.00100729 0.368592 -72028 -73888.5 1860.52 -72065.6 1.16122 -12.4723
34300 78.2155 -0.0124414 -0.00058563 0.000945013 0.389475 -71994 -73858.9 1864.93 -71992 1.1622 0.685649
34400 78.1407 0.0145081 0.00431336 -0.00417366 0.389991 -71988.8 -73851.9 1863.15 -71975.2 1.16308 4.56429
34500 81.8428 0.0399018 0.000239272 0.000399065 0.43123 -71483.4 -73434.8 1951.42 -71480.4 1.16471 1.03397
34600 81.4096 -0.0159661 0.00258624 -0.00136766 0.424616 -71483.2 -73424.3 1941.09 -71498.1 1.16521 -4.94328
34700 81.5894 -0.0374787 -6.88931e-05 0.00111885 0.369121 -71556.4 -73501.8 1945.38 -71556.2 1.16618 0.107343
34800 77.6919 -0.0419846 0.00048508 -0.000871162 0.316388 -72024.6 -73877 1852.45 -72017.7 1.16535 2.29283
34900 77.813 0.0643751 0.00199035 -0.00312006 0.349197 -71996.7 -73852.1 1855.33 -71981.9 1.16503 4.97263
35000 78.1224 -0.0653217 0.000293139 0.000302006 0.338562 -71993.9 -73856.6 1862.71 -72001.4 1.16485 -2.52107
35100 77.6517 0.0241811 0.000241601 0.00292747 0.324502 -72108.4 -73959.8 1851.49 -72145.1 1.16431 -12.2276
35200 77.322 0.0921958 -0.00376388 -0.00183693 0.277271 -72256.9 -74100.5 1843.63 -72197 1.16372 20.2112
35300 77.0305 0.00408892 0.000296632 0.00206177 0.266348 -72418 -74254.7 1836.68 -72446.7 1.16236 -9.50931
35400 77.5917 -0.0617085 0.00229572 -0.000838781 0.279544 -72412.6 -74262.6 1850.06 -72422.1 1.1619 -3.13981
35500 77.4751 0.0483775 0.000995928 -7.80517e-05 0.36927 -72250 -74097.3 1847.28 -72272.4 1.16245 -7.42449
35600 78.3404 -0.0286873 0.00102137 -7.98992e-05 0.393697 -72067.1 -73935.1 1867.91 -72062.5 1.16284 1.56901
35700 78.9651 0.0414076 0.000165299 -0.00303361 0.396653 -71929.5 -73812.3 1882.8 -71887.6 1.16344 14.0372
35800 80.3894 -0.0681222 0.000360213 0.00256941 0.38954 -71778.3 -73695.1 1916.76 -71820.8 1.1638 -14.1056
35900 80.7016 0.0460936 -0.000561152 -0.000590085 0.396934 -71719.1 -73643.3 1924.21 -71701.3 1.16428 5.97473
36000 80.1217 -0.0456033 0.00150388 -0.00118364 0.401295 -71760.5 -73670.9 1910.38 -71761.2 1.16515 -0.220304
36100 82.5804 -0.0142154 0.00185094 0.000747866 0.414479 -71533.9 -73502.9 1969.01 -71556.7 1.16689 -7.56839
36200 82.7039 0.0654414 -0.00247664 -0.00141472 0.383369 -71508.2 -73480.1 1971.95 -71473.9 1.16801 11.4736
36300 77.9171 0.0462939 0.00122101 0.000267908 0.272587 -72105.3 -73963.2 1857.82 -72122.1 1.16582 -5.56459
36400 78.3234 -0.0155474 0.000683338 -0.000666134 0.36016 -72024.1 -73891.6 1867.51 -72022.3 1.16629 0.632275
36500 78.7442 0.0285088 0.000897708 0.00136054 0.365837 -71962.9 -73840.4 1877.54 -71998.9 1.16578 -11.9668
36600 78.698 -0.0190307 -0.000679604 -0.00098753 0.349184 -72014.6 -73891 1876.43 -71979.8 1.16609 11.6739
36700 78.8139 0.0174452 0.000747257 -0.000842614 0.383098 -71978.9 -73858.1 1879.2 -71968.2 1.16525 3.60362
36800 81.6464 -0.0060548 0.00391031 0.00013228 0.456016 -71592.3 -73539 1946.74 -71628.2 1.16616 -11.9802
36900 87.3659 0.0381064 -0.000643769 -0.00222208 0.42228 -71172.2 -73255.3 2083.11 -71158.5 1.16895 4.61382
37000 81.5905 -0.0662113 -0.000387003 0.00323514 0.330248 -71748.6 -73694 1945.4 -71757.3 1.16894 -2.89551
37100 78.7461 0.0461688 -0.000265474 -0.00279412 0.336172 -71965.2 -73842.8 1877.58 -71936.2 1.16812 9.76821
37200 77.3956 -0.0171829 0.000413591 0.000487481 0.300478 -72220.7 -74066.1 1845.38 -72232.7 1.16653 -3.9657
37300 77.7552 -0.0151353 0.000636242 -0.00108433 0.361169 -72170.7 -74024.7 1853.96 -72169.7 1.16675 0.340193
37400 78.1687 0.00988129 0.00209532 -1.36192e-05 0.37544 -72078.2 -73942 1863.82 -72099.6 1.16654 -7.14424
37500 80.4068 0.0147235 -0.00110354 -0.0020377 0.427482 -71750.6 -73667.7 1917.18 -71707.5 1.16744 14.4394
37600 80.9223 -0.0197612 0.00149533 0.00157716 0.384712 -71701.3 -73630.7 1929.47 -71735 1.16752 -11.2683
37700 78.6854 0.0738703 0.000688044 -0.000282008 0.312419 -71981.6 -73857.7 1876.14 -71982.1 1.16687 -0.130844
37800 77.8211 -0.0547205 -0.000933563 -0.000150835 0.312216 -72120.9 -73976.4 1855.53 -72118.5 1.16603 0.78797
37900 77.2006 0.00456321 0.000545262 -0.00163672 0.274698 -72269.9 -74110.6 1840.73 -72258.3 1.16454 3.89373
38000 77.5252 0.0813457 -0.000519091 0.00188645 0.291211 -72331.8 -74180.3 1848.47 -72337 1.16353 -1.71073
38100 77.4061 -0.0313032 -0.000933736 0.000340119 0.287399 -72397.3 -74243 1845.63 -72370.5 1.16278 8.99152
38200 77.134 -0.0211792 0.00138021 -0.000934218 0.294559 -72422 -74261.1 1839.14 -72457.4 1.16155 -11.7533
38300 77.7507 0.0536469 5.51016e-05 0.000309112 0.316586 -72384.6 -74238.5 1853.85 -72405 1.16123 -6.75491
38400 77.655 0.0278419 -0.000516365 0.000260406 0.318243 -72374.8 -74226.3 1851.57 -72350.8 1.16086 7.99668
38500 77.9468 -0.0221828 0.00101328 -0.000671597 0.311728 -72294.9 -74153.4 1858.52 -72287.8 1.16128 2.36932
38600 78.7544 0.022797 0.0009546 -0.00069541 0.349518 -72195.5 -74073.3 1877.78 -72210.6 1.16065 -5.00361
38700 79.4209 -0.0591804 0.000412466 0.000355332 0.338447 -72150.1 -74043.8 1893.67 -72131.4 1.16014 6.21309
38800 80.6418 0.0211565 -6.48896e-05 -0.00234723 0.397602 -71952.1 -73874.9 1922.78 -71952.6 1.16033 -0.112775
38900 82.1581 -0.000300313 0.000694388 0.000215048 0.434086 -71664.1 -73623 1958.94 -71672.5 1.16209 -2.77271
39000 84.47 0.000384492 0.000370348 0.00121881 0.434653 -71391.4 -73405.4 2014.06 -71391.7 1.16332 -0.0298656
39100 81.9223 -0.0713204 -0.000627498 -0.000242792 0.355575 -71645.9 -73599.3 1953.31 -71641.4 1.16342 1.58904
39200 78.4079 0.00373848 -0.000367106 0.000881849 0.273767 -72073.8 -73943.3 1869.52 -72070.7 1.16284 1.01632
39300 77.3068 0.0602605 0.000846555 -0.00164041 0.275614 -72299.2 -74142.5 1843.26 -72281.6 1.16107 5.91389
39400 77.2769 -0.0501986 0.000569151 0.000527174 0.323816 -72271.1 -74113.7 1842.55 -72288.9 1.16124 -5.86066
39500 78.1843 0.0343567 -0.000533681 -0.000393421 0.353438 -72196.9 -74061.1 1864.19 -72207.8 1.16073 -3.56296
39600 78.2982 0.0252849 0.00197011 -0.000247108 0.394446 -72095.5 -73962.4 1866.9 -72111.7 1.16099 -5.35945
39700 80.111 0.0614385 -3.22285e-06 0.000644498 0.355539 -71889.6 -73799.7 1910.13 -71885.2 1.16332 1.464
39800 79.3678 -0.0205877 0.000490268 -3.1525e-05 0.400089 -71959.2 -73851.6 1892.41 -71968.6 1.1639 -3.10905
39900 81.1049 -0.000859024 -0.000233123 -0.00065679 0.408753 -71724.2 -73658 1933.83 -71715.7 1.16449 2.88283
40000 80.9387 0.0430699 -0.00024456 0.00208192 0.350373 -71846.2 -73776.1 1929.86 -71863 1.1643 -5.57135
40100 78.6984 -0.0171405 0.00112252 -0.0033992 0.342528 -72073.1 -73949.6 1876.44 -72039.5 1.16353 11.2805
40200 78.9165 0.0150737 7.89055e-05 0.00177445 0.357268 -72067.7 -73949.3 1881.64 -72097.4 1.16309 -9.85083
40300 77.9101 -0.0764194 0.00098229 -0.00243746 0.29727 -72235 -74092.6 1857.65 -72213.2 1.16246 7.32226
40400 78.1716 0.0340432 -0.000660071 0.0013169 0.371509 -72150.8 -74014.7 1863.88 -72154.4 1.16242 -1.14272
40500 79.1984 -0.0216059 0.00153994 -0.000897692 0.400102 -71962.5 -73850.9 1888.37 -71960.9 1.16222 0.577939
40600 82.0761 0.00163055 -0.00135701 0.00113717 0.399147 -71703 -73660 1956.98 -71700.5 1.16241 0.863969
40700 79.999 0.037312 0.000113479 -0.00127532 0.334022 -71942.6 -73850.1 1907.46 -71930.3 1.16195 4.14214
40800 77.2418 0.0690202 -0.000336087 -6.488e-05 0.230609 -72319.7 -74161.4 1841.71 -72304 1.15989 5.23081
40900 77.807 -0.0232822 0.000857377 0.00201606 0.30508 -72311 -74166.2 1855.19 -72343.3 1.15884 -10.666
41000 78.9874 0.0450501 0.00075443 -0.0019096 0.382184 -72092.8 -73976.2 1883.34 -72087.6 1.15885 1.81058
41100 78.973 -0.0199649 0.000428422 0.000790982 0.371519 -72061.1 -73944 1882.99 -72088.9 1.15873 -9.24395
41200 79.2493 -0.012646 -0.000214787 -0.0007935 0.353185 -72006.7 -73896.2 1889.58 -71995.5 1.15978 3.71132
41300 78.1334 -0.0567953 0.000333886 -0.000723607 0.256306 -72306.4 -74169.4 1862.97 -72297.7 1.15798 2.96756
41400 77.2638 -0.0114419 0.000141075 0.00192715 0.267327 -72420.7 -74262.9 1842.24 -72455.1 1.15681 -11.3583
41500 77.1931 0.0186971 0.000751006 -0.00170103 0.226154 -72552.3 -74392.9 1840.55 -72519.1 1.15659 11.0868
41600 77.8623 -0.0507879 -0.000139789 0.000741835 0.281652 -72472.4 -74328.9 1856.51 -72491.2 1.15676 -6.19847
41700 77.5225 -0.0882611 -0.00055241 7.46332e-05 0.224832 -72629.1 -74477.5 1848.41 -72611.3 1.15477 5.92899
41800 78.1861 0.00483197 8.69119e-05 0.00115036 0.340272 -72464.1 -74328.3 1864.23 -72465.8 1.15583 -0.525115
41900 81.4286 0.0119092 0.000936317 -0.00051813 0.446806 -71954.2 -73895.7 1941.54 -71957.8 1.15762 -1.11914
42000 86.5415 -0.0142501 0.0073145 -0.00286692 0.514443 -71252 -73315.4 2063.45 -71291.1 1.16114 -12.9995
42100 100.492 -0.00163264 0.00047838 -0.00247973 0.485993 -70013.2 -72409.2 2396.09 -69983.1 1.16593 10.0644
42200 86.4575 -0.0226697 -0.00027552 0.00198867 0.270356 -71264.1 -73325.6 2061.45 -71293.5 1.16389 -9.75417
42300 77.3147 0.0114862 -0.00100032 0.0016427 0.279101 -72021.1 -73864.6 1843.45 -72017.1 1.16266 1.36661
42400 76.9981 0.000563843 0.00158012 -0.00138616 0.275381 -72186.1 -74022 1835.9 -72189.3 1.16141 -1.00841
42500 78.0067 0.0106673 0.0021252 -0.00232443 0.379282 -71988.7 -73848.7 1859.95 -71986 1.16151 0.936865
42600 78.8968 0.0172825 -1.17506e-05 0.00225972 0.392243 -71831.9 -73713.1 1881.18 -71843 1.16253 -3.6751
42700 77.2766 -0.0537649 -0.00039088 -0.000808719 0.305485 -72148.4 -73991 1842.54 -72143.5 1.16209 1.68512
42800 77.0717 0.0183444 0.000117542 0.000133501 0.259031 -72298.8 -74136.5 1837.66 -72299.2 1.16193 -0.0920394
42900 77.3361 0.0331187 -0.00110028 -0.00247926 0.219083 -72459.4 -74303.3 1843.96 -72436.7 1.15996 7.5361
43000 77.254 0.000903482 -0.000207035 0.00247729 0.276608 -72448.9 -74290.9 1842.01 -72454.5 1.15885 -1.79665
43100 77.1228 -0.04142 0.000191128 0.000453223 0.222136 -72595.5 -74434.4 1838.88 -72602.9 1.15778 -2.36924
43200 76.9913 -0.026725 0.000226024 -0.00198748 0.247185 -72614.4 -74450.1 1835.74 -72610.5 1.15684 1.297
43300 76.8515 0.0286721 0.00227814 0.000871432 0.255893 -72611.3 -74443.7 1832.41 -72627.2 1.15635 -5.25381
43400 77.189 0.0637022 -0.00144256 -0.000575616 0.266087 -72593.1 -74433.6 1840.46 -72575.5 1.15544 5.87665
43500 78.742 -0.0118222 0.00136957 0.000314953 0.432875 -72140.8 -74018.3 1877.49 -72160.2 1.15604 -6.38353
43600 81.7974 0.0109154 0.000250109 -0.000358397 0.441838 -71647.5 -73597.8 1950.34 -71644.1 1.15875 1.13872
43700 81.1392 -0.0154296 0.000434064 0.00131782 0.413841 -71683.5 -73618.1 1934.64 -71683.3 1.16049 0.0890081
43800 80.9155 0.0272491 0.000120749 0.000144597 0.380292 -71675.3 -73604.6 1929.31 -71684.5 1.16236 -3.02428
43900 78.793 -0.046703 2.12931e-05 -0.00248526 0.323879 -71940.6 -73819.3 1878.7 -71919.1 1.16322 7.1899
44000 77.518 0.0484896 -0.000463344 0.00233199 0.31526 -72124.3 -73972.6 1848.3 -72157.3 1.16274 -10.9505
44100 77.1843 0.0656503 0.000244436 -0.00200794 0.227206 -72356 -74196.4 1840.34 -72337.3 1.16161 6.28447
44200 76.9301 -0.0618748 -0.000491206 0.000837199 0.215249 -72487.5 -74321.7 1834.28 -72492 1.16048 -1.49398
44300 77.23 -0.0434258 -4.66971e-05 0.000145574 0.226111 -72550.8 -74392.2 1841.43 -72553.2 1.15936 -0.809376
44400 77.0607 0.0342145 0.00288676 -0.000268876 0.270667 -72499.5 -74336.9 1837.4 -72519.6 1.15918 -6.63015
44500 78.6698 -0.00584722 -0.000994835 -0.000324019 0.389465 -72171 -74046.7 1875.76 -72155.4 1.15994 5.1928
44600 80.1668 0.0291608 0.00120443 -0.00161942 0.412576 -71929.4 -73840.9 1911.46 -71935.1 1.16044 -1.85965
44700 82.2425 -0.0775273 8.67695e-06 0.00113386 0.333629 -71763 -73724 1960.95 -71761.4 1.16141 0.551102
44800 78.9522 0.0275812 -0.000513743 -0.000437867 0.360978 -71994.8 -73877.3 1882.5 -71971.8 1.16073 7.71145
44900 78.6586 -0.00327122 -0.000284081 -8.49258e-05 0.369049 -71958.5 -73834 1875.5 -71948.5 1.16081 3.39022
45000 82.5179 0.0029197 0.00539602 -0.000769448 0.481433 -71433.9 -73401.4 1967.52 -71479.8 1.16298 -15.2461
45100 96.9307 -0.0134776 0.00169668 -0.00212983 0.464824 -70327.9 -72639.1 2311.17 -70317.2 1.16804 3.62972
45200 87.2797 -0.0128448 -0.000457515 -0.000904235 0.35472 -71114.4 -73195.4 2081.05 -71097 1.16655 5.87711
45300 80.7016 -0.00113798 0.00270529 -0.000621425 0.363094 -71588.9 -73513.1 1924.21 -71611.1 1.16652 -7.39081
45400 80.7515 0.00431808 0.00520899 -0.000370721 0.432453 -71485.7 -73411.1 1925.4 -71512.2 1.16923 -8.87274
45500 85.3131 -0.0047787 0.00251855 -0.00148564 0.449016 -71094.7 -73128.8 2034.16 -71098.3 1.17208 -1.2015
45600 82.1321 -0.0405279 -0.0016917 0.00018552 0.321805 -71505.1 -73463.4 1958.32 -71489 1.17161 5.45299
45700 76.7436 0.0124422 -0.000825447 0.000503981 0.221972 -72135.8 -73965.7 1829.84 -72143.7 1.16907 -2.61522
45800 77.1951 0.0140796 0.000124539 -0.000309674 0.14156 -72382.9 -74223.5 1840.6 -72378.3 1.16675 1.56358
45900 77.0555 0.0192075 -0.000791601 -0.00225682 0.12636 -72580.1 -74417.4 1837.27 -72549.8 1.16517 10.1634
46000 76.8596 0.0498873 0.000408897 0.00283916 0.157258 -72717.9 -74550.5 1832.6 -72729.6 1.16356 -3.84262
46100 77.1846 0.0479048 0.000153363 -0.0010281 0.149051 -72782.7 -74623 1840.35 -72784 1.16256 -0.413759
46200 76.9013 -0.0328572 -0.00138752 9.68143e-05 0.225033 -72759.6 -74593.2 1833.6 -72749.5 1.16211 3.38743
46300 77.0515 0.0258353 0.000558771 -0.00148428 0.257069 -72738 -74575.2 1837.18 -72724.8 1.16135 4.40867
46400 77.1849 -0.0143448 0.00221666 0.00111317 0.316858 -72598 -74438.4 1840.36 -72635.4 1.16078 -12.4037
46500 79.0087 0.013152 0.0024745 -0.000130833 0.460807 -72099.2 -73983.1 1883.84 -72109.3 1.16248 -3.35585
46600 89.7105 -0.00239501 0.0041632 -0.00366374 0.568129 -70780.9 -72920 2139.01 -70773.7 1.16735 2.46099
46700 96.2258 -0.0136816 0.00123533 -0.000162129 0.409797 -70476 -72770.4 2294.36 -70478.8 1.1713 -0.92523
46800 82.2238 -0.0126706 0.00133843 -0.00187289 0.324174 -71578.6 -73539.1 1960.5 -71584 1.17073 -1.81467
46900 77.7521 0.0245101 -0.00177278 0.00229105 0.314448 -71981 -73834.9 1853.88 -71966.9 1.17131 4.75646
47000 76.8874 -0.0128282 0.000971252 0.000117437 0.240543 -72260.5 -74093.8 1833.26 -72278.5 1.16915 -5.97058
47100 77.2303 -0.0237244 0.000598017 -0.000942097 0.253292 -72378 -74219.5 1841.44 -72358.5 1.16759 6.57404
47200 77.2798 -0.0194029 0.000486033 0.000507523 0.334995 -72284.6 -74127.3 1842.62 -72309.6 1.16785 -8.30523
47300 77.7595 -0.0101745 0.000627968 -0.00220431 0.359152 -72204 -74058 1854.06 -72188.4 1.16768 5.21928
47400 77.1517 0.0167994 -0.00152522 0.00146835 0.306853 -72316.4 -74156 1839.57 -72337.2 1.16656 -6.88395
47500 76.9413 0.0402333 0.000922204 0.000553642 0.217921 -72537 -74371.6 1834.55 -72536.1 1.16446 0.396207
47600 77.1579 -0.0176733 0.000171892 -0.000789902 0.265144 -72568.1 -74407.8 1839.71 -72564.5 1.16305 1.24854
47700 77.1289 0.0161898 -0.000273974 -0.000108715 0.310743 -72507.8 -74346.8 1839.02 -72498.5 1.16229 3.10999
47800 77.2452 -0.0479596 0.00024427 0.000971045 0.319088 -72459 -74300.8 1841.8 -72466.1 1.16189 -2.34573
47900 77.0369 0.0414306 0.000645552 -0.00168129 0.312818 -72446.7 -74283.5 1836.83 -72438.5 1.16112 2.76542
48000 77.7999 -0.000579077 -0.000406869 0.000243976 0.348974 -72291.9 -74146.9 1855.02 -72293 1.16094 -0.363027
