# Time-averaged data for fix printave
# TimeStep v_temp v_strain v_sigmayy v_sigmazz v_sigmayz v_etotal v_pe v_ke v_enthalpy v_density v_press
100 78.7344 0.025 -0.703064 -0.703395 0.153519 -74311.6 -76188.9 1877.3 -54733.2 1.23571 6935.62
200 77.0876 0.075 -0.708428 -0.711538 0.380026 -74068.2 -75906.3 1838.04 -54320.1 1.23699 6998.97
300 77.8042 0.125 -0.706 -0.709001 0.50764 -73540.4 -75395.5 1855.12 -53843.8 1.23824 6987.79
400 79.03 0.175 -0.708858 -0.710557 0.540487 -72986.8 -74871.1 1884.35 -53278.1 1.24107 7008.09
500 79.3168 0.225 -0.708214 -0.709323 0.517606 -72573.4 -74464.6 1891.19 -52942.8 1.24441 6999.09
600 79.51 0.275 -0.707417 -0.708846 0.46863 -72291.1 -74186.9 1895.8 -52737.2 1.24734 6988.18
700 79.7013 0.325 -0.710779 -0.709281 0.424031 -72132.3 -74032.6 1900.36 -52571 1.25043 7008.13
800 79.2411 0.375 -0.708261 -0.709881 0.401096 -72052.5 -73941.9 1889.38 -52551.5 1.25297 7000.74
900 79.5941 0.425 -0.70816 -0.708956 0.375129 -72014.1 -73911.9 1897.8 -52559.3 1.25482 6994.44
1000 78.69 0.0875289 -0.709521 -0.709464 0.366894 -72004.2 -73880.4 1876.25 -52550.1 1.25555 6998.26
1100 78.8705 -0.432289 -0.710684 -0.7091 0.34826 -71975.3 -73855.9 1880.55 -52526.8 1.25678 7003.11
1200 78.5484 -0.380199 -0.706319 -0.709697 0.334161 -71962.2 -73835.1 1872.87 -52543.4 1.25784 6998.31
1300 78.6697 -0.326446 -0.712525 -0.710726 0.331184 -71923.1 -73798.9 1875.76 -52502.3 1.25917 7006.45
1400 79.2597 -0.274179 -0.708387 -0.708444 0.327548 -71923.2 -73813 1889.83 -52530.3 1.26 7000.95
1500 78.6479 -0.220589 -0.708876 -0.708664 0.325746 -71919.7 -73794.9 1875.24 -52549.1 1.26125 6999.82
1600 78.6963 -0.168748 -0.708732 -0.709747 0.324848 -71908.6 -73785 1876.39 -52548.9 1.26192 6999.61
1700 78.9704 -0.115301 -0.709962 -0.709021 0.322784 -71908.4 -73791.4 1882.93 -52569 1.2621 6993.32
1800 79.1035 -0.0627238 -0.709676 -0.710392 0.323997 -71924.3 -73810.4 1886.1 -52559 1.26281 7006.6
1900 78.7625 -0.0129845 -0.707295 -0.709438 0.314643 -71969.7 -73847.7 1877.97 -52644.7 1.26325 6994.48
2000 79.0827 0.0380647 -0.710197 -0.706947 0.309771 -72007.1 -73892.7 1885.61 -52672 1.26328 6998.36
2100 78.4323 0.0897784 -0.708652 -0.711787 0.317786 -72024.2 -73894.3 1870.1 -52668.5 1.26362 7007.67
2200 78.6156 0.143038 -0.707419 -0.709982 0.332039 -71983.5 -73858 1874.47 -52660.4 1.26368 6996.2
2300 78.8785 0.196328 -0.711706 -0.709118 0.327055 -71936.9 -73817.6 1880.74 -52590 1.26454 7009.52
2400 79.004 0.247622 -0.708331 -0.708056 0.315448 -71953.2 -73836.9 1883.73 -52665.1 1.26445 6987.72
2500 78.8936 0.298011 -0.71134 -0.710338 0.313478 -71971.2 -73852.3 1881.1 -52637.9 1.26521 7008.34
2600 78.6608 0.349452 -0.708351 -0.709272 0.314973 -71984.8 -73860.4 1875.55 -52684.1 1.26554 6998.37
2700 78.4533 0.401289 -0.709013 -0.709007 0.321927 -71983.8 -73854.4 1870.6 -52654.7 1.26461 7003.45
2800 79.1845 0.127701 -0.707813 -0.709217 0.315054 -71951.8 -73839.8 1888.04 -52653.9 1.26504 6994.54
2900 78.8511 -0.415935 -0.70999 -0.710232 0.311929 -71994.9 -73874.9 1880.09 -52666.5 1.26516 7006.35
3000 78.6605 -0.362786 -0.708455 -0.709444 0.31431 -71996 -73871.5 1875.54 -52682.2 1.26516 7000.97
3100 78.6547 -0.309259 -0.707354 -0.70916 0.318812 -71978.3 -73853.7 1875.4 -52711.5 1.26523 6984.4
3200 78.8919 -0.256575 -0.709218 -0.709052 0.32695 -71980.7 -73861.8 1881.06 -52647.8 1.26531 7008.76
3300 78.884 -0.202244 -0.709322 -0.709827 0.316815 -71971.7 -73852.6 1880.87 -52674 1.26575 6998.37
3400 78.792 -0.149275 -0.708291 -0.709937 0.328966 -71955.7 -73834.3 1878.68 -52652.1 1.26602 7002.01
3500 79.1702 -0.0951681 -0.710131 -0.710841 0.309389 -71961.3 -73849 1887.7 -52644.7 1.26649 7009.36
3600 78.3886 -0.0436934 -0.710391 -0.706279 0.31415 -72006.9 -73875.9 1869.06 -52740.5 1.2656 6986.17
3700 78.4296 0.00801889 -0.707955 -0.710871 0.320862 -71975.1 -73845.2 1870.04 -52644.8 1.26559 7009.37
3800 78.9369 0.0603129 -0.709739 -0.710223 0.321832 -71945.7 -73827.9 1882.13 -52654.2 1.2664 6999.75
3900 78.7689 0.110552 -0.709419 -0.708368 0.316172 -71971.7 -73849.8 1878.13 -52688.9 1.2666 6997.71
4000 78.7949 0.165444 -0.711549 -0.707867 0.318379 -71938.5 -73817.2 1878.75 -52661.7 1.26662 6995.61
4100 78.6742 0.215065 -0.706672 -0.711267 0.312221 -71965.3 -73841.2 1875.87 -52640.9 1.26645 7011.98
4200 79.1895 0.269378 -0.709831 -0.706224 0.312089 -71950.2 -73838.3 1888.16 -52696.9 1.26631 6985.38
4300 78.2602 0.320297 -0.708529 -0.712049 0.300986 -71989.4 -73855.3 1866 -52672.1 1.26631 7008.59
4400 78.9262 0.373465 -0.709469 -0.708795 0.317504 -71959.5 -73841.4 1881.88 -52651.6 1.26626 7004.9
4500 78.8988 0.37161 -0.709171 -0.710619 0.313636 -71970 -73851.2 1881.22 -52672.8 1.2659 6999.02
4600 78.7878 -0.416187 -0.707874 -0.709902 0.334766 -71958.5 -73837.1 1878.58 -52663.3 1.26507 6993.72
4700 79.1604 -0.356596 -0.710028 -0.708637 0.329242 -71893.5 -73781 1887.46 -52564 1.26513 7006.53
4800 78.8011 -0.306269 -0.709151 -0.705878 0.304635 -71959.1 -73838 1878.89 -52678.8 1.26523 6989.26
4900 78.7066 -0.253546 -0.709454 -0.711579 0.296914 -71987.7 -73864.3 1876.64 -52673.1 1.26564 7004
5000 78.4196 -0.201516 -0.708311 -0.708205 0.30845 -72022.5 -73892.3 1869.8 -52721.4 1.26537 6997.58
5100 78.7252 -0.145999 -0.709301 -0.708366 0.323001 -71958.2 -73835.3 1877.08 -52663.6 1.26558 6996.41
5200 78.9753 -0.0909825 -0.710156 -0.711291 0.307277 -71952.1 -73835.2 1883.05 -52625.5 1.26582 7009.35
5300 78.7829 -0.0358071 -0.708272 -0.709974 0.314528 -71952.4 -73830.8 1878.46 -52669.7 1.26582 6993.32
5400 78.9893 0.0167492 -0.709882 -0.708312 0.294707 -71994.8 -73878.2 1883.38 -52675.2 1.2657 7006.12
5500 78.3683 0.0705354 -0.707983 -0.709298 0.305079 -72004.1 -73872.7 1868.58 -52716.6 1.26578 6994.89
5600 78.2641 0.123367 -0.709775 -0.710317 0.316256 -71985.3 -73851.4 1866.09 -52663.4 1.26508 7003.48
5700 79.0325 0.178327 -0.70917 -0.707939 0.318652 -71928.7 -73813.1 1884.41 -52630.4 1.26498 6994.37
5800 79.0221 0.229172 -0.708557 -0.710896 0.316577 -71953.5 -73837.6 1884.16 -52636.2 1.26522 7002.54
5900 78.9783 0.282099 -0.710261 -0.707735 0.317617 -71967.4 -73850.5 1883.12 -52681.4 1.26598 6995.54
6000 78.5549 0.334576 -0.70997 -0.710502 0.321332 -71972.5 -73845.5 1873.02 -52640.2 1.26577 7011.15
6100 78.5309 0.384347 -0.707038 -0.709728 0.309726 -71999.5 -73871.9 1872.45 -52710.3 1.2658 6995.55
6200 78.5548 0.0464546 -0.707725 -0.70857 0.307258 -71975.7 -73848.7 1873.02 -52702.8 1.26563 6988.8
6300 79.1328 -0.382903 -0.710374 -0.709668 0.30655 -71940 -73826.8 1886.8 -52636.8 1.26617 7002.67
6400 78.7115 -0.330656 -0.710222 -0.710518 0.308348 -71980.3 -73857.1 1876.76 -52653.7 1.26632 7012.04
6500 78.5397 -0.275255 -0.707181 -0.706229 0.308999 -71975.1 -73847.8 1872.66 -52721.2 1.26594 6983.63
6600 79.1498 -0.21754 -0.710226 -0.710505 0.325053 -71925.8 -73813.1 1887.21 -52596.5 1.26525 7007.15
6700 79.0041 -0.160365 -0.708496 -0.707209 0.326231 -71935.6 -73819.4 1883.73 -52656.1 1.26498 6987.59
6800 79.3738 -0.0982835 -0.709796 -0.713911 0.335522 -71890.9 -73783.5 1892.55 -52529.4 1.26523 7018.78
6900 79.4122 -0.0376217 -0.707263 -0.706946 0.315761 -71914.8 -73808.3 1893.46 -52644.2 1.26517 6985.42
7000 78.7984 0.0165796 -0.708917 -0.711853 0.307102 -71986.8 -73865.6 1878.83 -52658.6 1.26528 7006.88
7100 78.4557 0.0742034 -0.711391 -0.705364 0.326229 -71986.6 -73857.3 1870.66 -52687 1.26557 6998.1
7200 78.5295 0.129868 -0.707419 -0.712694 0.306504 -71984.7 -73857.1 1872.42 -52677.2 1.26553 7000.71
7300 79.0914 0.188256 -0.7086 -0.708229 0.330454 -71919.9 -73805.8 1885.82 -52636.4 1.26686 6999.37
7400 79.4733 0.252884 -0.71119 -0.709713 0.34065 -71871.8 -73766.8 1894.92 -52562.4 1.26618 7005.03
7500 79.6729 0.318331 -0.707388 -0.710537 0.336971 -71842.7 -73742.4 1899.68 -52541.1 1.26568 6999.49
7600 79.0755 0.379715 -0.708633 -0.70914 0.324287 -71867.2 -73752.6 1885.44 -52589.2 1.26606 6993.03
7700 78.9814 -0.235593 -0.71147 -0.705555 0.329428 -71873.7 -73756.9 1883.19 -52597.6 1.26655 6995.04
7800 78.2765 -0.364655 -0.706777 -0.711938 0.277416 -72026.8 -73893.2 1866.38 -52746.1 1.26619 6994.67
7900 77.8656 -0.313995 -0.709898 -0.709307 0.300186 -72042.8 -73899.4 1856.59 -52722.8 1.26639 7010.07
8000 78.2799 -0.262939 -0.708462 -0.708753 0.306752 -72016.2 -73882.7 1866.47 -52733.9 1.2663 6995.88
8100 78.338 -0.214247 -0.709501 -0.708619 0.297374 -72027.4 -73895.3 1867.85 -52755.3 1.26623 6991.76
8200 78.7287 -0.1632 -0.709162 -0.710127 0.302291 -72014.9 -73892.1 1877.17 -52719.2 1.26637 7001.14
8300 78.9542 -0.103858 -0.712264 -0.709088 0.337728 -71949.8 -73832.3 1882.54 -52622.6 1.26648 7013.12
8400 78.9405 -0.0506086 -0.708287 -0.708101 0.307629 -71970.7 -73852.9 1882.22 -52686.4 1.26617 6995.86
8500 79.1418 0.0079081 -0.707234 -0.710391 0.310453 -71963.7 -73850.7 1887.02 -52681.7 1.26561 6991.91
8600 78.8424 0.0650044 -0.70756 -0.707129 0.305721 -71999.1 -73879 1879.88 -52706.1 1.26504 6992.84
8700 78.9202 0.126614 -0.711883 -0.712209 0.342068 -71955.1 -73836.8 1881.73 -52587.9 1.26466 7017.56
8800 78.8952 0.18229 -0.708863 -0.707923 0.330394 -71948.2 -73829.4 1881.14 -52656.3 1.26541 6994.45
8900 79.1002 0.246084 -0.710743 -0.708983 0.351239 -71865.1 -73751.1 1886.02 -52559.8 1.26614 7003.28
9000 79.1676 0.303991 -0.706672 -0.710728 0.334372 -71855 -73742.6 1887.63 -52576.4 1.26653 6995.74
9100 79.0192 0.359424 -0.710263 -0.710517 0.320069 -71903.1 -73787.2 1884.09 -52579.4 1.26615 7010.04
9200 79.0556 -0.000716155 -0.709695 -0.707666 0.318946 -71898.6 -73783.6 1884.96 -52626.8 1.2664 6992.65
9300 79.2157 -0.352747 -0.707696 -0.709756 0.312249 -71941.3 -73830.1 1888.78 -52658.3 1.26645 6996.96
9400 79.2827 -0.279764 -0.709851 -0.710776 0.345961 -71873.3 -73763.6 1890.38 -52572.5 1.2665 7003.76
9500 79.4131 -0.210364 -0.706935 -0.70868 0.337758 -71828 -73721.5 1893.49 -52539.6 1.26605 6996.7
9600 80.2335 -0.136784 -0.709446 -0.712326 0.372827 -71763 -73676.1 1913.05 -52416.3 1.2658 7016.55
9700 80.5879 -0.0605951 -0.708976 -0.708246 0.346446 -71745.4 -73666.9 1921.5 -52493 1.26657 6986.49
9800 79.8193 0.0107681 -0.707931 -0.712087 0.341536 -71806.6 -73709.7 1903.17 -52489.5 1.26642 7009.19
9900 78.7578 0.0746519 -0.70961 -0.708276 0.315945 -71923.6 -73801.5 1877.86 -52643.6 1.26561 6991.22
10000 78.1995 0.137739 -0.709859 -0.708662 0.325522 -71941.4 -73806 1864.55 -52620.7 1.26594 7007.79
10100 78.2689 0.194684 -0.705511 -0.707628 0.314256 -71975.3 -73841.5 1866.2 -52713.6 1.26571 6985.21
10200 78.7689 0.259282 -0.710475 -0.711393 0.327463 -71906.1 -73784.2 1878.13 -52582.6 1.26631 7010.9
10300 78.6521 0.31752 -0.708626 -0.709357 0.317128 -71925.9 -73801.2 1875.34 -52638.4 1.26662 6999.51
10400 78.8113 0.333884 -0.709914 -0.707791 0.3102 -71951.9 -73831.1 1879.14 -52673.7 1.26695 6998.02
10500 79.0756 -0.357127 -0.709953 -0.710487 0.349074 -71877.6 -73763 1885.44 -52586 1.26696 7002.91
10600 79.5666 -0.285422 -0.707329 -0.709035 0.342415 -71800.5 -73697.7 1897.15 -52520.3 1.2662 6994.58
10700 79.4079 -0.222924 -0.709939 -0.709152 0.310594 -71868.8 -73762.2 1893.36 -52575.3 1.26656 7001.38
10800 78.4087 -0.171059 -0.710054 -0.710236 0.299704 -71993.4 -73862.9 1869.54 -52688 1.26656 7005.64
10900 78.1114 -0.116616 -0.708006 -0.710124 0.306841 -72022 -73884.5 1862.45 -52719.7 1.2665 7004.24
11000 78.3333 -0.0583646 -0.7093 -0.710082 0.33073 -71952.3 -73820 1867.74 -52675 1.2663 6994.07
11100 78.7492 -0.0018859 -0.711193 -0.707809 0.302578 -71926.5 -73804.1 1877.66 -52631.8 1.26661 7002.07
11200 78.5417 0.054982 -0.707061 -0.712638 0.317914 -71925.1 -73797.8 1872.71 -52623.5 1.26675 7005.38
11300 79.0547 0.116945 -0.71 -0.704593 0.325224 -71888.3 -73773.2 1884.94 -52610.8 1.26581 6991.43
11400 79.0605 0.176228 -0.71081 -0.710616 0.316493 -71895 -73780.1 1885.08 -52585.1 1.26617 7005.13
11500 78.4941 0.226125 -0.707179 -0.710257 0.287262 -71992.9 -73864.5 1871.57 -52687.3 1.26583 7001.71
11600 79.6117 0.3005 -0.709296 -0.708983 0.348531 -71840.6 -73738.8 1898.22 -52550.3 1.2656 6994.87
11700 79.2201 0.361 -0.710216 -0.707056 0.318421 -71875.7 -73764.6 1888.88 -52592.5 1.26612 6995.17
11800 78.3449 -0.367222 -0.70901 -0.711896 0.282921 -71977.6 -73845.6 1868.02 -52656.2 1.26647 7010.97
11900 78.9342 -0.301615 -0.70987 -0.709144 0.308621 -71952.9 -73834.9 1882.07 -52660.6 1.26609 6998.3
12000 79.0801 -0.235693 -0.710476 -0.707615 0.320546 -71941 -73826.5 1885.55 -52673.3 1.26645 6991.39
12100 79.2569 -0.167744 -0.707717 -0.709865 0.339166 -71903.6 -73793.4 1889.76 -52603.2 1.26657 7003.95
12200 80.1048 -0.0857603 -0.709662 -0.710631 0.354483 -71779.1 -73689 1909.98 -52486.8 1.26642 7000.15
12300 79.8165 -0.0135562 -0.708932 -0.707569 0.359269 -71760.5 -73663.6 1903.11 -52469 1.26653 7000.55
12400 79.7938 0.0576958 -0.709782 -0.709751 0.349622 -71792.6 -73695.2 1902.56 -52490.7 1.26664 7004.87
12500 79.1329 0.121508 -0.709629 -0.709619 0.297082 -71885.4 -73772.2 1886.8 -52587.1 1.26631 7001.69
12600 78 0.178803 -0.707804 -0.70959 0.308873 -71991.3 -73851.1 1859.79 -52717.8 1.26639 6993.15
12700 78.697 0.245074 -0.710668 -0.708294 0.336569 -71925.1 -73801.5 1876.41 -52635.1 1.26703 7002.68
12800 79.497 0.318348 -0.709622 -0.710453 0.365 -71839.7 -73735.1 1895.49 -52549.3 1.26663 7000.69
12900 78.9445 0.0174591 -0.70805 -0.708523 0.30043 -71901.8 -73784.1 1882.31 -52629.1 1.26671 6994.62
13000 77.9383 -0.334 -0.70805 -0.707476 0.293969 -72039.4 -73897.7 1858.32 -52770.1 1.26682 6994.01
13100 78.6832 -0.261247 -0.710483 -0.711311 0.343437 -71908.3 -73784.4 1876.08 -52598.4 1.26683 7008.86
13200 78.8386 -0.200167 -0.710704 -0.707798 0.335955 -71890.1 -73769.9 1879.79 -52598.5 1.26658 7000.79
13300 78.1885 -0.15382 -0.70831 -0.709843 0.295079 -71985.4 -73849.7 1864.29 -52700.1 1.26664 6998.8
13400 78.1528 -0.105101 -0.708205 -0.710896 0.287863 -72034 -73897.4 1863.44 -52736 1.26642 7002.2
13500 79.1295 -0.0377377 -0.709227 -0.708582 0.315866 -71928.8 -73815.5 1886.72 -52677.6 1.26727 6989.9
13600 78.482 0.0165611 -0.710731 -0.709699 0.314476 -71956.9 -73828.2 1871.29 -52649 1.26743 7011.53
13700 78.7103 0.0748495 -0.709205 -0.707573 0.306909 -71950.6 -73827.3 1876.73 -52682.4 1.26672 6993.05
13800 79.1079 0.134559 -0.70997 -0.709876 0.31695 -71944 -73830.2 1886.21 -52641.5 1.26677 7005.92
13900 78.7091 0.190231 -0.708086 -0.708915 0.30026 -72006.1 -73882.8 1876.7 -52749.8 1.26686 6989.54
14000 78.6554 0.250039 -0.70889 -0.710417 0.318632 -71970.6 -73846.1 1875.42 -52677.1 1.26728 7005.36
14100 79.1259 0.311465 -0.710301 -0.708489 0.306934 -71986.5 -73873.2 1886.64 -52693.8 1.2668 7002.41
14200 78.6802 -0.0101004 -0.709584 -0.708393 0.313944 -71975.9 -73851.9 1876.01 -52690.2 1.26641 6997.67
14300 78.2664 -0.323521 -0.707666 -0.71053 0.273302 -72073.9 -73940.1 1866.15 -52819.5 1.26617 6985.16
14400 78.9113 -0.260239 -0.711393 -0.706961 0.335583 -71978.4 -73859.9 1881.52 -52645.6 1.26632 7014.42
14500 79.432 -0.195479 -0.708912 -0.711864 0.348751 -71938.5 -73832.4 1893.94 -52640.8 1.2663 7001.41
14600 79.8205 -0.122727 -0.707403 -0.709261 0.343012 -71900.2 -73803.4 1903.2 -52604.4 1.26571 6997.48
14700 80.1428 -0.0433552 -0.708497 -0.709043 0.363739 -71808.5 -73719.4 1910.89 -52516.8 1.26652 7000.55
14800 80.3965 0.0390858 -0.708642 -0.70895 0.364699 -71762.3 -73679.3 1916.93 -52480.5 1.2667 6997.9
14900 79.5933 0.114884 -0.710835 -0.709894 0.342417 -71810.3 -73708 1897.78 -52515.8 1.26688 7003.47
15000 78.6272 0.176461 -0.708068 -0.711117 0.288502 -71927 -73801.7 1874.75 -52625.9 1.26693 7006.13
15100 78.2847 0.240836 -0.709921 -0.707391 0.317826 -71973.2 -73839.8 1866.58 -52682.7 1.26575 6995.75
15200 78.671 0.30907 -0.70889 -0.711662 0.321039 -71971 -73846.8 1875.79 -52621.6 1.26507 7013.4
15300 79.2348 -0.25453 -0.706144 -0.708551 0.335233 -71879.6 -73768.8 1889.23 -52609.7 1.26447 6981.29
15400 79.1184 -0.260178 -0.709519 -0.710733 0.350025 -71836.4 -73722.9 1886.46 -52487.9 1.26463 7010.6
15500 80.7058 -0.167358 -0.70812 -0.708408 0.367164 -71682.4 -73606.7 1924.31 -52387.9 1.26459 6990.82
15600 80.1842 -0.0842804 -0.710557 -0.710067 0.343674 -71704.4 -73616.2 1911.87 -52366.1 1.2648 7007.86
15700 79.775 -0.00741372 -0.708071 -0.709688 0.322867 -71770.1 -73672.2 1902.12 -52466.1 1.26484 6995.66
15800 79.6715 0.0764143 -0.70912 -0.710675 0.351988 -71777 -73676.7 1899.65 -52444.9 1.26515 7007.57
15900 79.5694 0.158389 -0.710119 -0.707649 0.341125 -71777.2 -73674.4 1897.21 -52505.6 1.26559 6988.05
16000 78.4385 0.220624 -0.709669 -0.70855 0.295453 -71914 -73784.3 1870.25 -52617.1 1.26623 7000.86
16100 78.0795 0.277373 -0.708868 -0.710321 0.30896 -71990.5 -73852.2 1861.69 -52679.9 1.26651 7007.38
16200 78.926 -0.0428574 -0.709609 -0.708832 0.340395 -71890.9 -73772.7 1881.87 -52601.1 1.26702 7002.52
16300 78.036 -0.291749 -0.708338 -0.707324 0.291097 -71981 -73841.6 1860.65 -52738 1.26663 6983.43
16400 78.1624 -0.235526 -0.710178 -0.71166 0.296376 -71994.5 -73858.2 1863.66 -52635.3 1.26624 7023.5
16500 78.2928 -0.179722 -0.708647 -0.708158 0.299519 -72025.3 -73892.1 1866.78 -52760 1.26504 6982.72
16600 78.349 -0.125464 -0.709665 -0.707871 0.293602 -72066.9 -73935 1868.11 -52759.8 1.26532 6999.42
16700 78.3646 -0.0689868 -0.707013 -0.713758 0.329145 -72023.4 -73891.9 1868.49 -52698.7 1.26529 7005.65
16800 81.6396 0.037266 -0.708593 -0.706339 0.36802 -71633.5 -73580 1946.57 -52371 1.26619 6988.03
16900 80.9019 0.12003 -0.711452 -0.711089 0.340233 -71675 -73604 1928.98 -52340.7 1.26676 7017.29
17000 79.5575 0.192729 -0.706974 -0.707664 0.331582 -71801.1 -73698.1 1896.93 -52550 1.26709 6988.94
17100 78.7546 0.264458 -0.710224 -0.710454 0.32564 -71885.4 -73763.2 1877.78 -52594 1.26735 7005
17200 78.3964 0.150287 -0.70898 -0.711651 0.292532 -71961 -73830.2 1869.24 -52665.3 1.26677 7003.32
17300 78.7449 -0.28531 -0.709556 -0.708058 0.327149 -71953.4 -73831 1877.55 -52692 1.26675 6990.78
17400 78.4676 -0.217213 -0.710424 -0.70905 0.312402 -71958.2 -73829.1 1870.94 -52663.1 1.26746 7006.87
17500 77.3726 -0.178166 -0.706178 -0.710476 0.242337 -72147.8 -73992.6 1844.83 -52889.5 1.26692 6990.51
17600 77.7816 -0.132569 -0.711222 -0.706665 0.285598 -72158.8 -74013.4 1854.59 -52863 1.26642 7001.45
17700 78.3965 -0.0710355 -0.707745 -0.709278 0.318682 -72052.2 -73921.5 1869.25 -52792.6 1.26664 6989.53
17800 78.6733 -0.0161299 -0.710559 -0.709115 0.292055 -72083.3 -73959.1 1875.85 -52756.3 1.26598 7010.29
17900 78.5914 0.0464847 -0.707379 -0.71106 0.330295 -72037.3 -73911.2 1873.89 -52747.1 1.26607 6997.41
18000 79.172 0.11135 -0.710979 -0.706765 0.289601 -71982.4 -73870.1 1887.74 -52686.6 1.26615 7000.02
18100 78.4397 0.161444 -0.709522 -0.710656 0.281711 -72071.4 -73941.7 1870.28 -52760.6 1.26587 7003.85
18200 78.3696 0.217555 -0.708339 -0.710035 0.312886 -72096.1 -73964.7 1868.61 -52772.4 1.26493 7003.26
18300 78.7019 0.275188 -0.71029 -0.708207 0.315757 -72090 -73966.5 1876.53 -52777.6 1.26455 6997.06
18400 79.1011 0.0286064 -0.709089 -0.710269 0.336125 -71995.6 -73881.6 1886.05 -52689.8 1.26512 6997.8
18500 79.9233 -0.252107 -0.70765 -0.710741 0.341901 -71862.9 -73768.5 1905.65 -52529 1.26501 7007.43
18600 80.0501 -0.165832 -0.711113 -0.708303 0.372381 -71740.9 -73649.6 1908.67 -52441.6 1.26538 6996.93
18700 79.672 -0.0981256 -0.708898 -0.71003 0.311893 -71850.8 -73750.4 1899.66 -52536.5 1.26517 7001.24
18800 79.1618 -0.0224493 -0.709779 -0.707047 0.327468 -71871.3 -73758.8 1887.5 -52568.1 1.26557 6999.41
18900 78.9685 0.0522838 -0.707448 -0.711116 0.325654 -71867 -73749.9 1882.89 -52567.2 1.26615 7001.38
19000 78.9663 0.124095 -0.708107 -0.710952 0.304275 -71893.3 -73776.2 1882.83 -52610.6 1.26701 6999.96
19100 78.1782 0.18758 -0.710519 -0.707838 0.304111 -71955.5 -73819.6 1864.04 -52679 1.26722 6998.82
19200 78.3699 0.252084 -0.709143 -0.708434 0.308156 -71951.7 -73820.3 1868.61 -52684 1.26681 6993.43
19300 78.2227 0.298308 -0.70877 -0.710593 0.261027 -72083.5 -73948.6 1865.1 -52784 1.26699 7005.9
19400 77.7292 -0.157273 -0.709697 -0.710104 0.283669 -72126 -73979.3 1853.34 -52828.8 1.2674 7007.33
19500 78.5072 -0.257717 -0.706543 -0.710947 0.32475 -72056.5 -73928.4 1871.89 -52777.5 1.2666 6996.47
19600 80.278 -0.174268 -0.711684 -0.706977 0.332113 -71860.9 -73775 1914.11 -52567.7 1.26617 6999.08
19700 78.5788 -0.121631 -0.709618 -0.710335 0.289268 -72022.3 -73895.9 1873.59 -52748.7 1.26588 6990.48
19800 77.9024 -0.0733575 -0.708057 -0.710418 0.248431 -72153.3 -74010.7 1857.47 -52814.1 1.26553 7012.2
19900 78.4856 -0.0053264 -0.710173 -0.709977 0.325406 -72049.8 -73921.1 1871.37 -52737 1.26508 7000.14
20000 78.8843 0.0497071 -0.708433 -0.708416 0.30217 -72072.8 -73953.7 1880.88 -52769 1.2644 6993.16
20100 78.6618 0.11243 -0.710217 -0.710189 0.307475 -72077.5 -73953.1 1875.57 -52722.7 1.26418 7010.37
20200 78.6092 0.181185 -0.708371 -0.708697 0.341726 -72014.5 -73888.9 1874.32 -52693.8 1.26423 6998.4
20300 79.7015 0.257785 -0.70995 -0.711049 0.318255 -71877.6 -73778 1900.36 -52564.8 1.2653 7001.44
20400 79.0549 0.030478 -0.707692 -0.707248 0.325842 -71942 -73826.9 1884.95 -52650.9 1.26583 6996.47
20500 79.8127 -0.245665 -0.711377 -0.70805 0.359196 -71821.8 -73724.8 1903.01 -52543.5 1.26629 6994.33
20600 79.4315 -0.178002 -0.707225 -0.708878 0.319596 -71885.5 -73779.5 1893.92 -52604.3 1.26727 7000.83
20700 79.2227 -0.100964 -0.70794 -0.710906 0.325263 -71902.3 -73791.3 1888.95 -52639.8 1.26761 6995.98
20800 79.2942 -0.0313761 -0.712419 -0.710055 0.311304 -71967.5 -73858.2 1890.65 -52645.2 1.26704 7014.56
20900 77.7262 0.0119922 -0.708159 -0.709629 0.266282 -72169 -74022.3 1853.27 -52905.9 1.26674 6991.34
21000 78.6701 0.0840366 -0.707136 -0.705859 0.322656 -72078.6 -73954.3 1875.77 -52836.6 1.26656 6982.71
21100 78.1619 0.136055 -0.712947 -0.713125 0.286675 -72156.7 -74020.4 1863.65 -52779 1.26622 7030.13
21200 77.7511 0.185471 -0.706796 -0.706264 0.287966 -72211.6 -74065.4 1853.86 -52953.3 1.26596 6985.32
21300 78.9712 0.260864 -0.709732 -0.709484 0.358489 -72005.4 -73888.3 1882.95 -52709.9 1.26619 7000.01
21400 79.6551 -0.0453665 -0.709656 -0.708826 0.3362 -71911.2 -73810.5 1899.26 -52626.4 1.26683 6999.71
21500 78.6287 -0.255073 -0.70984 -0.711441 0.300064 -71996.6 -73871.3 1874.78 -52695 1.26699 7006.65
21600 78.1936 -0.20306 -0.70781 -0.708836 0.287418 -72095.8 -73960.2 1864.41 -52843.1 1.26677 6987.77
21700 78.3756 -0.139649 -0.708573 -0.710121 0.342903 -72033.2 -73902 1868.75 -52726.6 1.26655 7006.08
21800 79.955 -0.0526723 -0.708792 -0.70865 0.35287 -71844 -73750.5 1906.41 -52557.6 1.26596 6995.5
21900 80.3569 0.0390871 -0.709134 -0.708137 0.369299 -71745.5 -73661.5 1915.99 -52457.3 1.26555 6993.82
22000 80.9687 0.140251 -0.707902 -0.710609 0.377621 -71613.9 -73544.5 1930.58 -52296.2 1.26556 7004.67
22100 80.6049 0.225434 -0.708167 -0.709662 0.309063 -71700.1 -73622 1921.9 -52408.5 1.26544 6994.45
22200 79.1813 0.0777944 -0.710547 -0.708775 0.337345 -71835.1 -73723 1887.96 -52516.4 1.26584 7006.51
22300 79.1064 -0.242921 -0.710308 -0.71107 0.342825 -71821.8 -73708 1886.17 -52510 1.2663 7006.62
22400 78.7629 -0.180027 -0.710269 -0.711521 0.274589 -71946.3 -73824.2 1877.98 -52623.1 1.26754 7017.76
22500 77.7475 -0.123698 -0.708091 -0.707429 0.291814 -72028.4 -73882.2 1853.77 -52815 1.26789 6979.71
22600 78.7246 -0.0488273 -0.70598 -0.711634 0.319283 -71941.6 -73818.7 1877.07 -52685 1.26826 6997.38
22700 79.0985 0.0380204 -0.711097 -0.708163 0.336239 -71870.8 -73756.8 1885.99 -52577.6 1.26774 7007.81
22800 79.1163 0.11804 -0.708683 -0.709198 0.33917 -71886.2 -73772.6 1886.41 -52620.4 1.26712 6994.47
22900 79.131 0.19527 -0.710226 -0.706412 0.315066 -71881.5 -73768.2 1886.76 -52581.4 1.26652 7003.5
23000 77.6476 0.234421 -0.71041 -0.711976 0.239067 -72114.2 -73965.6 1851.39 -52825.5 1.26607 6996.89
23100 77.7346 0.193398 -0.707344 -0.710185 0.267762 -72155.2 -74008.6 1853.46 -52836.7 1.26569 7005.57
23200 78.0765 -0.286784 -0.708672 -0.708111 0.238235 -72177.5 -74039.1 1861.62 -52892.1 1.26577 6994
23300 78.0286 -0.23395 -0.712003 -0.711068 0.301411 -72174.3 -74034.8 1860.47 -52851 1.26599 7009.05
23400 78.9401 -0.164601 -0.706094 -0.70895 0.299011 -72098.5 -73980.7 1882.21 -52816.5 1.26586 6993.34
23500 79.9401 -0.079134 -0.708005 -0.707451 0.34842 -71950.4 -73856.4 1906.05 -52671.7 1.26617 6993.85
23600 79.2758 -0.00508754 -0.714382 -0.710433 0.335026 -71965.5 -73855.7 1890.21 -52620.4 1.26568 7015.26
23700 78.8237 0.0617885 -0.705335 -0.708349 0.323024 -71998.1 -73877.6 1879.43 -52715.5 1.26514 6989.61
23800 79.3527 0.155037 -0.708815 -0.711845 0.360098 -71849 -73741 1892.05 -52524.9 1.2654 7006.02
23900 80.5112 0.243824 -0.70893 -0.706919 0.318765 -71786.1 -73705.8 1919.67 -52489.2 1.26481 6992.93
24000 77.8817 0.262135 -0.708476 -0.70897 0.257606 -72066 -73922.9 1856.97 -52750.1 1.26465 6998.91
24100 77.8341 -0.268019 -0.710303 -0.709698 0.276192 -72111.2 -73967 1855.84 -52789.7 1.26459 7000.61
24200 78.1008 -0.202996 -0.708545 -0.7101 0.305788 -72088.2 -73950.4 1862.2 -52783.9 1.26456 6994.32
24300 78.5156 -0.137026 -0.709857 -0.71165 0.310319 -72055.7 -73927.8 1872.09 -52708.6 1.2648 7011.08
24400 78.4631 -0.0729605 -0.710318 -0.709511 0.3202 -72063.9 -73934.8 1870.84 -52735.7 1.26497 7005.15
24500 78.8226 -0.00941978 -0.706934 -0.706886 0.275537 -72050.7 -73930.1 1879.41 -52765.4 1.26488 6989.07
24600 78.7068 0.0512135 -0.711242 -0.708886 0.313485 -72092.1 -73968.8 1876.64 -52773.6 1.26464 6999.79
24700 77.6518 0.093365 -0.708354 -0.709536 0.260886 -72208.2 -74059.7 1851.49 -52873.3 1.26439 7004.36
24800 78.484 0.165257 -0.708938 -0.710618 0.341513 -72063.4 -73934.7 1871.33 -52756.8 1.2645 6994.72
24900 79.5466 0.238982 -0.707514 -0.710425 0.297338 -71975.2 -73871.9 1896.67 -52646.6 1.26469 7003.74
25000 79.6891 -0.0692436 -0.710505 -0.706901 0.323266 -71940.7 -73840.8 1900.07 -52636.9 1.26489 6995.84
25100 78.8483 -0.212403 -0.708318 -0.710095 0.342597 -71944.5 -73824.5 1880.02 -52621.6 1.26479 7002.3
25200 80.7616 -0.109434 -0.709975 -0.708802 0.374406 -71735.9 -73661.6 1925.64 -52423.5 1.26502 6999.7
25300 79.1907 -0.0429486 -0.708498 -0.71112 0.269112 -71920.8 -73809 1888.18 -52623.3 1.2655 6996.92
25400 78.4319 0.0242177 -0.709596 -0.709052 0.315471 -72029.4 -73899.5 1870.09 -52713.2 1.26537 7003.01
25500 79.1664 0.117288 -0.708998 -0.7095 0.318795 -71908.2 -73795.8 1887.6 -52601.8 1.26586 7002.17
25600 78.2684 0.183803 -0.709006 -0.711263 0.322643 -71976.7 -73842.9 1866.19 -52672.9 1.26561 6999.8
25700 78.0906 0.241055 -0.708282 -0.706974 0.269127 -72044.9 -73906.9 1861.95 -52745.1 1.26466 6993.13
25800 77.6702 0.212914 -0.709324 -0.712367 0.263906 -72148.9 -74000.8 1851.93 -52801.5 1.26514 7013.08
25900 78.3474 -0.246704 -0.707924 -0.707506 0.316841 -72083 -73951.1 1868.08 -52796.4 1.2645 6987.51
26000 80.8096 -0.142513 -0.710463 -0.707695 0.381642 -71774.6 -73701.3 1926.78 -52450.7 1.26497 7003.56
26100 79.5501 -0.0683942 -0.708867 -0.710089 0.292887 -71887.2 -73784 1896.75 -52556.7 1.26453 7003.52
26200 77.9634 -0.015728 -0.710316 -0.708623 0.270932 -72073.6 -73932.5 1858.92 -52755.9 1.26452 6998.81
26300 78.1217 0.0506019 -0.709703 -0.70953 0.326016 -72052 -73914.7 1862.69 -52721.4 1.26417 7001.6
26400 79.8475 0.149108 -0.708818 -0.709886 0.371145 -71816.3 -73720.1 1903.84 -52506.6 1.2644 6995.33
26500 79.9318 0.228895 -0.710402 -0.709207 0.316008 -71829.9 -73735.7 1905.85 -52500.3 1.26481 7004.87
26600 78.057 0.137762 -0.70831 -0.708414 0.260576 -72036.6 -73897.8 1861.15 -52765.8 1.26518 6985.53
26700 77.5091 -0.259148 -0.708742 -0.708447 0.268432 -72097.6 -73945.7 1848.09 -52777.2 1.26522 7003.7
26800 77.9285 -0.205339 -0.707722 -0.709869 0.275438 -72119.7 -73977.8 1858.09 -52814.8 1.26488 6996.23
26900 78.7343 -0.134166 -0.711841 -0.709866 0.31535 -72048 -73925.3 1877.3 -52696.3 1.26412 7008.98
27000 78.8978 -0.0671767 -0.709048 -0.709881 0.326751 -72030 -73911.2 1881.2 -52687.6 1.2637 7003.23
27100 78.5321 -0.00146893 -0.708092 -0.709283 0.301684 -72060 -73932.5 1872.48 -52724.1 1.26317 6997.99
27200 78.8167 0.0742305 -0.709453 -0.710088 0.31852 -72010.4 -73889.6 1879.27 -52667.2 1.26325 7001.07
27300 78.8939 0.149317 -0.709157 -0.709416 0.335455 -71988.7 -73869.8 1881.11 -52661.4 1.26266 6992
27400 79.6538 0.22333 -0.709339 -0.707297 0.296988 -71964.2 -73863.4 1899.23 -52623.8 1.26333 7000.48
27500 78.5536 -0.0192166 -0.710039 -0.708783 0.340702 -71995.4 -73868.4 1872.99 -52654.8 1.26423 7005.49
27600 78.8599 -0.214734 -0.708396 -0.71009 0.313056 -71967.5 -73847.7 1880.3 -52663.1 1.26467 6994.82
27700 79.0307 -0.139384 -0.708136 -0.710546 0.319784 -71954.3 -73838.7 1884.37 -52650.8 1.26507 6996.77
27800 79.6984 -0.0481699 -0.710544 -0.708908 0.346156 -71865.8 -73766.1 1900.29 -52528.9 1.26515 7009.29
27900 80.1245 0.0514234 -0.707125 -0.709195 0.349307 -71779.1 -73689.5 1910.45 -52488.4 1.26493 6991.31
28000 79.375 0.126377 -0.710066 -0.708365 0.298156 -71878.5 -73771.1 1892.58 -52572.9 1.26564 7000.68
28100 78.8001 0.208299 -0.711668 -0.710605 0.327195 -71904.7 -73783.6 1878.87 -52559.8 1.26565 7015.03
28200 78.0189 0.168401 -0.706876 -0.710922 0.264149 -72088 -73948.2 1860.24 -52796.5 1.26561 6995.38
28300 78.7002 -0.236039 -0.708584 -0.707614 0.331031 -71978.9 -73855.4 1876.49 -52706.6 1.26585 6989.74
28400 78.6132 -0.167402 -0.710284 -0.708413 0.259533 -72032.2 -73906.6 1874.41 -52745.5 1.26638 6997.91
28500 77.6047 -0.129024 -0.708993 -0.708858 0.255222 -72188.1 -74038.4 1850.37 -52897.3 1.26668 7001.04
28600 77.4949 -0.0759582 -0.708684 -0.711231 0.272086 -72208.5 -74056.3 1847.75 -52908.9 1.26678 7004.79
28700 78.4361 -0.0110776 -0.709622 -0.711649 0.33347 -72102.1 -73972.3 1870.19 -52788.3 1.26667 7009.32
28800 79.5265 0.0657661 -0.709798 -0.708746 0.326394 -71976.3 -73872.5 1896.19 -52672.6 1.26608 7002.41
28900 79.9123 0.155051 -0.708077 -0.706134 0.325926 -71883.2 -73788.5 1905.39 -52616.2 1.26563 6986.63
29000 78.8915 0.226793 -0.710758 -0.709299 0.317207 -71957.8 -73838.9 1881.05 -52658.2 1.26609 7001.02
29100 78.3701 -0.00147744 -0.707564 -0.710035 0.311055 -72036.6 -73905.2 1868.62 -52753.8 1.26592 6993.94
29200 80.2132 -0.171928 -0.711106 -0.708045 0.337403 -71775.9 -73688.5 1912.56 -52503.9 1.26702 6996.13
29300 78.7256 -0.114505 -0.706569 -0.711129 0.287665 -71977.9 -73855 1877.09 -52693.4 1.26781 7004.94
29400 78.8438 -0.0249967 -0.710487 -0.708848 0.331869 -71914.4 -73794.3 1879.91 -52653.4 1.26765 6995.59
29500 78.5553 0.0240592 -0.708779 -0.709024 0.24063 -72077.4 -73950.5 1873.03 -52808.3 1.26804 7000.67
29600 77.6502 0.0847344 -0.710655 -0.709305 0.270525 -72136 -73987.4 1851.45 -52839.9 1.26726 7006.21
29700 77.6219 0.130999 -0.708204 -0.70755 0.271554 -72204.4 -74055.2 1850.78 -52954.9 1.26694 6987.51
29800 78.5766 0.214709 -0.710439 -0.709856 0.321213 -72043.1 -73916.7 1873.54 -52707.4 1.26548 7010.73
29900 79.3259 -0.109558 -0.708883 -0.70955 0.339703 -71942.1 -73833.5 1891.41 -52662.2 1.26479 6986.71
30000 80.0355 -0.182329 -0.707118 -0.711522 0.342235 -71866.1 -73774.4 1908.33 -52509.4 1.26465 7013.69
30100 81.2524 -0.0724164 -0.711183 -0.706901 0.324662 -71738.3 -73675.7 1937.34 -52423.9 1.26448 6997.44
30200 78.1419 -0.0215781 -0.709059 -0.711696 0.272371 -72057.7 -73920.8 1863.18 -52711.7 1.26512 7012.47
30300 78.0354 0.0510396 -0.708253 -0.707572 0.302927 -72068.3 -73928.9 1860.64 -52794 1.26542 6988.13
30400 78.1609 0.120736 -0.711952 -0.713127 0.312401 -72075.4 -73939.1 1863.63 -52716.5 1.26558 7019.85
30500 77.6158 0.172286 -0.707099 -0.707769 0.266649 -72166.9 -74017.6 1850.63 -52894.7 1.26536 6987.15
30600 78.8725 0.133017 -0.709016 -0.707242 0.342682 -72025.2 -73905.8 1880.6 -52740.1 1.26536 6991.69
30700 78.511 -0.240084 -0.711319 -0.711621 0.252953 -72071 -73943 1871.98 -52710.1 1.26526 7018.64
30800 78.4686 -0.183694 -0.7072 -0.706978 0.308661 -72123.8 -73994.8 1870.97 -52861.6 1.26402 6976.05
30900 78.6819 -0.1147 -0.709538 -0.713332 0.2833 -72090.9 -73967 1876.05 -52729.4 1.264 7011.93
31000 78.6005 -0.0571464 -0.706451 -0.70605 0.284311 -72129.6 -74003.7 1874.11 -52809 1.26346 6994.01
31100 78.432 0.00601101 -0.711507 -0.711388 0.28408 -72096.7 -73966.8 1870.09 -52761 1.26426 7003.97
31200 77.9148 0.0623574 -0.708538 -0.708306 0.30576 -72115 -73972.8 1857.76 -52783.9 1.26493 7006
31300 79.1559 0.132626 -0.710834 -0.709573 0.308491 -72042.3 -73929.6 1887.35 -52746.5 1.26588 6998.49
31400 78.3218 0.195384 -0.707458 -0.707664 0.305739 -72061.4 -73928.9 1867.47 -52800.2 1.2664 6988.81
31500 80.3753 -0.0521924 -0.708687 -0.711164 0.397946 -71780.1 -73696.6 1916.43 -52467.4 1.26642 7007.55
31600 80.9963 -0.156075 -0.710298 -0.708285 0.302481 -71752.4 -73683.6 1931.23 -52480.8 1.26661 6993.65
31700 80.6993 -0.0449312 -0.709773 -0.710416 0.407439 -71647 -73571.1 1924.15 -52325.5 1.26571 7006.83
31800 81.5089 0.0693476 -0.707705 -0.710286 0.329393 -71630 -73573.5 1943.46 -52333.6 1.26626 7000.75
31900 79.6379 0.16826 -0.706636 -0.711411 0.29192 -71784.8 -73683.6 1898.85 -52507.3 1.2671 6998.58
32000 78.5489 0.0247101 -0.712383 -0.708331 0.310113 -71872 -73744.9 1872.88 -52569.9 1.26698 7006.83
32100 78.4212 -0.19805 -0.708683 -0.709172 0.31734 -71905.9 -73775.8 1869.84 -52641.5 1.26744 6995.7
32200 78.9167 -0.104452 -0.707688 -0.709907 0.32516 -71889.5 -73771.2 1881.65 -52628.4 1.26762 6995.51
32300 79.5365 -0.000519619 -0.709037 -0.707852 0.334025 -71841.2 -73737.6 1896.43 -52582.8 1.26676 6989.83
32400 78.5014 0.0761205 -0.709735 -0.711749 0.313336 -71979.5 -73851.2 1871.75 -52651.3 1.26611 7011.45
32500 78.4009 0.166344 -0.70866 -0.70865 0.324667 -71949.5 -73818.8 1869.35 -52632.9 1.2652 7002.21
32600 80.0931 -0.0769522 -0.709237 -0.709217 0.368414 -71747.9 -73657.6 1909.7 -52424.3 1.26447 7000.69
32700 80.5213 -0.136247 -0.70931 -0.709951 0.337972 -71731.1 -73651 1919.91 -52405.1 1.26351 6996.27
32800 79.3038 -0.0426773 -0.710206 -0.709048 0.323508 -71839.2 -73730.1 1890.88 -52472.8 1.26339 7010.34
32900 79.3392 0.0597601 -0.709097 -0.707728 0.326514 -71830.6 -73722.3 1891.72 -52514.2 1.26359 6993.28
33000 79.1303 0.148498 -0.710369 -0.711204 0.334797 -71869 -73755.7 1886.74 -52509.7 1.26394 7010.92
33100 78.6375 0.21876 -0.70605 -0.708845 0.272197 -71972.7 -73847.7 1874.99 -52668.5 1.2645 6993.86
33200 77.9216 -0.228641 -0.710104 -0.708656 0.286964 -72061.7 -73919.6 1857.92 -52735.1 1.26453 7002.1
33300 78.4384 -0.151639 -0.709114 -0.707183 0.320518 -72022.4 -73892.6 1870.24 -52742.5 1.26472 6986.36
33400 78.223 -0.0872111 -0.70822 -0.709776 0.263793 -72098.2 -73963.4 1865.11 -52791.2 1.26478 6996.47
33500 77.6373 -0.0229868 -0.709251 -0.711993 0.293396 -72124.7 -73975.9 1851.14 -52780.7 1.2648 7010
33600 78.661 0.0567164 -0.709842 -0.710768 0.337096 -72031.6 -73907.2 1875.55 -52681.5 1.26418 7008.66
33700 79.1362 0.145322 -0.708205 -0.708373 0.353154 -71915.8 -73802.7 1886.88 -52615.4 1.26408 6990.15
33800 80.9442 0.0792667 -0.709228 -0.710616 0.348382 -71739.4 -73669.3 1929.99 -52392 1.26526 7013.75
33900 80.5175 -0.161325 -0.709533 -0.708165 0.333377 -71746.8 -73666.7 1919.82 -52452.9 1.2657 6996.77
34000 78.9642 -0.0690131 -0.708349 -0.708914 0.326403 -71836.3 -73719.1 1882.78 -52549.9 1.26618 6996.67
34100 78.6942 0.013225 -0.710147 -0.708951 0.300807 -71898.9 -73775.2 1876.35 -52632.7 1.26646 6990.86
34200 77.5779 0.0558905 -0.708932 -0.710016 0.231758 -72119.3 -73969 1849.73 -52807.2 1.26685 7009.73
34300 77.4862 0.106286 -0.708879 -0.708117 0.271457 -72174 -74021.5 1847.54 -52912.3 1.26742 6994.57
34400 77.7368 0.164877 -0.711012 -0.709078 0.273409 -72151.1 -74004.6 1853.52 -52879.3 1.26706 6996.31
34500 77.5695 0.205375 -0.708409 -0.711115 0.257962 -72244.5 -74094 1849.53 -52936.8 1.26683 7008.05
34600 78.4795 -0.0481116 -0.708411 -0.711215 0.354871 -72064.3 -73935.5 1871.22 -52770.1 1.2664 7000.67
34700 81.0532 -0.133344 -0.710362 -0.707606 0.319358 -71883.1 -73815.7 1932.59 -52593.6 1.26593 6996.4
34800 78.2407 -0.0842158 -0.707778 -0.70939 0.260312 -72140.3 -74005.8 1865.53 -52838.4 1.26596 7001.05
34900 78.0933 -0.00549013 -0.710808 -0.708806 0.321092 -72110.6 -73972.6 1862.02 -52806.8 1.26603 7002.19
35000 78.1276 0.0593111 -0.706565 -0.707377 0.284822 -72117.3 -73980.2 1862.84 -52867.5 1.26627 6983.98
35100 78.7466 0.132686 -0.709965 -0.709761 0.279559 -72065.7 -73943.3 1877.59 -52764.3 1.2663 7002.8
35200 77.9162 0.180496 -0.708327 -0.711304 0.283689 -72202.3 -74060.1 1857.8 -52887.3 1.26594 7005.74
35300 78.862 -0.159655 -0.71245 -0.707233 0.34405 -72010.1 -73890.5 1880.35 -52692.3 1.26488 7000.91
35400 78.634 -0.177839 -0.70644 -0.712068 0.315661 -72060.7 -73935.6 1874.91 -52743.1 1.26492 7000.97
35500 81.1303 -0.0527233 -0.709106 -0.707534 0.396555 -71753.3 -73687.7 1934.43 -52472.3 1.26512 6988.85
35600 82.8299 0.0893536 -0.710037 -0.712221 0.384437 -71520.8 -73495.8 1974.95 -52158.7 1.26564 7021.14
35700 83.3602 0.0520844 -0.70891 -0.71145 0.398651 -71430.9 -73418.5 1987.6 -52120.2 1.26505 6999.26
35800 81.0524 -0.135486 -0.706805 -0.706808 0.334415 -71584.9 -73517.5 1932.57 -52323 1.2657 6985.15
35900 78.9119 -0.0368455 -0.708575 -0.709842 0.295969 -71822.6 -73704.1 1881.54 -52517.6 1.26644 7004.87
36000 78.2508 0.0604571 -0.709668 -0.709689 0.319989 -71894.6 -73760.4 1865.77 -52593.6 1.26638 7003.11
36100 78.1439 0.160989 -0.710594 -0.70818 0.325564 -71905.4 -73768.6 1863.22 -52621.5 1.2659 6994.21
36200 78.3423 0.0357185 -0.710102 -0.711579 0.26691 -71955.2 -73823.2 1867.95 -52609 1.26633 7019.31
36300 77.2061 -0.208992 -0.7071 -0.708454 0.223646 -72166.3 -74007.2 1840.86 -52909.3 1.26616 6985.91
36400 78.3061 -0.112239 -0.709902 -0.708997 0.333646 -72011.5 -73878.6 1867.09 -52735 1.26614 6992.86
36500 79.7596 0.000737816 -0.709599 -0.711628 0.365492 -71838.9 -73740.6 1901.75 -52499 1.2664 7017.37
36600 81.1655 0.134521 -0.709736 -0.707856 0.379603 -71656.7 -73592 1935.27 -52360.4 1.26625 7000.75
36700 79.7266 0.0719077 -0.707784 -0.709145 0.309232 -71834 -73734.9 1900.96 -52568.2 1.26621 6989.39
36800 77.9837 -0.18058 -0.709878 -0.709574 0.295598 -71975.1 -73834.5 1859.41 -52664.5 1.26671 7008.36
36900 77.6948 -0.111267 -0.708612 -0.707629 0.320355 -72044.9 -73897.4 1852.52 -52763.9 1.26585 6992.97
37000 78.0083 -0.0476419 -0.708764 -0.710261 0.254538 -72092.6 -73952.6 1859.99 -52793 1.26594 7000.16
37100 77.5027 0.00967234 -0.709843 -0.708212 0.270346 -72168.7 -74016.6 1847.94 -52882.8 1.2659 6994.96
37200 77.679 0.0676202 -0.708657 -0.712628 0.291716 -72176.7 -74028.9 1852.14 -52836.9 1.26582 7014.1
37300 81.0471 0.0669565 -0.709934 -0.708075 0.393403 -71794.8 -73727.3 1932.45 -52503.9 1.26565 6995.44
37400 82.7289 -0.155054 -0.707413 -0.708205 0.341133 -71631.1 -73603.7 1972.55 -52370.1 1.26567 6984.69
37500 78.9158 -0.0724212 -0.710447 -0.710932 0.287446 -71915 -73796.6 1881.63 -52581.6 1.26657 7015.94
37600 78.2453 0.0139185 -0.70906 -0.708194 0.339818 -71971.6 -73837.2 1865.64 -52696 1.26645 6994.25
37700 78.5777 0.106809 -0.708006 -0.710425 0.307478 -71950.4 -73824 1873.57 -52667.9 1.26674 6998.4
37800 78.1512 0.189112 -0.710497 -0.710689 0.315019 -71995.8 -73859.2 1863.4 -52674.3 1.267 7013.94
37900 79.2322 -0.183718 -0.709661 -0.707767 0.349934 -71860.5 -73749.7 1889.17 -52616.8 1.26767 6989.44
38000 78.4566 -0.112906 -0.710402 -0.708447 0.265168 -71980.1 -73850.7 1870.68 -52698.3 1.26752 7002.39
38100 78.5639 -0.0331357 -0.709173 -0.708503 0.33478 -71968.8 -73842.1 1873.24 -52699 1.2672 6996.32
38200 79.5608 0.0716182 -0.708566 -0.711761 0.34303 -71858.6 -73755.6 1897.01 -52550.8 1.2675 7011.74
38300 80.3542 0.146832 -0.707473 -0.706988 0.374251 -71710.3 -73626.3 1915.93 -52483.5 1.26719 6980.73
38400 80.8663 -0.164119 -0.712936 -0.707793 0.334745 -71714.1 -73642.2 1928.14 -52416.8 1.26697 7005.02
38500 78.0515 -0.117852 -0.705565 -0.709273 0.219257 -72067.3 -73928.3 1861.02 -52805.1 1.26661 6990.32
38600 77.9469 -0.047577 -0.71044 -0.711517 0.298079 -72072.8 -73931.3 1858.53 -52768.8 1.26716 7008.44
38700 80.2026 0.0753194 -0.711684 -0.708829 0.373847 -71801.1 -73713.4 1912.31 -52502.5 1.26654 7003.08
38800 77.8462 0.104814 -0.706712 -0.70704 0.193418 -72139.7 -73995.8 1856.13 -52878.1 1.26682 6991.27
38900 77.3045 0.15585 -0.710908 -0.713988 0.266335 -72218.5 -74061.7 1843.21 -52873.5 1.26733 7024.53
39000 77.5824 0.0975198 -0.707826 -0.70471 0.271904 -72195.4 -74045.3 1849.84 -52982.8 1.26636 6971.03
39100 78.024 -0.181673 -0.712142 -0.710882 0.296898 -72152 -74012.4 1860.36 -52809.9 1.26658 7019.17
39200 77.7032 -0.14194 -0.707771 -0.708401 0.227614 -72271.3 -74124 1852.72 -53010.8 1.26653 6989.24
39300 77.6263 -0.0991023 -0.709992 -0.710268 0.268055 -72312.3 -74163.2 1850.88 -52984.9 1.26623 7011.85
39400 79.5739 0.0113979 -0.708956 -0.709122 0.348726 -72027.3 -73924.6 1897.32 -52745.2 1.26566 6992.29
39500 80.8051 0.109732 -0.707778 -0.70949 0.336092 -71887 -73813.7 1926.68 -52565.8 1.26506 7003.15
39600 79.5057 0.173501 -0.709907 -0.708494 0.305868 -71984.5 -73880.1 1895.69 -52686.2 1.26525 6995.84
39700 77.6422 -0.183115 -0.708405 -0.70766 0.282615 -72106.7 -73957.9 1851.26 -52845.2 1.26497 6981.05
39800 77.6033 -0.142641 -0.708483 -0.713649 0.295141 -72147.5 -73997.9 1850.33 -52782.8 1.26495 7018.35
39900 78.9965 -0.0477895 -0.710824 -0.710951 0.30365 -71993.7 -73877.2 1883.55 -52650.7 1.26494 7010.36
40000 77.9757 0.016648 -0.70755 -0.705335 0.281946 -72085.3 -73944.5 1859.21 -52828.6 1.265 6979.46
40100 79.2769 0.0990587 -0.710799 -0.708412 0.322828 -71989.7 -73880 1890.24 -52676.4 1.26551 7002.7
40200 78.4068 0.141739 -0.709586 -0.712607 0.226024 -72149.1 -74018.6 1869.49 -52821.7 1.26635 7012.53
40300 77.4913 0.197839 -0.70776 -0.708073 0.264547 -72217.1 -74064.8 1847.66 -52925.4 1.26631 6999.35
40400 77.7668 -0.213037 -0.70967 -0.710823 0.25127 -72257.8 -74112 1854.23 -52972 1.26594 6995.14
40500 78.1823 -0.142417 -0.709467 -0.70973 0.32036 -72187.5 -74051.6 1864.14 -52852.8 1.26598 7013.04
40600 81.5561 -0.0119696 -0.709445 -0.707534 0.373254 -71792.9 -73737.4 1944.58 -52520.5 1.26478 6983.97
40700 79.7431 0.0724186 -0.707415 -0.711372 0.318404 -71937.3 -73838.7 1901.35 -52601.4 1.26469 7006.44
40800 79.56 0.134581 -0.708796 -0.7091 0.341735 -71867.8 -73764.8 1896.99 -52571.8 1.26498 6993.5
40900 81.6792 -0.123816 -0.710793 -0.71002 0.402427 -71581.2 -73528.7 1947.52 -52266.4 1.26679 7010.35
41000 80.0332 -0.0429662 -0.710018 -0.706877 0.242552 -71850.1 -73758.4 1908.27 -52570.8 1.26706 6999.01
41100 77.7352 0.0279551 -0.705371 -0.710297 0.27497 -72063 -73916.5 1853.48 -52831.2 1.26662 6979.34
41200 77.8192 0.114331 -0.710569 -0.707941 0.284654 -72054.9 -73910.4 1855.48 -52764.4 1.26696 7002.57
41300 77.184 0.159095 -0.709862 -0.710189 0.251556 -72198.9 -74039.2 1840.34 -52907.6 1.26733 7004.85
41400 77.6988 -0.0479794 -0.71004 -0.710434 0.286845 -72178.4 -74031 1852.61 -52873.8 1.26777 7012.04
41500 77.6017 -0.161735 -0.709563 -0.707796 0.27809 -72194.1 -74044.4 1850.3 -52942.8 1.26789 6993.36
41600 78.5365 -0.07987 -0.707476 -0.709616 0.323599 -72097.4 -73970 1872.59 -52850.9 1.26747 6989.33
41700 78.716 -0.00894716 -0.71174 -0.71063 0.287825 -72097.3 -73974.2 1876.87 -52768.6 1.26744 7019.11
41800 78.6271 0.0599907 -0.706865 -0.708241 0.261095 -72123.1 -73997.8 1874.74 -52873.2 1.26719 6989.15
41900 78.2715 0.121799 -0.709369 -0.70743 0.295774 -72181.5 -74047.8 1866.27 -52920.6 1.26678 6990.78
42000 78.4336 0.118703 -0.709331 -0.711468 0.317456 -72113.3 -73983.5 1870.13 -52785.5 1.26601 7010.81
42100 79.3461 -0.139731 -0.708724 -0.707851 0.337143 -71955.7 -73847.6 1891.89 -52652.7 1.26603 7001.89
42200 79.5602 -0.0692753 -0.709208 -0.711017 0.315941 -71994.6 -73891.6 1896.99 -52701.8 1.26551 6995.35
42300 79.4235 0.00477478 -0.70865 -0.709345 0.262812 -72025.3 -73919 1893.73 -52707.2 1.26541 7003.93
42400 77.2442 0.0109762 -0.709808 -0.707287 0.165027 -72345.4 -74187.2 1841.77 -53077.4 1.26532 6985.31
42500 77.3251 0.0559045 -0.709509 -0.711913 0.229898 -72362.3 -74206 1843.7 -53038.5 1.26587 7008.58
42600 77.1235 0.0929047 -0.708193 -0.709626 0.221249 -72403.1 -74242 1838.89 -53088.1 1.26609 7006.61
42700 78.196 0.166069 -0.709314 -0.708892 0.289756 -72294.8 -74159.2 1864.47 -52982 1.26549 7002.61
42800 79.9995 -0.138732 -0.709108 -0.709437 0.39405 -72005.2 -73912.7 1907.47 -52701 1.26484 6995.86
42900 82.6241 -0.0241116 -0.709418 -0.709201 0.419015 -71600.2 -73570.3 1970.05 -52299.9 1.2653 6996.94
43000 80.688 0.0348984 -0.709782 -0.710329 0.21839 -71920.5 -73844.4 1923.88 -52604.9 1.26575 7004.87
43100 77.5223 0.0916435 -0.706332 -0.708407 0.235964 -72179.5 -74027.9 1848.4 -52924.9 1.26574 6982.71
43200 77.3438 0.150992 -0.710233 -0.709934 0.257043 -72236.5 -74080.7 1844.15 -52905.9 1.26633 7013.62
43300 77.4039 0.103963 -0.709015 -0.708918 0.263576 -72284.9 -74130.5 1845.58 -53006.3 1.26523 6988.56
43400 77.3486 -0.166261 -0.710775 -0.709151 0.294406 -72251.4 -74095.7 1844.26 -52895.6 1.26441 7012.09
43500 77.7824 -0.112356 -0.707797 -0.710922 0.254494 -72274.8 -74129.5 1854.61 -52957.6 1.2645 6998.67
43600 79.1935 -0.0280961 -0.711247 -0.705736 0.326036 -72121.9 -74010.1 1888.25 -52808.7 1.26418 6995.36
43700 78.1044 -0.00412295 -0.707844 -0.708929 0.21877 -72342.9 -74205.2 1862.28 -53016 1.26404 6999.58
43800 77.928 0.0670074 -0.709464 -0.711373 0.282638 -72298.6 -74156.7 1858.08 -52955.3 1.264 7005.23
43900 77.6568 0.133193 -0.70907 -0.710317 0.301968 -72264.4 -74116 1851.61 -52927.6 1.26382 7001.87
44000 78.1133 0.139517 -0.710097 -0.709344 0.320588 -72179.7 -74042.2 1862.49 -52835.5 1.264 7005.56
44100 79.0792 -0.164964 -0.70861 -0.708563 0.308568 -72122.3 -74007.8 1885.52 -52815.4 1.26373 6990.59
44200 80.3219 -0.0486837 -0.712553 -0.707692 0.367279 -71939.8 -73855 1915.15 -52590.3 1.26333 7003.81
44300 79.1347 -0.0418919 -0.705124 -0.710599 0.148753 -72271.7 -74158.5 1886.85 -52960 1.26296 6988.04
44400 77.1533 0.01928 -0.71093 -0.708574 0.267178 -72364.7 -74204.3 1839.6 -52990.8 1.263 7010.74
44500 77.3881 0.0781489 -0.708333 -0.710139 0.281403 -72338.1 -74183.3 1845.2 -53021.2 1.26294 6989.85
44600 78.2777 0.159314 -0.708996 -0.709291 0.356872 -72172.3 -74038.7 1866.41 -52812.7 1.26287 7004.86
44700 78.7718 -0.0307781 -0.707909 -0.708228 0.358544 -72037.5 -73915.7 1878.2 -52729.5 1.26302 6987.04
44800 79.6034 -0.106316 -0.712349 -0.711484 0.307562 -71964.6 -73862.6 1898.02 -52567 1.26331 7021.07
44900 78.8914 -0.0379136 -0.706922 -0.707001 0.292779 -72072.3 -73953.4 1881.05 -52789.9 1.26302 6977.91
45000 78.1022 0.0153557 -0.708973 -0.70941 0.245116 -72217.7 -74079.9 1862.23 -52856.1 1.26356 7009.48
45100 77.4602 0.0629254 -0.709442 -0.710212 0.230323 -72307.3 -74154.2 1846.92 -52974.7 1.26366 6999.46
45200 77.4005 0.0894384 -0.709594 -0.710391 0.185236 -72415.7 -74261.2 1845.5 -53039.1 1.26322 7012.95
45300 78.4572 0.160598 -0.709762 -0.707267 0.292588 -72312 -74182.7 1870.69 -52987.3 1.26279 6991.86
45400 78.0563 0.0472299 -0.707987 -0.711085 0.257829 -72321.9 -74183.1 1861.14 -53010.3 1.26334 6990.1
45500 78.1085 -0.152936 -0.711552 -0.706814 0.311686 -72248.8 -74111.2 1862.38 -52880.1 1.26304 7009.13
45600 79.1403 -0.0758579 -0.7086 -0.712547 0.341339 -72138.8 -74025.8 1886.98 -52771.7 1.26259 7006.07
45700 80.8386 0.0428627 -0.707095 -0.70747 0.349602 -71929.2 -73856.7 1927.48 -52620 1.26244 6984.28
45800 79.0426 0.119952 -0.711187 -0.709712 0.304858 -72065.1 -73949.7 1884.65 -52684.7 1.26229 7009.24
45900 77.863 0.0821798 -0.707005 -0.710728 0.332886 -72101 -73957.5 1856.53 -52769.8 1.26289 6994.71
46000 85.2989 -0.0318819 -0.708652 -0.709198 0.478921 -71290.5 -73324.3 2033.82 -51933.5 1.26398 7010.14
46100 87.0299 0.096672 -0.707849 -0.710648 0.382638 -71113.3 -73188.4 2075.1 -51818.6 1.26497 6993
46200 82.8483 -0.0788343 -0.708522 -0.708257 0.393594 -71338.5 -73313.9 1975.39 -52055.8 1.26587 6993.59
46300 82.5437 0.100987 -0.708871 -0.708837 0.326833 -71442 -73410.1 1968.13 -52156 1.2664 6997.73
46400 78.6202 0.0184851 -0.708599 -0.709738 0.320413 -71765.5 -73640.1 1874.58 -52498.6 1.26741 6996.41
46500 78.4028 -0.0789295 -0.71246 -0.708923 0.292832 -71812.1 -73681.5 1869.4 -52527.2 1.26864 7009.71
46600 77.1051 -0.0359749 -0.70897 -0.70985 0.219244 -72091.7 -73930.2 1838.45 -52835.5 1.26923 7002.63
46700 76.9146 -0.0149725 -0.70783 -0.708729 0.16596 -72285 -74118.9 1833.91 -53052.5 1.26875 6991.35
46800 77.359 0.0423276 -0.710583 -0.709496 0.263805 -72280.7 -74125.2 1844.51 -53013.6 1.26838 7001.82
46900 77.368 0.13831 -0.708059 -0.707767 0.319841 -72164.3 -74009 1844.72 -52931.3 1.26896 6992.62
47000 79.6283 -0.0483753 -0.708166 -0.713164 0.42312 -71798.7 -73697.3 1898.62 -52508.1 1.2688 7012.68
47100 81.877 0.0329129 -0.70986 -0.709174 0.401039 -71539.9 -73492.1 1952.23 -52255 1.26818 7007.13
47200 80.9236 0.0673061 -0.708909 -0.706842 0.317282 -71628.4 -73557.9 1929.5 -52431.4 1.26852 6977.19
47300 77.8909 -0.0820641 -0.706964 -0.711092 0.222424 -71999.7 -73856.9 1857.19 -52742.3 1.26985 7006.48
47400 77.6624 -0.0902764 -0.712032 -0.711415 0.29893 -72014.6 -73866.3 1851.74 -52738.2 1.26975 7012.77
47500 77.4882 -0.0410275 -0.708937 -0.707383 0.231772 -72174.5 -74022 1847.59 -52956.2 1.26922 6988.76
47600 77.1237 0.0282196 -0.707855 -0.709637 0.240939 -72228.1 -74067 1838.9 -52974.7 1.26884 6999.42
47700 77.4576 0.0921901 -0.71054 -0.710371 0.279199 -72230.9 -74077.7 1846.86 -52928.6 1.26823 7013.77
47800 78.3224 0.00241346 -0.708798 -0.707917 0.343424 -72104.6 -73972 1867.48 -52867.7 1.26773 6987.35
47900 78.9084 -0.115698 -0.707774 -0.70968 0.336195 -72024 -73905.5 1881.45 -52740.3 1.2672 7001.34
48000 82.244 0.0539729 -0.707866 -0.710144 0.38369 -71647.2 -73608.2 1960.99 -52384 1.26701 6992.85
