# Time-averaged data for fix printave
# TimeStep v_temp v_strain v_sigmayy v_sigmazz v_sigmayz v_etotal v_pe v_ke v_enthalpy v_density v_press
100 78.0141 0.025 -0.506873 -0.509428 0.149177 -74451.7 -76311.8 1860.13 -60158.2 1.22384 5014
200 76.9887 0.075 -0.505521 -0.507812 0.371772 -74192.5 -76028.2 1835.68 -59931.6 1.22453 5003.39
300 77.7807 0.125 -0.50677 -0.507237 0.501608 -73651 -75505.6 1854.56 -59404.5 1.22578 5003.41
400 78.782 0.175 -0.506597 -0.507018 0.530007 -73129.4 -75007.8 1878.44 -58922.8 1.22743 4996.11
500 79.2583 0.225 -0.506255 -0.507044 0.514471 -72726.7 -74616.5 1889.79 -58533.7 1.22953 4999.87
600 79.6428 0.275 -0.507216 -0.504193 0.476533 -72435.9 -74334.8 1898.96 -58280.2 1.23173 4995.6
700 79.7622 0.325 -0.506077 -0.507705 0.440108 -72291.4 -74193.2 1901.81 -58138.4 1.23374 5002.89
800 79.4326 0.375 -0.504255 -0.509539 0.402066 -72220.9 -74114.9 1893.95 -58088.2 1.2357 5003.65
900 78.7849 0.425 -0.507244 -0.503761 0.386039 -72158.4 -74036.9 1878.51 -58083.4 1.23736 4989.95
1000 78.7274 0.14337 -0.507506 -0.506446 0.35057 -72103.5 -73980.7 1877.14 -57988.7 1.23845 5008.39
1100 79.1723 -0.438073 -0.504731 -0.506768 0.34901 -72073.6 -73961.4 1887.74 -58031.3 1.24004 4989.08
1200 79.143 -0.384462 -0.506333 -0.509006 0.351512 -72076.8 -73963.8 1887.05 -57992.4 1.24132 5009.18
1300 78.9205 -0.330677 -0.506132 -0.506139 0.333431 -72080.8 -73962.5 1881.74 -58036.1 1.24137 4995.28
1400 78.9789 -0.277617 -0.50616 -0.507848 0.332932 -72102 -73985.2 1883.13 -58032.5 1.24185 5006.04
1500 78.6166 -0.223989 -0.507979 -0.505508 0.33093 -72098.4 -73972.9 1874.49 -58051.7 1.24246 5000.34
1600 78.939 -0.170519 -0.505077 -0.507282 0.331688 -72089.9 -73972.1 1882.18 -58061.9 1.24229 4993.03
1700 78.7791 -0.118708 -0.507507 -0.506806 0.333267 -72101.5 -73979.9 1878.37 -58032.4 1.24209 5006.85
1800 78.8873 -0.0671433 -0.504401 -0.507216 0.345418 -72091.3 -73972.2 1880.95 -58034.6 1.24174 5001.03
1900 79.0598 -0.0128805 -0.507884 -0.50648 0.341243 -72051.5 -73936.6 1885.06 -58005.6 1.24219 4999
2000 78.9521 0.0399741 -0.506177 -0.504972 0.340066 -72054.7 -73937.2 1882.49 -58011.1 1.24215 4997.99
2100 78.742 0.0932768 -0.504709 -0.510709 0.333341 -72028.5 -73906 1877.48 -57966.2 1.24218 5004.77
2200 79.0626 0.146593 -0.506186 -0.503813 0.333447 -72004.7 -73889.8 1885.13 -58013.2 1.24261 4981.34
2300 79.137 0.198665 -0.507048 -0.509226 0.328744 -72030.7 -73917.6 1886.9 -57940.6 1.24283 5017.42
2400 78.7911 0.250979 -0.50344 -0.506183 0.32073 -72059.5 -73938.2 1878.65 -58060.7 1.24232 4982.83
2500 78.8041 0.303667 -0.508047 -0.506411 0.308333 -72069.4 -73948.4 1878.97 -58008.3 1.24285 5007.1
2600 78.6456 0.355589 -0.505911 -0.507558 0.329698 -72077.5 -73952.6 1875.19 -58025.7 1.24313 5004.9
2700 79.0265 0.409648 -0.505428 -0.506199 0.332453 -72036.7 -73921 1884.27 -58010 1.24227 4992.49
2800 79.2502 -0.08277 -0.507802 -0.508101 0.323784 -72073 -73962.6 1889.6 -58004.9 1.24263 5008.69
2900 78.3659 -0.396903 -0.50645 -0.504864 0.331884 -72059.8 -73928.4 1868.52 -58062.1 1.24275 4984.14
3000 78.7813 -0.343219 -0.507947 -0.507169 0.33316 -72009.7 -73888.1 1878.42 -57931.2 1.24336 5015.35
3100 79.2806 -0.289007 -0.504551 -0.508014 0.328216 -72025 -73915.3 1890.33 -57974.7 1.24246 5001.63
3200 79.0318 -0.237597 -0.507606 -0.504983 0.309164 -72102.9 -73987.3 1884.39 -58063.9 1.24194 4995.53
3300 78.631 -0.183282 -0.506378 -0.507108 0.324794 -72101.5 -73976.3 1874.84 -58042 1.24197 5002.93
3400 79.0845 -0.127974 -0.507395 -0.506745 0.337246 -72094.8 -73980.4 1885.65 -58048.6 1.24162 4996.81
3500 78.6747 -0.0750554 -0.505769 -0.508132 0.335404 -72088.5 -73964.4 1875.88 -58030.9 1.24219 5003.13
3600 78.9698 -0.0208082 -0.505079 -0.505602 0.320168 -72063.2 -73946.1 1882.92 -58029.2 1.24274 4997
3700 78.9356 0.0325796 -0.508267 -0.507886 0.313575 -72100.3 -73982.4 1882.1 -58046.7 1.24344 5006.71
3800 78.6305 0.0861445 -0.507243 -0.504405 0.342156 -72085 -73959.8 1874.83 -58055.6 1.243 4996.39
3900 79.0212 0.1411 -0.504693 -0.507135 0.318222 -72057.8 -73941.9 1884.14 -58067 1.24336 4984.15
4000 78.7793 0.192682 -0.507956 -0.507684 0.32111 -72082.7 -73961 1878.37 -58032.1 1.24407 5008.34
4100 78.5074 0.246888 -0.50782 -0.507051 0.333074 -72047.8 -73919.7 1871.89 -57983.4 1.244 5012.98
4200 79.2689 0.300666 -0.505253 -0.503791 0.320473 -72047.6 -73937.6 1890.05 -58062.5 1.24334 4982.04
4300 78.619 0.352902 -0.508255 -0.509544 0.312248 -72071 -73945.5 1874.55 -57984.9 1.24384 5019.97
4400 79.1471 0.406632 -0.505242 -0.50661 0.313971 -72086.1 -73973.2 1887.14 -58054.2 1.24347 4999.15
4500 79.0746 -0.340035 -0.505407 -0.509056 0.320423 -72114.2 -73999.6 1885.42 -58100.9 1.24367 4993.39
4600 78.8744 -0.360632 -0.507999 -0.504366 0.339135 -72077.3 -73957.9 1880.64 -58025.8 1.24377 5007.38
4700 79.1803 -0.306794 -0.505907 -0.508315 0.315258 -72106.6 -73994.5 1887.93 -58094.1 1.24389 4993.99
4800 78.5683 -0.251158 -0.50649 -0.506976 0.336757 -72120.8 -73994.1 1873.34 -58062.5 1.2434 5008.24
4900 78.6893 -0.196458 -0.505821 -0.503938 0.327176 -72111.2 -73987.4 1876.23 -58103.9 1.24252 4986.61
5000 78.8428 -0.14008 -0.50645 -0.507471 0.343929 -72051.3 -73931.2 1879.89 -58007.6 1.24271 5000.35
5100 79.0197 -0.0831317 -0.506344 -0.506691 0.326094 -72044.7 -73928.9 1884.11 -57984.3 1.24211 5003.84
5200 79.134 -0.0258395 -0.506733 -0.50743 0.332219 -72030.5 -73917.3 1886.83 -57971.4 1.24213 5003.45
5300 78.9225 0.0304312 -0.506046 -0.507683 0.337103 -72036 -73917.7 1881.79 -57990.4 1.24212 4998.63
5400 78.7854 0.0876022 -0.507332 -0.506372 0.338644 -71988.5 -73867.1 1878.52 -57930 1.24247 5004.64
5500 79.1654 0.146472 -0.507407 -0.506033 0.332808 -71959.2 -73846.8 1887.58 -57897.9 1.24231 5004.94
5600 79.7831 0.206701 -0.504585 -0.50727 0.322013 -71963.7 -73866.1 1902.31 -57951.3 1.24265 4988.93
5700 78.9472 0.264573 -0.508218 -0.506216 0.325781 -72011.5 -73893.8 1882.38 -57960.7 1.24337 5005.51
5800 78.62 0.32055 -0.505638 -0.50607 0.312924 -72031.2 -73905.8 1874.57 -58010.3 1.24361 4995.8
5900 78.9692 0.376755 -0.503997 -0.508581 0.322454 -72051.3 -73934.3 1882.9 -58012.6 1.24328 5000.83
6000 78.6818 -0.0568016 -0.508385 -0.506577 0.317721 -72084.5 -73960.6 1876.05 -58049.5 1.24307 4998.72
6100 78.9017 -0.357813 -0.506097 -0.504607 0.329275 -72062.1 -73943.4 1881.29 -58021.9 1.24314 5000.84
6200 79.2752 -0.295436 -0.504781 -0.511255 0.329966 -72032.6 -73922.8 1890.2 -57978.1 1.24338 5006.9
6300 79.2551 -0.232533 -0.508601 -0.503669 0.34421 -72021 -73910.7 1889.72 -58001.9 1.24373 4995.67
6400 79.2544 -0.170965 -0.507329 -0.505814 0.339011 -71999.3 -73889 1889.7 -57975.4 1.24449 5000.46
6500 78.9307 -0.114921 -0.503657 -0.508386 0.325629 -72032.7 -73914.7 1881.98 -58016.6 1.24483 4999
6600 79.1272 -0.0534421 -0.506119 -0.506279 0.317403 -72034.4 -73921.1 1886.67 -58037.6 1.24493 4992.53
6700 78.7253 0.00383762 -0.506382 -0.507112 0.328787 -72068.1 -73945.1 1877.09 -58061.9 1.24552 4998.23
6800 79.254 0.0643509 -0.506633 -0.505871 0.334742 -72048.4 -73938.1 1889.69 -58007.2 1.24434 5005.97
6900 78.9421 0.120107 -0.5054 -0.508432 0.316324 -72111.6 -73993.8 1882.26 -58097.5 1.24401 4994.99
7000 78.71 0.180683 -0.508154 -0.505274 0.341539 -72089.6 -73966.4 1876.72 -58044.1 1.2437 5005.01
7100 78.9285 0.238491 -0.50626 -0.507132 0.323081 -72074.5 -73956.5 1881.93 -58042.7 1.24405 5001.46
7200 78.43 0.293694 -0.50625 -0.505178 0.334604 -72080 -73950 1870.05 -58082.1 1.24401 4989.24
7300 78.3614 0.348068 -0.506323 -0.507688 0.345862 -72032.8 -73901.2 1868.41 -57971.2 1.24297 5007.74
7400 79.7164 -0.00955309 -0.508433 -0.507289 0.333185 -71941.9 -73842.6 1900.72 -57878.7 1.24256 5006.65
7500 79.8534 -0.340454 -0.504433 -0.505551 0.334546 -71975.3 -73879.3 1903.98 -57951.6 1.2425 4992.39
7600 79.734 -0.268736 -0.506857 -0.509362 0.342934 -71955.4 -73856.5 1901.14 -57870.3 1.24249 5014.2
7700 79.1594 -0.205901 -0.506423 -0.506232 0.336775 -71992.3 -73879.7 1887.44 -57972.7 1.24256 4991.13
7800 78.9257 -0.142755 -0.506448 -0.506962 0.335399 -72011.9 -73893.8 1881.87 -57945.1 1.24224 5006.69
7900 78.7025 -0.0853615 -0.506247 -0.504838 0.306422 -72065.7 -73942.3 1876.54 -58051.1 1.24225 4988.14
8000 78.693 -0.0240856 -0.506837 -0.508332 0.335672 -72045.2 -73921.5 1876.32 -57984.3 1.24257 5005.87
8100 78.9386 0.0408327 -0.505282 -0.506358 0.332523 -71979.1 -73861.2 1882.17 -57948.8 1.24334 4998.07
8200 79.0109 0.101994 -0.508467 -0.505261 0.322832 -71969.8 -73853.7 1883.9 -57941 1.24407 5000.55
8300 79.0909 0.159466 -0.506619 -0.508876 0.325987 -72018.4 -73904.2 1885.8 -57972.1 1.24377 5005.48
8400 79.0019 0.220611 -0.506431 -0.504829 0.32556 -72034.4 -73918.1 1883.68 -58001.5 1.24371 5000.5
8500 78.6338 0.2794 -0.506146 -0.50652 0.327756 -72035.4 -73910.3 1874.91 -58006.5 1.24316 4996.89
8600 78.7553 0.334038 -0.507459 -0.509315 0.31809 -72080.8 -73958.6 1877.8 -58024 1.2426 5004.58
8700 78.5601 0.048904 -0.503363 -0.506719 0.322755 -72082.7 -73955.9 1873.15 -58061.7 1.24273 4992.35
8800 79.0199 -0.335951 -0.507001 -0.507793 0.315597 -72051.6 -73935.7 1884.11 -57980.2 1.24288 5010.89
8900 78.9516 -0.277114 -0.508248 -0.506385 0.317142 -72075.6 -73958.1 1882.48 -58033.3 1.24252 4999.06
9000 78.853 -0.219341 -0.506044 -0.504133 0.318107 -72114.8 -73994.9 1880.13 -58093.2 1.2427 4992.42
9100 78.9857 -0.15686 -0.506395 -0.508041 0.335917 -72069.4 -73952.7 1883.3 -58037.8 1.24334 4998.52
9200 78.8641 -0.0932433 -0.506346 -0.508402 0.337695 -72031.6 -73912 1880.4 -57984 1.2436 5005.3
9300 79.3605 -0.0267832 -0.507967 -0.502867 0.348306 -71966.8 -73859 1892.23 -57937.2 1.24324 4997.43
9400 79.7514 0.0406106 -0.506565 -0.507826 0.340647 -71932.1 -73833.7 1901.55 -57897.2 1.24338 4999.85
9500 78.9772 0.0949237 -0.504735 -0.504687 0.309982 -72062.7 -73945.8 1883.09 -58061.1 1.2424 4984.14
9600 79.2153 0.161482 -0.507499 -0.508139 0.344148 -72051.6 -73940.3 1888.77 -57975.6 1.2425 5011.05
9700 79.2759 0.227175 -0.505949 -0.506872 0.336988 -72032.9 -73923.1 1890.21 -57986.2 1.24277 5001.61
9800 78.907 0.290028 -0.50662 -0.505881 0.349018 -72023.7 -73905.1 1881.42 -58004.3 1.24345 4994.69
9900 78.4854 0.34915 -0.506385 -0.506963 0.323848 -72013.1 -73884.5 1871.37 -57974.3 1.24324 5000.72
10000 79.1259 -0.249704 -0.507086 -0.507909 0.338807 -71980.9 -73867.5 1886.64 -57913.6 1.24381 5013.15
10100 79.5396 -0.278308 -0.504594 -0.507986 0.341951 -71932.2 -73828.7 1896.5 -57927 1.24451 4993.8
10200 79.3918 -0.211008 -0.50564 -0.503693 0.324371 -71955.7 -73848.7 1892.98 -57980.1 1.24489 4984.84
10300 78.7946 -0.152343 -0.507115 -0.510038 0.320838 -72040.6 -73919.3 1878.74 -57983.2 1.24455 5012.64
10400 78.9258 -0.0879396 -0.50877 -0.506036 0.326296 -72046.6 -73928.5 1881.87 -58012.8 1.24488 5005.53
10500 78.4768 -0.0304788 -0.504463 -0.506333 0.312189 -72099.2 -73970.3 1871.16 -58098.8 1.24495 4993.89
10600 79.4713 0.0404467 -0.505668 -0.506375 0.340099 -72033.1 -73927.9 1894.88 -58022.9 1.24464 4996.1
10700 79.1616 0.104214 -0.508082 -0.506921 0.344819 -72054.1 -73941.6 1887.49 -58012.3 1.24473 5007.78
10800 78.7979 0.165965 -0.506535 -0.506765 0.308398 -72083.3 -73962.1 1878.82 -58078.1 1.2446 4994.22
10900 78.7958 0.227582 -0.506604 -0.506069 0.341161 -72072.7 -73951.4 1878.77 -58052.7 1.24404 4997.27
11000 79.0983 0.291289 -0.506213 -0.506384 0.32003 -72087.4 -73973.4 1885.98 -58066.9 1.24346 4995.1
11100 78.8086 0.115927 -0.507821 -0.504577 0.346616 -72062.6 -73941.7 1879.07 -58022.8 1.2435 5002.13
11200 78.741 -0.323543 -0.505253 -0.509292 0.325176 -72070.6 -73948 1877.46 -58027.4 1.24305 5001.64
11300 79.3631 -0.252468 -0.506965 -0.505205 0.355518 -71992 -73884.3 1892.29 -57960.5 1.24249 4995.12
11400 79.4184 -0.184309 -0.506159 -0.505254 0.340236 -71989.3 -73882.9 1893.61 -57968 1.24209 4989.88
11500 79.2677 -0.116255 -0.506115 -0.508724 0.344554 -71979.9 -73869.9 1890.02 -57893.7 1.24178 5011.72
11600 79.6694 -0.0424923 -0.508733 -0.505627 0.350831 -71937.6 -73837.2 1899.6 -57872.1 1.24217 5005.93
11700 79.4748 0.0252006 -0.506779 -0.507526 0.333391 -71978.2 -73873.2 1894.96 -57931.2 1.24282 5001.95
11800 78.1569 0.0778033 -0.505683 -0.505276 0.296339 -72104.1 -73967.7 1863.53 -58081.6 1.24239 4991.53
11900 77.9538 0.133802 -0.505445 -0.510177 0.332703 -72103.1 -73961.8 1858.69 -58032.3 1.24275 5010.13
12000 79.3961 0.20523 -0.506605 -0.506802 0.334542 -71981.2 -73874.2 1893.08 -57949.6 1.243 4997.17
12100 79.2455 0.270616 -0.50698 -0.503529 0.322526 -71999.1 -73888.6 1889.49 -57967.3 1.24261 4995.7
12200 78.9187 0.222298 -0.507845 -0.506958 0.326957 -72063.1 -73944.8 1881.7 -57998 1.24243 5006.84
12300 79.3917 -0.312803 -0.505989 -0.507381 0.332217 -72003.9 -73896.9 1892.98 -57966.5 1.24294 4999.02
12400 78.7842 -0.251562 -0.504154 -0.505749 0.314816 -72076.1 -73954.6 1878.49 -58082.6 1.24263 4982.17
12500 79.3599 -0.177781 -0.508842 -0.508216 0.351195 -71998.1 -73890.3 1892.22 -57910.7 1.24292 5016.78
12600 78.4076 -0.117234 -0.503815 -0.508146 0.31876 -72047.8 -73917.3 1869.51 -57997.8 1.24274 5002.71
12700 79.3996 -0.0486306 -0.509346 -0.504942 0.323331 -72011.7 -73904.9 1893.16 -57976 1.24325 4999.68
12800 78.5279 0.00438144 -0.504736 -0.506965 0.301407 -72141.1 -74013.4 1872.38 -58101.4 1.2431 5000.46
12900 78.5781 0.070784 -0.507295 -0.50717 0.338947 -72070.4 -73944 1873.58 -58040.6 1.24304 4996.71
13000 78.885 0.133841 -0.505594 -0.506468 0.315654 -72060.5 -73941.4 1880.89 -58029.7 1.2432 4997.79
13100 79.1913 0.201953 -0.507934 -0.506993 0.323353 -72039.7 -73927.9 1888.2 -58002.6 1.24356 5001.41
13200 79.1801 0.274984 -0.505943 -0.507084 0.345926 -71983.9 -73871.9 1887.93 -57934.1 1.24342 5005.35
13300 79.5271 0.0200147 -0.504795 -0.505749 0.327018 -71982.5 -73878.7 1896.2 -57980 1.24247 4984.74
13400 79.8307 -0.274234 -0.50681 -0.506882 0.368005 -71926 -73829.4 1903.44 -57872.7 1.24309 5005.27
13500 80.3333 -0.191606 -0.505384 -0.507577 0.349941 -71870.3 -73785.7 1915.43 -57846.2 1.24429 4999.68
13600 79.7305 -0.119591 -0.507004 -0.507356 0.316934 -71971.6 -73872.7 1901.06 -57953.6 1.24545 5002.2
13700 78.6504 -0.0524299 -0.50552 -0.506331 0.328476 -72076.4 -73951.7 1875.3 -58047.7 1.24473 5003.11
13800 78.5885 0.0213762 -0.507997 -0.507015 0.331447 -72035.1 -73909 1873.82 -58017.7 1.24479 4999.34
13900 78.0556 0.077016 -0.50675 -0.507517 0.30251 -72126.2 -73987.3 1861.12 -58097.2 1.24353 4998.35
14000 78.09 0.136585 -0.505183 -0.505659 0.322343 -72131.9 -73993.9 1861.94 -58098.8 1.24271 4996.54
14100 79.9601 0.216775 -0.509156 -0.50587 0.338899 -71968.5 -73875 1906.53 -57911 1.24339 5007.96
14200 78.1659 0.263762 -0.505322 -0.508039 0.282495 -72177.7 -74041.5 1863.75 -58156.5 1.24322 4994.43
14300 78.7203 0.08407 -0.505067 -0.508167 0.350672 -72104.5 -73981.4 1876.97 -58050.9 1.24303 5005.11
14400 80.9034 -0.2482 -0.505035 -0.504482 0.380358 -71789.5 -73718.5 1929.02 -57802.8 1.24375 4984.28
14500 80.5637 -0.169632 -0.506297 -0.510334 0.344005 -71855.7 -73776.6 1920.92 -57773.8 1.24398 5019.04
14600 80.3636 -0.0786582 -0.506553 -0.504984 0.344677 -71847.7 -73763.8 1916.15 -57849.7 1.24358 4987.53
14700 78.9281 -0.00887075 -0.506514 -0.506054 0.328127 -71986.3 -73868.2 1881.92 -57964.7 1.24372 4996.53
14800 78.4162 0.05622 -0.506211 -0.505624 0.301448 -72075.9 -73945.6 1869.72 -58060 1.24465 4998.23
14900 78.3699 0.125334 -0.506833 -0.50943 0.339182 -72069.9 -73938.5 1868.61 -58011.9 1.2442 5011.47
15000 79.4931 0.209034 -0.506353 -0.505829 0.365791 -71935.5 -73830.9 1895.39 -57918 1.24465 4998.73
15100 79.6734 0.280553 -0.504382 -0.508225 0.330481 -71933.2 -73832.8 1899.69 -57916.7 1.24446 4997.64
15200 79.2808 -0.291505 -0.508786 -0.504096 0.322431 -71951.6 -73841.9 1890.33 -57928.7 1.24535 5003.51
15300 77.8613 -0.241533 -0.50572 -0.506717 0.276927 -72143.3 -73999.8 1856.49 -58140.3 1.24462 4993.49
15400 77.7864 -0.188295 -0.505206 -0.509634 0.299427 -72173.4 -74028.1 1854.7 -58127.5 1.24426 5007.36
15500 79.5461 -0.100246 -0.507791 -0.506282 0.37263 -71964.2 -73860.8 1896.66 -57938.7 1.24418 4999.83
15600 80.1339 -0.0176476 -0.506769 -0.507144 0.344297 -71902.6 -73813.3 1910.67 -57858.8 1.24376 5004.61
15700 78.7604 0.0413173 -0.505226 -0.503777 0.300282 -72070.1 -73948.1 1877.92 -58064.1 1.24269 4986.85
15800 78.9577 0.11531 -0.505436 -0.509015 0.336918 -72052 -73934.6 1882.63 -57990.1 1.24312 5008.45
15900 79.8137 0.200286 -0.506733 -0.505398 0.328419 -71970 -73873 1903.04 -57962.2 1.24356 4990.96
16000 78.8356 0.271521 -0.506998 -0.507734 0.324153 -72035.2 -73914.9 1879.72 -57997.9 1.24335 5000.61
16100 78.4388 -0.128204 -0.506135 -0.50772 0.333084 -72060.3 -73930.6 1870.26 -58008 1.2438 5007.79
16200 79.9913 -0.209757 -0.504715 -0.507088 0.384867 -71857.1 -73764.4 1907.27 -57838.2 1.24364 4995.19
16300 80.8157 -0.118234 -0.507863 -0.505499 0.325206 -71815.9 -73742.9 1926.93 -57778.4 1.24261 4997.71
16400 78.4147 -0.0644519 -0.507039 -0.506601 0.272968 -72100.6 -73970.3 1869.68 -58053.5 1.24273 5001.6
16500 78.0065 0.00221263 -0.507305 -0.506825 0.315649 -72132.1 -73992 1859.95 -58101.5 1.24305 4997
16600 77.9119 0.0603044 -0.50679 -0.506656 0.302323 -72154.6 -74012.3 1857.69 -58083.1 1.24292 5011.08
16700 78.3599 0.12399 -0.504498 -0.507493 0.2973 -72118.9 -73987.3 1868.38 -58097.4 1.24316 4994.33
16800 78.7366 0.186237 -0.507268 -0.506166 0.299776 -72151.9 -74029.2 1877.36 -58111.8 1.24316 5000.83
16900 77.9527 0.235272 -0.505006 -0.506978 0.292328 -72252.4 -74111.1 1858.66 -58235.6 1.24356 4994.15
17000 78.9358 -0.0711329 -0.507579 -0.506442 0.367217 -72012.7 -73894.8 1882.1 -57974.2 1.24412 5004.11
17100 80.2265 -0.234058 -0.507393 -0.507435 0.352151 -71921.7 -73834.5 1912.88 -57909.9 1.24369 4992.89
17200 79.0471 -0.167212 -0.507113 -0.507279 0.344914 -71993.4 -73878.1 1884.76 -57924.5 1.24441 5016.16
17300 79.3107 -0.101092 -0.5026 -0.507329 0.304115 -72027.7 -73918.7 1891.04 -58055.6 1.24462 4982.58
17400 79.6232 -0.0168423 -0.509739 -0.505444 0.347575 -71963.2 -73861.7 1898.5 -57904.5 1.24443 5012.59
17500 79.2356 0.0551193 -0.504342 -0.506406 0.325245 -72033.1 -73922.4 1889.25 -58047.3 1.24461 4987.38
17600 78.6661 0.127528 -0.507416 -0.507261 0.326714 -72065.3 -73941 1875.67 -58039.6 1.24431 5000.32
17700 79.1603 0.200488 -0.505685 -0.507953 0.324092 -72084.5 -73971.9 1887.46 -58018.7 1.24406 5013.61
17800 79.9673 0.124293 -0.506444 -0.507575 0.338559 -71997.7 -73904.4 1906.7 -57963.3 1.24357 5000.49
17900 79.8183 -0.226177 -0.506008 -0.505157 0.381538 -71897.7 -73800.8 1903.15 -57901.8 1.2437 4987.33
18000 79.8791 -0.141673 -0.505029 -0.506691 0.345712 -71895 -73799.5 1904.6 -57874.7 1.24402 4997.23
18100 80.0742 -0.0472301 -0.505782 -0.50712 0.377249 -71839.5 -73748.8 1909.25 -57801 1.24384 5003.07
18200 81.038 0.0611247 -0.507891 -0.507561 0.346566 -71737.4 -73669.6 1932.23 -57699.1 1.24399 5003.53
18300 78.17 0.121751 -0.506964 -0.508231 0.274983 -72013.6 -73877.4 1863.85 -57949.7 1.2437 5011.51
18400 78.0737 0.191237 -0.506604 -0.505229 0.318037 -72066.1 -73927.7 1861.55 -58071.6 1.24331 4985.26
18500 79.0281 0.0696775 -0.504609 -0.507066 0.349794 -71926.8 -73811.1 1884.31 -57897 1.24346 4998.36
18600 79.7421 -0.223185 -0.506493 -0.50534 0.347813 -71868.7 -73770 1901.33 -57846.5 1.24348 4995.77
18700 78.872 -0.15457 -0.506408 -0.509557 0.296202 -72013.7 -73894.3 1880.59 -57945.2 1.24352 5012.42
18800 77.629 -0.102014 -0.508338 -0.504126 0.267085 -72154.5 -74005.5 1850.95 -58144.3 1.24312 4990.05
18900 77.6746 -0.048179 -0.504672 -0.508315 0.290192 -72197.8 -74049.8 1852.03 -58169.2 1.24314 4996.68
19000 78.8797 0.0327465 -0.509198 -0.505201 0.340262 -72048.7 -73929.4 1880.77 -57981.5 1.24358 5012.22
19100 78.2969 0.0784929 -0.504888 -0.508728 0.285381 -72213.4 -74080.3 1866.87 -58193.9 1.24305 4993.07
19200 78.3843 0.152639 -0.507631 -0.504578 0.341639 -72098.1 -73967 1868.96 -58047.7 1.24311 5004.32
19300 79.8007 0.235596 -0.506121 -0.507727 0.356816 -71953.4 -73856.1 1902.73 -57923.8 1.24264 4995.04
19400 79.3827 -0.122899 -0.506424 -0.506489 0.311296 -71989.9 -73882.7 1892.76 -57927.9 1.24299 5007.98
19500 77.8556 -0.225088 -0.506266 -0.50477 0.290924 -72145 -74001.4 1856.35 -58136.5 1.24264 4987.54
19600 78.4059 -0.158344 -0.505939 -0.508834 0.314562 -72103.2 -73972.7 1869.47 -58031.8 1.24298 5011.3
19700 78.8289 -0.0880729 -0.508593 -0.504611 0.315057 -72087.5 -73967 1879.56 -58047 1.24212 4996.8
19800 78.5401 -0.0318629 -0.50434 -0.509032 0.276991 -72200.2 -74072.9 1872.67 -58149 1.24144 4997.84
19900 78.9377 0.0463767 -0.507435 -0.506095 0.331379 -72118 -74000.2 1882.15 -58061.9 1.24246 5003.73
20000 78.8511 0.115601 -0.507295 -0.507575 0.322283 -72136 -74016.1 1880.09 -58089.8 1.24179 4997.49
20100 79.0481 0.193594 -0.506381 -0.506347 0.33703 -72054.1 -73938.9 1884.78 -57990.5 1.24204 5004.71
20200 79.3095 0.0263019 -0.505218 -0.505373 0.346888 -71981.8 -73872.8 1891.02 -57954 1.24156 4990.01
20300 80.0729 -0.219017 -0.50768 -0.507867 0.348261 -71919.3 -73828.5 1909.22 -57824.7 1.2421 5015.97
20400 79.1253 -0.141744 -0.504407 -0.50634 0.315285 -71993.5 -73880.2 1886.62 -57974.7 1.24182 4987.92
20500 79.0147 -0.0639632 -0.507968 -0.508889 0.289752 -72030.5 -73914.5 1883.99 -57946.4 1.24229 5013.05
20600 77.8484 -0.0153201 -0.504914 -0.506169 0.277785 -72238.8 -74095 1856.18 -58210.8 1.24145 4989.64
20700 78.9806 0.0757544 -0.507011 -0.506189 0.355712 -72065.3 -73948.5 1883.17 -58024.1 1.24138 4994.09
20800 80.285 0.172892 -0.505347 -0.506819 0.366079 -71910.9 -73825.2 1914.27 -57862 1.24151 4997.37
20900 80.7127 0.167167 -0.506463 -0.507336 0.322408 -71915.2 -73839.7 1924.47 -57849 1.2425 5007.5
21000 78.3776 -0.232794 -0.508129 -0.506395 0.291955 -72118.6 -73987.4 1868.8 -58076.3 1.24223 4997.88
21100 78.062 -0.155916 -0.506179 -0.505843 0.313766 -72100.1 -73961.3 1861.27 -58073.7 1.24307 4995.61
21200 77.5738 -0.103036 -0.506651 -0.508437 0.278534 -72189.8 -74039.4 1849.63 -58101.6 1.24339 5018.93
21300 79.158 -0.0152657 -0.504905 -0.507592 0.355032 -72015.8 -73903.2 1887.4 -58001.8 1.24236 4988.44
21400 79.9583 0.0720549 -0.509264 -0.505052 0.339151 -71966.4 -73872.9 1906.49 -57906.6 1.24189 5002.74
21500 78.7718 0.144285 -0.503526 -0.507802 0.314676 -72041.4 -73919.6 1878.19 -58008.1 1.24209 4994.07
21600 79.6723 0.170508 -0.506176 -0.505406 0.353277 -71941.3 -73841 1899.67 -57897.2 1.24248 4999.54
21700 80.644 -0.210804 -0.506516 -0.506569 0.351562 -71838.9 -73761.7 1922.84 -57809.1 1.24267 4995.19
21800 79.3524 -0.133719 -0.505908 -0.50629 0.316481 -71986.6 -73878.6 1892.04 -57943.7 1.24318 5002.06
21900 78.3252 -0.0645174 -0.508281 -0.510549 0.295965 -72120.5 -73988 1867.55 -58048.1 1.24274 5010.77
22000 77.729 0.000255853 -0.50556 -0.504321 0.303501 -72181.9 -74035.3 1853.33 -58151.5 1.24295 4996.56
22100 77.6994 0.0619131 -0.506702 -0.508559 0.290318 -72199.5 -74052.1 1852.62 -58141.8 1.24229 5003.65
22200 78.5361 0.133814 -0.504286 -0.506364 0.328929 -72132.2 -74004.8 1872.58 -58114.8 1.24188 4987.63
22300 79.4146 0.215854 -0.507632 -0.507154 0.321002 -72007.2 -73900.7 1893.52 -57925.4 1.24181 5010.25
22400 78.6826 0.0908448 -0.506147 -0.503171 0.307523 -72134.8 -74010.9 1876.07 -58119.4 1.24146 4985.26
22500 78.7841 -0.193717 -0.509088 -0.509217 0.312034 -72099.8 -73978.3 1878.49 -57994.6 1.24108 5015.7
22600 78.2024 -0.141753 -0.504591 -0.505564 0.282995 -72228.9 -74093.5 1864.62 -58205 1.24063 4984.94
22700 78.2899 -0.0788633 -0.507701 -0.508413 0.294759 -72247.9 -74114.6 1866.7 -58134.4 1.24088 5017.77
22800 78.1732 -0.0192621 -0.507561 -0.50336 0.297782 -72263.8 -74127.7 1863.92 -58221.7 1.24013 4989.41
22900 77.9317 0.0215817 -0.504804 -0.508044 0.251965 -72360.3 -74218.5 1858.16 -58306.5 1.24087 4996.52
23000 78.06 0.0780572 -0.505733 -0.509029 0.295238 -72351.3 -74212.5 1861.22 -58272.7 1.24118 5006.57
23100 79.2378 0.159383 -0.50678 -0.504817 0.332844 -72167.7 -74057 1889.31 -58105.3 1.24015 4996.69
23200 78.8908 0.224238 -0.506853 -0.507063 0.313582 -72176 -74057.1 1881.03 -58100.7 1.24035 5002.03
23300 78.8641 -0.175389 -0.507115 -0.506778 0.335319 -72116.2 -73996.6 1880.4 -58051.4 1.24066 4999.62
23400 78.3371 -0.178723 -0.506765 -0.506511 0.30396 -72164 -74031.9 1867.83 -58093.5 1.24054 5001.11
23500 78.7387 -0.109856 -0.505796 -0.505338 0.328816 -72128.3 -74005.7 1877.41 -58074.5 1.24065 4995.62
23600 80.2196 -0.0149447 -0.504367 -0.507157 0.371295 -71953.7 -73866.4 1912.72 -57902.7 1.24085 4995.47
23700 80.3375 0.0778487 -0.508239 -0.506081 0.341775 -71906 -73821.5 1915.53 -57844.9 1.24144 5001.35
23800 78.7853 0.145413 -0.506147 -0.507019 0.308272 -72076.3 -73954.8 1878.52 -58009.3 1.24104 5001.87
23900 78.8969 0.111645 -0.506395 -0.505911 0.352809 -71970.6 -73851.8 1881.18 -57938 1.24098 4989.42
24000 79.5971 -0.197439 -0.506403 -0.504052 0.357635 -71922.6 -73820.5 1897.87 -57883.5 1.24115 4992.52
24100 78.9485 -0.142468 -0.509022 -0.509549 0.242854 -72112.3 -73994.7 1882.41 -57994.4 1.24092 5019.61
24200 77.4352 -0.0970977 -0.503991 -0.506507 0.260348 -72294.2 -74140.6 1846.33 -58263.2 1.24078 4988.06
24300 77.7375 -0.0322995 -0.507191 -0.507029 0.303587 -72245.1 -74098.6 1853.54 -58161.9 1.24091 5007.08
24400 78.4394 0.0449984 -0.506566 -0.507043 0.349339 -72124.4 -73994.7 1870.27 -58074.1 1.24071 4994.64
24500 79.3828 0.122051 -0.505558 -0.507618 0.338355 -72044.1 -73936.8 1892.76 -57965.3 1.24027 5002.94
24600 80.3813 0.215209 -0.508681 -0.504719 0.313058 -71949.7 -73866.2 1916.57 -57890.2 1.23986 4994.46
24700 78.2893 -0.0681238 -0.506246 -0.507072 0.278175 -72201.5 -74068.2 1866.69 -58121.8 1.23988 5001.68
24800 78.0167 -0.203 -0.506309 -0.505562 0.297985 -72253.3 -74113.4 1860.19 -58185.6 1.23976 4996.91
24900 78.5642 -0.120569 -0.505587 -0.507343 0.336503 -72167 -74040.2 1873.25 -58102.8 1.24031 4997.96
25000 79.3627 -0.0347761 -0.507109 -0.506558 0.361949 -72074.2 -73966.5 1892.28 -57992 1.24043 5004.81
25100 79.6257 0.055276 -0.506505 -0.507462 0.3393 -72006.3 -73904.8 1898.56 -57941.5 1.24069 4999.66
25200 78.47 0.109461 -0.506873 -0.506017 0.240917 -72199.9 -74070.9 1871 -58130 1.2403 4999.93
25300 77.624 0.160489 -0.505075 -0.506085 0.265036 -72329.7 -74180.5 1850.83 -58283.5 1.24023 4991.21
25400 78.0408 0.141786 -0.507167 -0.508316 0.312813 -72246.2 -74106.9 1860.77 -58167.5 1.24104 5006.04
25500 78.9317 -0.20347 -0.505646 -0.504256 0.322375 -72143.6 -74025.7 1882.01 -58117.7 1.2416 4989.57
25600 78.6062 -0.144689 -0.509187 -0.510738 0.300058 -72213.1 -74087.3 1874.25 -58090.1 1.24138 5023.33
25700 80.5805 -0.043885 -0.506309 -0.503914 0.372602 -71971.6 -73892.9 1921.32 -57942.1 1.24069 4987.12
25800 79.7425 0.0432691 -0.505325 -0.508431 0.336503 -71998.4 -73899.7 1901.34 -57909.6 1.24113 5010
25900 79.294 0.134338 -0.50502 -0.505831 0.337769 -72001 -73891.7 1890.65 -57977.5 1.24098 4986.16
26000 80.1491 0.131078 -0.507647 -0.506891 0.332899 -71932.1 -73843.1 1911.03 -57863.8 1.24105 5002.48
26100 79.2255 -0.191005 -0.506126 -0.506269 0.309891 -72053.9 -73943 1889.01 -57964.7 1.24081 5008.89
26200 77.8019 -0.123325 -0.505791 -0.506783 0.2805 -72191.6 -74046.7 1855.07 -58145.9 1.24089 4993.7
26300 78.0562 -0.0548918 -0.507439 -0.507022 0.309145 -72218.8 -74079.9 1861.13 -58147.5 1.24096 5003.07
26400 78.6543 0.0291599 -0.507546 -0.506415 0.342857 -72126.6 -74002 1875.39 -58065 1.24125 5000.79
26500 78.1333 0.0907381 -0.505753 -0.506346 0.289511 -72192.7 -74055.7 1862.97 -58136.4 1.24169 5000.75
26600 79.0786 0.163053 -0.50621 -0.506716 0.369174 -72051.9 -73937.4 1885.51 -58004.9 1.24112 4995.1
26700 81.9173 -0.194874 -0.507857 -0.505903 0.366564 -71737.5 -73690.6 1953.19 -57668.3 1.24178 5005.61
26800 80.0834 -0.115169 -0.50628 -0.507854 0.284254 -71947.3 -73856.8 1909.47 -57907.5 1.24218 4996.79
26900 78.0037 -0.0469642 -0.505392 -0.507736 0.307088 -72129.2 -73989.1 1859.88 -58074.2 1.2426 5003.88
27000 78.5088 0.040383 -0.507754 -0.505226 0.320499 -72063.2 -73935.1 1871.92 -58028 1.24299 4998.41
27100 79 0.130089 -0.506868 -0.506278 0.344583 -71994.8 -73878.4 1883.64 -57958.4 1.24241 4996.47
27200 78.3413 0.189757 -0.50637 -0.507579 0.308868 -72142.1 -74010 1867.93 -58092.5 1.24224 5000.48
27300 78.8242 -0.169394 -0.504661 -0.50631 0.325686 -72074.1 -73953.5 1879.45 -58057.9 1.24316 4992.31
27400 78.6742 -0.13375 -0.505158 -0.508709 0.304345 -72089 -73964.8 1875.87 -58021 1.24349 5012.08
27500 79.3369 -0.0525691 -0.509047 -0.503722 0.300077 -72070.6 -73962.3 1891.67 -58051.6 1.24274 4991.7
27600 78.2495 0.0101342 -0.507038 -0.5066 0.289847 -72181.9 -74047.6 1865.74 -58118.9 1.24167 5002.97
27700 77.6722 0.0541056 -0.506726 -0.507872 0.247663 -72319.1 -74171.1 1851.98 -58262.2 1.24197 5002.04
27800 77.5173 0.105661 -0.506131 -0.507336 0.274264 -72374 -74222.3 1848.28 -58311 1.24114 5000.85
27900 78.8908 0.183218 -0.507649 -0.504409 0.341114 -72210.3 -74091.3 1881.03 -58156.6 1.24137 4998.5
28000 79.1489 -0.0902436 -0.504779 -0.507989 0.290796 -72203 -74090.2 1887.19 -58147.2 1.24155 4999.96
28100 78.0657 -0.182145 -0.506403 -0.506879 0.296754 -72310.9 -74172.3 1861.36 -58249.5 1.24073 4998.66
28200 79.094 -0.0885188 -0.50827 -0.50588 0.332709 -72143.6 -74029.5 1885.88 -58077.6 1.24087 5000.82
28300 78.3263 -0.0304444 -0.505144 -0.507481 0.302416 -72221 -74088.6 1867.57 -58164.2 1.24123 4999.08
28400 78.2723 0.0330483 -0.508336 -0.509988 0.294974 -72250.6 -74116.8 1866.29 -58155.1 1.24095 5011.68
28500 78.9313 0.110358 -0.504988 -0.503453 0.35289 -72161.5 -74043.5 1882 -58139.1 1.24143 4987.64
28600 79.7777 0.114076 -0.505206 -0.508417 0.365065 -72039.3 -73941.4 1902.18 -57975.7 1.24081 4999.72
28700 81.4309 -0.162507 -0.505899 -0.508724 0.39461 -71829.4 -73771 1941.6 -57753.2 1.24011 5001.42
28800 81.7924 -0.0476691 -0.506711 -0.505765 0.333905 -71807.4 -73757.6 1950.22 -57726.7 1.24083 5005.9
28900 79.5539 0.0543917 -0.507707 -0.507684 0.35697 -71910.1 -73807 1896.84 -57847 1.24183 5003.71
29000 79.0389 0.153968 -0.506292 -0.506068 0.320671 -71918.3 -73802.9 1884.56 -57864.7 1.24237 5002.51
29100 78.3617 0.0666806 -0.505626 -0.504696 0.311158 -72072.4 -73940.9 1868.42 -58078.6 1.24201 4979.79
29200 77.7044 -0.169977 -0.505527 -0.50724 0.276305 -72141.1 -73993.8 1852.74 -58080.3 1.24281 5006.8
29300 78.419 -0.0827368 -0.506206 -0.505776 0.316872 -72100.4 -73970.2 1869.78 -58085 1.24327 4992.55
29400 78.1146 -0.0133373 -0.510435 -0.506424 0.284438 -72166 -74028.5 1862.53 -58092.5 1.24337 5013.59
29500 77.619 0.0384025 -0.504663 -0.509972 0.280194 -72275.9 -74126.6 1850.71 -58244.7 1.24323 4997.94
29600 78.1559 0.113213 -0.508109 -0.505204 0.307827 -72244.9 -74108.4 1863.51 -58193.2 1.2433 5005.53
29700 78.6023 0.106218 -0.50554 -0.503873 0.327885 -72133.2 -74007.4 1874.15 -58140.5 1.24351 4985.41
29800 79.1881 -0.197015 -0.506087 -0.50928 0.3 -72111.2 -73999.4 1888.12 -58037.4 1.24339 5014.02
29900 78.8841 -0.129514 -0.507687 -0.507492 0.305884 -72184.8 -74065.7 1880.87 -58135.4 1.24329 5004.73
30000 78.9365 -0.0380097 -0.506259 -0.505477 0.338504 -72128.9 -74011 1882.12 -58105.9 1.24346 4996
30100 78.8767 0.0398281 -0.505678 -0.505794 0.289817 -72155.1 -74035.8 1880.7 -58145.4 1.24319 4990.16
30200 77.7296 0.0881733 -0.507389 -0.50902 0.280541 -72322.5 -74175.9 1853.35 -58240.6 1.24293 5014.87
30300 78.9795 0.131089 -0.506446 -0.504841 0.372071 -72085.5 -73968.6 1883.15 -58071.4 1.2428 4990.16
30400 80.3417 -0.177431 -0.507827 -0.508259 0.356812 -71942.6 -73858.2 1915.63 -57858.7 1.24252 5013.98
30500 79.6091 -0.101429 -0.505268 -0.506456 0.293481 -72074.6 -73972.8 1898.16 -58065.5 1.2432 4990
30600 77.9377 -0.0272056 -0.507015 -0.506258 0.310373 -72182.7 -74041 1858.31 -58140.3 1.24322 5001.94
30700 78.2182 0.0407547 -0.505243 -0.506027 0.301089 -72204.3 -74069.3 1865 -58180.4 1.2436 4996.86
30800 78.2788 0.121109 -0.506601 -0.506146 0.321306 -72154.1 -74020.5 1866.44 -58131.2 1.244 4998.07
30900 79.9627 0.00345611 -0.503654 -0.509198 0.374945 -71964.2 -73870.7 1906.59 -57942.8 1.24442 4999.25
31000 82.3175 -0.113145 -0.508123 -0.506078 0.368391 -71737.3 -73700 1962.74 -57712.6 1.24422 4999.64
31100 81.4401 0.0115895 -0.507883 -0.50794 0.363336 -71777.9 -73719.7 1941.82 -57736.7 1.24497 5008.53
31200 79.9629 0.113849 -0.504244 -0.506655 0.311133 -71943.9 -73850.5 1906.6 -57957.6 1.24631 4994.28
31300 78.4041 0.198684 -0.509622 -0.506348 0.258118 -72117.1 -73986.5 1869.43 -58096.8 1.24638 5006.73
31400 77.0235 -0.0663634 -0.504091 -0.506737 0.219599 -72382.2 -74218.7 1836.51 -58381.1 1.24564 4996.9
31500 77.6699 -0.147822 -0.507341 -0.50656 0.299092 -72311.5 -74163.4 1851.92 -58289.7 1.24541 5003.36
31600 78.4026 -0.0462355 -0.506238 -0.507676 0.34598 -72154.2 -74023.6 1869.39 -58138 1.24487 4999.21
31700 78.9125 0.0512866 -0.504722 -0.506318 0.333418 -72107.6 -73989.2 1881.55 -58104.1 1.2444 4992.8
31800 79.8532 0.168472 -0.506336 -0.508081 0.366632 -71917.3 -73821.2 1903.98 -57876.5 1.24422 5005.32
31900 80.4878 -0.12715 -0.506032 -0.504922 0.364806 -71883.1 -73802.2 1919.11 -57875.2 1.24385 4992.2
32000 80.3028 -0.0637319 -0.507759 -0.509157 0.302234 -71947.8 -73862.5 1914.7 -57888.2 1.24449 5013.15
32100 80.0819 0.0600465 -0.507231 -0.505575 0.350995 -71901.7 -73811.1 1909.43 -57901.9 1.24515 4994.49
32200 78.1229 0.114953 -0.50571 -0.507633 0.241905 -72200.2 -74062.9 1862.72 -58183 1.24529 5001.23
32300 77.3022 0.161616 -0.505224 -0.506986 0.213055 -72357.9 -74201.1 1843.16 -58338.7 1.24458 4999.08
32400 77.4897 0.0594884 -0.506948 -0.504905 0.276036 -72348.7 -74196.3 1847.62 -58333.5 1.24382 4994.6
32500 78.755 -0.114798 -0.503417 -0.507809 0.371625 -72116.8 -73994.6 1877.79 -58104.4 1.24371 4993.22
32600 82.9168 0.041132 -0.509612 -0.506659 0.389739 -71656.6 -73633.6 1977.03 -57609.1 1.24492 5010.64
32700 79.2287 0.0999898 -0.505758 -0.506286 0.25619 -72086.6 -73975.7 1889.09 -58095.2 1.24517 4991.52
32800 77.2123 0.1579 -0.507563 -0.507221 0.230913 -72267.8 -74108.8 1841.01 -58221.2 1.24553 5012.71
32900 77.4891 0.182948 -0.505258 -0.506982 0.201282 -72416.9 -74264.5 1847.61 -58412.9 1.24411 4991.84
33000 77.1246 -0.094767 -0.506311 -0.505611 0.272555 -72440.5 -74279.4 1838.92 -58415.9 1.24346 4996.59
33100 78.4578 -0.0912962 -0.506427 -0.507022 0.351355 -72181.9 -74052.6 1870.71 -58144.2 1.24348 5001.29
33200 79.1529 -0.00958102 -0.506365 -0.507819 0.317042 -72167.4 -74054.7 1887.28 -58147.1 1.24346 4994.97
33300 78.5078 0.0662108 -0.505747 -0.50522 0.296298 -72221.7 -74093.6 1871.9 -58194.6 1.2432 4996.41
33400 77.6902 0.130891 -0.508236 -0.508361 0.283283 -72285 -74137.4 1852.41 -58194.7 1.24329 5019.27
33500 78.195 0.141354 -0.506633 -0.504077 0.277163 -72309.1 -74173.5 1864.44 -58307.6 1.24266 4985.08
33600 77.8285 -0.144647 -0.506779 -0.508066 0.261167 -72388.7 -74244.4 1855.7 -58325.5 1.24276 5007.56
33700 77.5993 -0.147048 -0.507607 -0.506996 0.265871 -72429.5 -74279.7 1850.24 -58377.4 1.2427 5003.29
33800 77.8048 -0.10472 -0.503507 -0.505777 0.246356 -72453.3 -74308.4 1855.14 -58434 1.24176 4987.89
33900 78.6691 -0.0253094 -0.506941 -0.508159 0.323642 -72305.5 -74181.2 1875.75 -58229.9 1.24196 5008.71
34000 80.0592 0.0767287 -0.50636 -0.506423 0.340375 -72110.4 -74019.3 1908.89 -58054.9 1.24248 5003.63
34100 81.668 -0.0504808 -0.507469 -0.506032 0.400684 -71774 -73721.3 1947.25 -57746.3 1.24361 4998.23
34200 80.6712 -0.103843 -0.507762 -0.507372 0.316682 -71849.3 -73772.7 1923.48 -57805.1 1.24443 5007.38
34300 78.1707 -0.036794 -0.507235 -0.507246 0.303705 -72113.2 -73977.1 1863.86 -58081.4 1.24449 5003.3
34400 79.079 0.077376 -0.502483 -0.505388 0.365566 -71958.5 -73844.1 1885.52 -57997.2 1.24505 4980.44
34500 81.0202 0.0149514 -0.50864 -0.505603 0.326632 -71830.5 -73762.3 1931.81 -57798.4 1.24519 5006.17
34600 77.875 -0.161563 -0.506878 -0.511524 0.280039 -72180 -74036.8 1856.81 -58109.8 1.24508 5019.36
34700 78.9213 -0.0422574 -0.506993 -0.502193 0.336344 -72018.2 -73899.9 1881.76 -58065.1 1.24557 4979.63
34800 77.8153 0.00994308 -0.506604 -0.506908 0.255864 -72233.3 -74088.7 1855.39 -58202.2 1.24522 5005.91
34900 77.1877 0.0596949 -0.503063 -0.509158 0.251066 -72359.3 -74199.8 1840.42 -58332.3 1.24423 5000.5
35000 78.0286 0.138814 -0.508032 -0.504034 0.28451 -72258.1 -74118.5 1860.47 -58253.7 1.24382 4990.75
35100 78.0492 0.0485621 -0.507757 -0.507002 0.295741 -72310.5 -74171.5 1860.97 -58259.4 1.24358 5006.49
35200 77.944 -0.163868 -0.507159 -0.506712 0.276658 -72344.8 -74203.3 1858.46 -58293.8 1.24298 5004.03
35300 78.158 -0.0946671 -0.505818 -0.508732 0.296617 -72319 -74182.5 1863.56 -58270.6 1.24304 5003.29
35400 78.228 -0.0264526 -0.506732 -0.504051 0.28966 -72306.8 -74172 1865.23 -58294.4 1.24309 4990.7
35500 78.1886 0.0441461 -0.506282 -0.507568 0.302421 -72286.9 -74151.2 1864.29 -58241 1.24321 5003.09
35600 79.1943 0.132623 -0.505517 -0.508687 0.34018 -72167.1 -74055.3 1888.27 -58126.8 1.24302 5000.33
35700 81.3857 -0.153118 -0.50619 -0.506055 0.35367 -71930.9 -73871.5 1940.52 -57892.3 1.2434 5001.26
35800 80.1792 -0.0420954 -0.506526 -0.506263 0.35557 -71943.8 -73855.6 1911.75 -57935.4 1.24459 4995.33
35900 78.7697 0.0552638 -0.509675 -0.50733 0.288459 -72037.5 -73915.7 1878.15 -57978.7 1.24458 5013.3
36000 78.9101 0.14109 -0.504273 -0.506297 0.315897 -72070.1 -73951.6 1881.49 -58063.4 1.24416 4993
36100 78.7984 -0.0851899 -0.506735 -0.506867 0.350542 -72027.7 -73906.6 1878.83 -58005.5 1.24386 4997.29
36200 78.3836 -0.0988792 -0.507515 -0.507685 0.248109 -72166.2 -74035.1 1868.94 -58112.7 1.24359 5007.34
36300 77.4467 -0.0574629 -0.504866 -0.505995 0.189563 -72361.3 -74207.9 1846.6 -58355.2 1.24388 4991.62
36400 77.4136 -0.0199491 -0.508552 -0.506261 0.230132 -72458 -74303.8 1845.81 -58398.1 1.24334 5008.64
36500 77.8135 0.0466125 -0.50525 -0.507184 0.259086 -72441.6 -74297 1855.35 -58431.2 1.24325 4990.8
36600 78.0616 0.131062 -0.506302 -0.508034 0.341867 -72290.9 -74152.2 1861.26 -58243.5 1.24373 5005.76
36700 80.7294 -0.14872 -0.507109 -0.504986 0.296082 -72062.9 -73987.8 1924.87 -58030 1.24401 5001.66
36800 79.4185 -0.100945 -0.50486 -0.508806 0.324915 -72157.2 -74050.8 1893.62 -58142.1 1.24369 4994.06
36900 78.6839 -7.53814e-05 -0.507112 -0.507003 0.31659 -72148.1 -74024.2 1876.1 -58088.5 1.24393 5010.91
37000 78.3083 0.0908209 -0.506612 -0.504168 0.351124 -72121.1 -73988.3 1867.15 -58128.8 1.24367 4985.88
37100 79.3476 0.0428471 -0.509344 -0.506633 0.356983 -71965.9 -73857.8 1891.92 -57918.8 1.24403 5006.8
37200 78.2372 -0.176963 -0.505809 -0.506642 0.213195 -72248.5 -74114 1865.45 -58210.1 1.24374 5002.57
37300 77.5562 -0.126606 -0.505295 -0.508191 0.241555 -72333.8 -74183 1849.21 -58314.7 1.24326 4993.77
37400 78.2659 -0.0416029 -0.507939 -0.505339 0.301569 -72264.8 -74131 1866.13 -58209.8 1.24312 5005.98
37500 78.6055 0.0360911 -0.504771 -0.505033 0.314292 -72239.4 -74113.6 1874.23 -58237.3 1.24236 4984.19
37600 79.7662 0.145782 -0.508785 -0.509611 0.322036 -72073.7 -73975.6 1901.91 -57967.5 1.24223 5020.67
37700 78.957 -0.0783246 -0.504924 -0.505605 0.332398 -72130 -74012.6 1882.61 -58093.3 1.24123 4991.88
37800 78.9349 -0.0757161 -0.506535 -0.50559 0.299409 -72123.2 -74005.3 1882.09 -58069.6 1.24141 4998.67
37900 78.4153 0.00424409 -0.506637 -0.508049 0.323814 -72172.9 -74042.6 1869.7 -58102.6 1.24078 5002.1
38000 79.8296 0.124642 -0.505091 -0.507206 0.341807 -72000.2 -73903.7 1903.42 -57954.9 1.24107 4994.29
38100 80.8966 -0.0580373 -0.50777 -0.508326 0.372556 -71876.2 -73805 1928.86 -57801.2 1.24187 5008.12
38200 80.2743 -0.0263134 -0.508197 -0.506188 0.345687 -71900.2 -73814.2 1914.02 -57836.5 1.24212 5005.11
38300 79.9508 0.0873065 -0.502769 -0.506424 0.328326 -71938.5 -73844.8 1906.31 -57930 1.24248 4986.87
38400 79.8606 -0.0740211 -0.508472 -0.50834 0.350859 -71876.1 -73780.3 1904.16 -57802.1 1.24378 5015.53
38500 78.8628 -0.0759686 -0.505473 -0.503739 0.310788 -72001.1 -73881.4 1880.37 -57993.5 1.24399 4992.58
38600 77.7961 0.00265278 -0.507038 -0.508063 0.285056 -72146.6 -74001.6 1854.93 -58116.5 1.24463 5003.24
38700 77.652 0.0860023 -0.504706 -0.506276 0.299176 -72178 -74029.5 1851.49 -58203.1 1.24503 4985.09
38800 77.7773 0.0806808 -0.508431 -0.506079 0.329492 -72111.6 -73966 1854.48 -58067.8 1.2452 5010.35
38900 78.3759 -0.151228 -0.504573 -0.507551 0.275911 -72177.8 -74046.5 1868.76 -58177 1.24468 4992.97
39000 78.9095 -0.0638632 -0.507668 -0.507938 0.295756 -72157.4 -74038.8 1881.48 -58101.8 1.24441 5011.4
39100 77.9798 -0.00456985 -0.505464 -0.505993 0.250444 -72305.1 -74164.4 1859.31 -58302.1 1.24354 4989.14
39200 77.7993 0.0601704 -0.505921 -0.507106 0.257986 -72357.9 -74212.9 1855.01 -58315.6 1.24287 5000.47
39300 78.5129 0.133294 -0.509342 -0.506055 0.276259 -72288.2 -74160.2 1872.02 -58203 1.24265 5014.88
39400 78.5431 -0.0888499 -0.504986 -0.507719 0.292829 -72301.8 -74174.5 1872.74 -58276.6 1.24285 4994.36
39500 77.7694 -0.141438 -0.505929 -0.505977 0.227685 -72401.4 -74255.7 1854.29 -58360 1.24264 4999.22
39600 77.5749 -0.0945955 -0.507342 -0.506597 0.267156 -72461 -74310.6 1849.66 -58401.4 1.24206 5003.37
39700 78.12 -0.0203361 -0.50634 -0.50642 0.308488 -72358.2 -74220.9 1862.66 -58310.4 1.2422 4999.73
39800 79.1808 0.0760784 -0.506787 -0.508065 0.364325 -72185.9 -74073.8 1887.95 -58132.3 1.24166 4999.58
39900 81.2658 0.047851 -0.507362 -0.505711 0.305969 -72008.4 -73946.1 1937.66 -57935.2 1.24103 5004.09
40000 78.0362 -0.14351 -0.508359 -0.505436 0.290451 -72294.6 -74155.3 1860.66 -58216.6 1.24013 5002.14
40100 78.1322 -0.0577516 -0.505587 -0.507002 0.310316 -72276.1 -74139 1862.95 -58193.2 1.23908 4999.63
40200 78.511 0.0434977 -0.505767 -0.506218 0.348509 -72165.4 -74037.4 1871.98 -58094.3 1.23909 4995.48
40300 78.7167 0.118914 -0.50748 -0.506408 0.275301 -72210.3 -74087.2 1876.88 -58136.6 1.23925 4997.06
40400 77.1307 0.132376 -0.505171 -0.509333 0.197403 -72488.9 -74328 1839.07 -58380.5 1.23864 5006.88
40500 77.7455 0.045694 -0.508288 -0.50481 0.268697 -72456.4 -74310.2 1853.72 -58387.7 1.23856 4992.53
40600 78.5866 -0.114809 -0.506002 -0.506223 0.312887 -72354 -74227.8 1873.78 -58278.3 1.23862 4995.19
40700 77.9783 -0.0599823 -0.505124 -0.506669 0.269566 -72400.6 -74259.9 1859.28 -58306.2 1.23907 5003.68
40800 78.5447 0.0252635 -0.507126 -0.505752 0.333747 -72302.8 -74175.5 1872.78 -58222.1 1.23963 5001.04
40900 79.5716 0.0826007 -0.507312 -0.506798 0.373762 -72084.4 -73981.7 1897.27 -58019.9 1.23981 4996.06
41000 80.2111 -0.0547479 -0.506491 -0.507714 0.31425 -72095.4 -74007.9 1912.51 -58003.5 1.23944 5004.24
41100 79.8491 -0.0287984 -0.506487 -0.505844 0.371324 -71953 -73856.9 1903.88 -57885.5 1.24024 4998.86
41200 80.3747 0.0947756 -0.507041 -0.506715 0.35933 -71889.8 -73806.3 1916.41 -57839.1 1.24053 4994.06
41300 78.7689 0.173186 -0.505155 -0.505284 0.282278 -72095.7 -73973.8 1878.13 -58044.7 1.24087 4995.55
41400 77.6667 -0.141596 -0.510063 -0.509277 0.284401 -72273.6 -74125.4 1851.85 -58132.4 1.24035 5025.65
41500 77.6894 -0.0862918 -0.502988 -0.503865 0.278548 -72319.1 -74171.5 1852.39 -58320.7 1.24006 4973.78
41600 78.021 0.00388546 -0.508958 -0.508645 0.310207 -72218.4 -74078.7 1860.29 -58099.1 1.23993 5016.03
41700 78.1789 0.0604656 -0.506642 -0.504419 0.297746 -72306.5 -74170.6 1864.06 -58251.4 1.23906 4989.65
41800 80.5418 -0.00130554 -0.504475 -0.506593 0.391177 -71923.2 -73843.6 1920.4 -57848.3 1.23925 4997.44
41900 81.5521 -0.0480221 -0.507646 -0.508023 0.300852 -71850.5 -73795 1944.49 -57764.3 1.2401 5004.91
42000 78.6834 0.0301499 -0.505304 -0.507164 0.287972 -72165.2 -74041.3 1876.09 -58099.9 1.24074 5000.07
42100 78.113 0.121751 -0.508833 -0.506386 0.320461 -72214.5 -74077 1862.49 -58117.2 1.2408 5011.76
42200 77.2747 0.145459 -0.505056 -0.506836 0.18085 -72435.4 -74277.9 1842.5 -58383.8 1.2399 4991.86
42300 77.3708 -0.0163246 -0.505973 -0.506182 0.283336 -72431.1 -74275.9 1844.79 -58377.8 1.23964 4991.41
42400 78.4256 -0.0672524 -0.506154 -0.510576 0.335852 -72232 -74102 1869.94 -58123.3 1.24066 5015.22
42500 80.2045 0.0626142 -0.506793 -0.504897 0.359508 -71997.2 -73909.5 1912.36 -57954.9 1.24168 4995.67
42600 79.9125 -0.00212323 -0.506378 -0.508422 0.363041 -71935.5 -73840.8 1905.39 -57848.7 1.24155 5011.01
42700 81.272 -0.0330356 -0.505265 -0.505077 0.376756 -71766.3 -73704.1 1937.81 -57762.1 1.2419 4982.99
42800 83.5979 0.0881704 -0.506541 -0.507156 0.384607 -71543.3 -73536.6 1993.27 -57471 1.24272 5010.59
42900 83.9399 -0.0193539 -0.505845 -0.505227 0.419087 -71430.7 -73432.1 2001.42 -57417.4 1.24402 4994.75
43000 82.3717 0.0539159 -0.507224 -0.505815 0.335577 -71594.7 -73558.7 1964.03 -57587.2 1.2441 4992.98
43100 78.509 -0.108048 -0.507672 -0.508912 0.292705 -71950.6 -73822.5 1871.93 -57885.1 1.24395 5013.11
43200 77.9931 -0.00325213 -0.50535 -0.50491 0.306951 -72007.4 -73867 1859.63 -57995.3 1.2443 4995.51
43300 77.7539 0.0980042 -0.50631 -0.509196 0.304066 -72095.8 -73949.7 1853.92 -58056.6 1.24382 5003.23
43400 77.3862 0.0172775 -0.505568 -0.504813 0.2779 -72155.8 -74000.9 1845.16 -58137.9 1.24397 4996.21
43500 77.1938 -0.103661 -0.505654 -0.506963 0.27016 -72217.3 -74057.9 1840.57 -58216.3 1.24373 4989.28
43600 77.6483 -0.0308447 -0.510851 -0.507807 0.316332 -72180.5 -74031.9 1851.41 -58083.6 1.24299 5020.49
43700 77.2389 0.00690116 -0.503186 -0.503509 0.214096 -72351.2 -74192.9 1841.65 -58386.7 1.24267 4972.04
43800 77.4494 0.0612019 -0.507324 -0.509871 0.271203 -72387.4 -74234.1 1846.67 -58287.5 1.24263 5020.13
43900 77.8817 0.0476085 -0.50617 -0.504502 0.338799 -72243.9 -74100.9 1856.97 -58224.1 1.24288 4992.53
44000 77.9466 -0.112577 -0.507446 -0.508345 0.297765 -72241.4 -74099.9 1858.52 -58179.6 1.2434 5009.52
44100 77.8487 -0.0389281 -0.504937 -0.507714 0.301696 -72246.9 -74103.1 1856.19 -58222.2 1.24332 4995.97
44200 81.4032 0.0590524 -0.506557 -0.505614 0.432192 -71802.1 -73743 1940.94 -57771.4 1.2428 4996.07
44300 85.1703 -0.0388674 -0.508497 -0.504804 0.380817 -71389.7 -73420.4 2030.76 -57346.8 1.24279 5000.41
44400 80.7595 0.0713542 -0.506341 -0.509394 0.302487 -71781.1 -73706.7 1925.59 -57726.4 1.24345 5007.25
44500 78.0407 0.029456 -0.506875 -0.505812 0.280984 -72067.2 -73928 1860.76 -58050.1 1.24345 4993.82
44600 77.8251 -0.0935038 -0.507561 -0.505087 0.266271 -72159.7 -74015.4 1855.62 -58113.9 1.24341 5003.9
44700 77.0124 -0.0602945 -0.504033 -0.507419 0.205886 -72395.3 -74231.5 1836.24 -58378.2 1.24326 4993.05
44800 77.6771 0.0385936 -0.508002 -0.506558 0.297555 -72283.4 -74135.5 1852.09 -58245.5 1.24317 5000.12
44900 78.1207 0.0917991 -0.505741 -0.505804 0.33517 -72229.4 -74092 1862.67 -58181.1 1.2435 5005.15
45000 78.6766 -0.107376 -0.507103 -0.50782 0.34237 -72131.3 -74007.2 1875.92 -58106.8 1.24344 4996.42
45100 78.0907 -0.0354959 -0.508102 -0.505761 0.254649 -72257.3 -74119.2 1861.96 -58200.6 1.24358 5008.45
45200 78.0901 0.0501111 -0.506051 -0.506995 0.325235 -72222.6 -74084.6 1861.94 -58206.7 1.24304 4991.77
45300 79.5579 0.000101445 -0.503925 -0.511528 0.383741 -71996.5 -73893.5 1896.94 -57928.3 1.24337 5011.74
45400 84.5683 0.047634 -0.504077 -0.506486 0.396319 -71465.9 -73482.3 2016.4 -57468.1 1.24409 4989.48
45500 85.0488 -0.058981 -0.508716 -0.506253 0.385365 -71375.9 -73403.8 2027.86 -57352.5 1.24542 5003.93
45600 79.7603 0.0325648 -0.505142 -0.5084 0.28729 -71862.2 -73764 1901.76 -57828.6 1.24488 5005.48
45700 77.8142 0.132942 -0.508421 -0.503673 0.265417 -72075.9 -73931.2 1855.36 -58063.2 1.24543 5000.3
45800 77.4902 -0.0778546 -0.503945 -0.509166 0.295241 -72183.1 -74030.7 1847.64 -58191.4 1.24542 4992.71
45900 77.6536 -0.0148664 -0.507035 -0.506858 0.283905 -72205.6 -74057.1 1851.53 -58191.3 1.24504 4999.17
46000 77.4426 0.066496 -0.506596 -0.506934 0.284263 -72248.1 -74094.6 1846.5 -58222.5 1.24498 5002.98
46100 78.2895 -0.07966 -0.506384 -0.505484 0.334737 -72085.8 -73952.5 1866.7 -58077.2 1.24395 4992.81
46200 78.0769 -0.0378113 -0.508266 -0.50696 0.328134 -72098.6 -73960.2 1861.63 -58049.2 1.24362 5006.04
46300 78.2442 0.0603252 -0.504712 -0.508199 0.304865 -72116.6 -73982.2 1865.62 -58073.8 1.24333 5002.46
46400 79.9297 -0.0334759 -0.506642 -0.507814 0.374069 -71903.9 -73809.7 1905.8 -57845.8 1.24318 5007.32
46500 82.2822 0.0462877 -0.509438 -0.503628 0.325416 -71725.3 -73687.2 1961.9 -57688.7 1.24309 4999.3
46600 78.4984 0.0960725 -0.504191 -0.507997 0.238964 -72179 -74050.7 1871.68 -58142.7 1.24312 4999.32
46700 77.4682 -0.0876296 -0.508022 -0.506255 0.298458 -72239.7 -74086.8 1847.11 -58194 1.24273 5001.11
46800 78.1201 -0.0445109 -0.504599 -0.505735 0.323847 -72206.7 -74069.3 1862.66 -58185.3 1.24233 4990.84
46900 79.8616 0.0642019 -0.507611 -0.506379 0.37353 -71902.4 -73806.6 1904.18 -57858.6 1.24331 5002.87
47000 79.3355 -0.0929333 -0.505098 -0.510638 0.322446 -72000.7 -73892.3 1891.64 -57938.6 1.24304 5008.28
47100 79.342 0.0373615 -0.507917 -0.503651 0.330029 -71990 -73881.8 1891.79 -57966 1.24343 4996.22
47200 78.2217 0.114029 -0.507064 -0.509124 0.258642 -72184.9 -74050 1865.08 -58125.4 1.24388 5010.66
47300 78.2172 -0.0725224 -0.507355 -0.503748 0.305881 -72207.9 -74072.9 1864.97 -58196.2 1.24327 4991.22
47400 78.0453 -0.0401928 -0.504419 -0.50778 0.272447 -72286 -74146.9 1860.87 -58235.7 1.24264 5002.39
47500 77.7375 0.0456648 -0.506909 -0.508469 0.249641 -72307.7 -74161.2 1853.53 -58274.7 1.24255 4995.83
47600 77.7799 0.108307 -0.507176 -0.503334 0.271047 -72377.8 -74232.4 1854.55 -58343.9 1.24216 4994.61
47700 79.3773 -0.0297773 -0.503346 -0.509151 0.375303 -72096.6 -73989.2 1892.63 -58032.5 1.24196 5004.55
47800 83.0839 0.0509652 -0.505254 -0.50909 0.413913 -71657 -73638 1981.01 -57595.9 1.2419 5003.25
47900 87.9027 0.0520745 -0.505291 -0.506434 0.416254 -71181.7 -73277.6 2095.91 -57159.6 1.24291 4993.43
48000 83.9406 -0.0385709 -0.505301 -0.50935 0.394062 -71370.3 -73371.8 2001.44 -57326.4 1.24389 5005.16
