# Time-averaged data for fix printave
# TimeStep v_temp v_strain v_sigmayy v_sigmazz v_sigmayz v_etotal v_pe v_ke v_enthalpy v_density v_press
100 77.7464 0.025 -0.382446 -0.383775 0.145789 -74527.3 -76381.1 1853.75 -63694.1 1.21638 3776.46
200 76.9439 0.075 -0.379299 -0.382024 0.371286 -74247.4 -76082 1834.61 -63461 1.21677 3760.42
300 78.0639 0.125 -0.381899 -0.380448 0.502814 -73693.7 -75555 1861.32 -62906.1 1.21756 3763.24
400 78.6899 0.175 -0.378947 -0.380053 0.537372 -73180.1 -75056.4 1876.24 -62423.7 1.21861 3755.58
500 79.0558 0.225 -0.380513 -0.38135 0.523234 -72746.4 -74631.3 1884.97 -62001.3 1.22038 3757.07
600 79.6227 0.275 -0.381132 -0.383026 0.474696 -72447 -74345.5 1898.48 -61695 1.22162 3763.31
700 79.7992 0.325 -0.380908 -0.38041 0.415293 -72324.1 -74226.8 1902.69 -61565.1 1.22229 3767.86
800 79.0927 0.375 -0.381178 -0.379936 0.392241 -72284.3 -74170.2 1885.85 -61576.4 1.22308 3752.41
900 79.0085 0.425 -0.380017 -0.381207 0.376291 -72239.7 -74123.5 1883.84 -61508.8 1.22305 3760.35
1000 78.7325 0.181558 -0.379829 -0.3828 0.368262 -72187.7 -74064.9 1877.26 -61460.5 1.22381 3761.4
1100 79.3022 -0.439796 -0.382642 -0.379986 0.376654 -72129.8 -74020.6 1890.84 -61394.4 1.22435 3765.91
1200 78.9119 -0.388338 -0.378186 -0.380972 0.356536 -72109.6 -73991.2 1881.54 -61424.2 1.22521 3751.03
1300 79.289 -0.334324 -0.381995 -0.381917 0.351811 -72087.8 -73978.4 1890.53 -61391.8 1.22583 3756.65
1400 78.8989 -0.282273 -0.380007 -0.380898 0.337233 -72109.1 -73990.4 1881.22 -61386.3 1.22613 3766.99
1500 78.6332 -0.229805 -0.382762 -0.381989 0.34281 -72116.9 -73991.8 1874.89 -61403 1.22564 3762.33
1600 78.9229 -0.177856 -0.379029 -0.381644 0.350167 -72073.9 -73955.7 1881.8 -61391.2 1.2256 3751.25
1700 79.3184 -0.125598 -0.380903 -0.37881 0.337158 -72088.6 -73979.9 1891.23 -61383 1.22517 3758
1800 79.1589 -0.0725002 -0.379982 -0.381067 0.32866 -72113.3 -74000.7 1887.42 -61391.3 1.22529 3764.08
1900 79.1528 -0.0178414 -0.378778 -0.380636 0.332843 -72144.9 -74032.1 1887.28 -61466.3 1.22539 3749.17
2000 78.8995 0.0355363 -0.381528 -0.380989 0.341938 -72147.5 -74028.7 1881.24 -61424.6 1.22532 3764.56
2100 78.9121 0.0882287 -0.38201 -0.383775 0.32629 -72160.5 -74042.1 1881.54 -61413.3 1.22521 3772.73
2200 78.7157 0.140403 -0.380806 -0.379572 0.331824 -72162.9 -74039.7 1876.86 -61461 1.2251 3756.44
2300 78.8618 0.193833 -0.380984 -0.38167 0.346165 -72131.5 -74011.8 1880.34 -61437.3 1.22582 3755.96
2400 78.9415 0.24594 -0.382639 -0.379658 0.329996 -72109.2 -73991.5 1882.24 -61401 1.22603 3761.53
2500 78.7832 0.295797 -0.379063 -0.381618 0.332244 -72136.3 -74014.8 1878.47 -61452.3 1.22606 3753.12
2600 78.6407 0.347186 -0.38218 -0.382636 0.340841 -72108 -73983 1875.07 -61372.3 1.22631 3772.08
2700 78.927 0.39877 -0.380126 -0.379411 0.333813 -72068.5 -73950.4 1881.89 -61388.8 1.22599 3751.48
2800 79.3298 0.198601 -0.381079 -0.383043 0.315685 -72098.4 -73989.9 1891.5 -61357.8 1.22539 3770.96
2900 78.9347 -0.420689 -0.38095 -0.380204 0.323024 -72150.9 -74033 1882.08 -61436.9 1.22462 3759.35
3000 78.7238 -0.364231 -0.378694 -0.379089 0.320549 -72148.8 -74025.8 1877.05 -61473.7 1.22379 3743.12
3100 78.9141 -0.306683 -0.382558 -0.382144 0.336418 -72104 -73985.6 1881.59 -61374.3 1.22449 3764.42
3200 78.8459 -0.254136 -0.382235 -0.381214 0.331193 -72098.3 -73978.3 1879.96 -61351.8 1.225 3771.84
3300 79.194 -0.198332 -0.379655 -0.38164 0.329268 -72073.3 -73961.5 1888.26 -61382.2 1.22558 3754.13
3400 78.9107 -0.142303 -0.3818 -0.381139 0.33106 -72069.7 -73951.2 1881.51 -61368.3 1.22575 3758.27
3500 78.8654 -0.0899965 -0.380051 -0.379782 0.314642 -72089.9 -73970.4 1880.43 -61395.7 1.22619 3757.17
3600 78.8806 -0.0390307 -0.381125 -0.381975 0.32107 -72129.9 -74010.6 1880.79 -61402 1.22531 3766.3
3700 78.8098 0.016653 -0.381081 -0.382229 0.326076 -72116.9 -73996 1879.1 -61393.8 1.22518 3764.19
3800 78.6079 0.0715944 -0.378377 -0.381478 0.326326 -72093.2 -73967.5 1874.29 -61399.6 1.22509 3753.56
3900 79.0177 0.126022 -0.38178 -0.380995 0.326623 -72050.2 -73934.3 1884.06 -61347.1 1.22481 3755.99
4000 79.2219 0.181107 -0.38143 -0.381428 0.34114 -72040.7 -73929.6 1888.93 -61303.2 1.22535 3769.71
4100 79.5162 0.239391 -0.381704 -0.379575 0.329246 -72021.7 -73917.7 1895.94 -61322.9 1.22619 3758.72
4200 79.175 0.292634 -0.379475 -0.380809 0.314787 -72100.2 -73988 1887.81 -61414.3 1.22658 3755.44
4300 78.8985 0.34691 -0.382371 -0.380732 0.317141 -72137.5 -74018.7 1881.22 -61440.8 1.22623 3758.12
4400 78.5507 0.400645 -0.380537 -0.383595 0.325987 -72146.9 -74019.8 1872.92 -61416.3 1.22665 3771.35
4500 78.7517 -0.230402 -0.380035 -0.377596 0.346348 -72075.5 -73953.2 1877.72 -61410.9 1.22686 3748.79
4600 79.1631 -0.372357 -0.380734 -0.383614 0.329754 -72075.5 -73963 1887.53 -61366.5 1.22711 3765.15
4700 79.1027 -0.315847 -0.381617 -0.380424 0.324347 -72090.3 -73976.3 1886.09 -61392.6 1.22704 3760.98
4800 78.6529 -0.260412 -0.381784 -0.378447 0.322156 -72123.5 -73998.9 1875.36 -61440.4 1.22568 3751.64
4900 78.5505 -0.205292 -0.379993 -0.382186 0.322237 -72096.8 -73969.8 1872.92 -61344 1.22499 3774.05
5000 79.3204 -0.150206 -0.380618 -0.381385 0.323026 -72111 -74002.3 1891.28 -61429.7 1.22427 3746.72
5100 78.7322 -0.0929366 -0.381161 -0.379314 0.337539 -72100.4 -73977.7 1877.25 -61388.8 1.22436 3757.63
5200 78.9641 -0.0372242 -0.379799 -0.383124 0.331851 -72081.4 -73964.2 1882.78 -61355.6 1.22463 3763.44
5300 78.9822 0.0166656 -0.379558 -0.382526 0.331025 -72074.2 -73957.4 1883.21 -61350.8 1.22554 3765.36
5400 79.3123 0.0749443 -0.380277 -0.379767 0.330836 -72075.6 -73966.7 1891.08 -61401.9 1.22534 3747.31
5500 79.2019 0.131111 -0.381621 -0.3804 0.326943 -72106.2 -73994.7 1888.45 -61382.7 1.22517 3764.27
5600 78.9528 0.184965 -0.380547 -0.381798 0.328997 -72138.8 -74021.3 1882.51 -61421.8 1.22533 3762.52
5700 78.7244 0.238473 -0.379341 -0.380144 0.322682 -72158.2 -74035.3 1877.06 -61469.1 1.22581 3754.17
5800 79.0844 0.298202 -0.383999 -0.381178 0.342793 -72111 -73996.6 1885.65 -61383.9 1.22659 3769.93
5900 79.1077 0.355664 -0.37997 -0.38078 0.338318 -72096.9 -73983.1 1886.21 -61408.1 1.22684 3757.19
6000 78.8666 0.254434 -0.38063 -0.380732 0.338673 -72121.7 -74002.2 1880.46 -61428.4 1.22591 3755.93
6100 78.9605 -0.387639 -0.382163 -0.383101 0.350373 -72093.4 -73976.1 1882.69 -61336.7 1.22517 3775.96
6200 79.2052 -0.331066 -0.379452 -0.381418 0.330593 -72111.7 -74000.2 1888.53 -61414.3 1.22468 3753.59
6300 79.2384 -0.268575 -0.381214 -0.381482 0.323026 -72101.2 -73990.5 1889.32 -61390.3 1.22469 3758.35
6400 78.9908 -0.21022 -0.38031 -0.38244 0.343335 -72116.7 -74000.1 1883.42 -61405.4 1.22547 3760.91
6500 78.794 -0.149958 -0.380143 -0.379054 0.335369 -72089.6 -73968.3 1878.72 -61387.7 1.22588 3758.9
6600 79.0688 -0.0919098 -0.379387 -0.379262 0.335074 -72081.1 -73966.4 1885.28 -61409.1 1.22542 3746.99
6700 79.1205 -0.0297671 -0.381592 -0.381291 0.342425 -72046.8 -73933.3 1886.51 -61328.9 1.2257 3763.96
6800 79.0346 0.0265988 -0.38033 -0.381443 0.321121 -72062.6 -73947.1 1884.46 -61361.9 1.22634 3759.81
6900 78.609 0.0783637 -0.382702 -0.380486 0.318494 -72116.1 -73990.5 1874.31 -61409.9 1.22689 3763.54
7000 78.4682 0.130094 -0.378572 -0.382098 0.324806 -72142.5 -74013.4 1870.96 -61466.9 1.22727 3753.87
7100 79.3913 0.194842 -0.383353 -0.383675 0.36834 -71999.6 -73892.5 1892.97 -61255.1 1.22772 3779.57
7200 80.0648 0.259418 -0.376531 -0.37975 0.338899 -71967.5 -73876.5 1909.02 -61329 1.22717 3740.71
7300 79.2896 0.319139 -0.381791 -0.381425 0.317666 -72017.9 -73908.5 1890.54 -61306.7 1.22781 3768.06
7400 79.4669 0.380154 -0.382242 -0.381537 0.34397 -72040.5 -73935.3 1894.77 -61360.7 1.22821 3758.25
7500 78.5651 -0.366977 -0.38069 -0.381058 0.328374 -72079.9 -73953.2 1873.27 -61397 1.22834 3759.73
7600 78.3409 -0.330137 -0.381654 -0.382552 0.311264 -72103.4 -73971.3 1867.92 -61379.2 1.2292 3776.95
7700 78.9605 -0.27018 -0.377608 -0.378512 0.341448 -72069 -73951.7 1882.69 -61459.3 1.22955 3737.71
7800 79.217 -0.20655 -0.382567 -0.381147 0.341237 -72033.8 -73922.6 1888.81 -61332.6 1.22985 3770.75
7900 79.0623 -0.149265 -0.381156 -0.382021 0.330818 -72058.1 -73943.3 1885.12 -61397.5 1.22982 3756.38
8000 78.4499 -0.0979063 -0.381708 -0.381338 0.318714 -72132.4 -74002.9 1870.52 -61459.1 1.22998 3761.38
8100 78.8225 -0.0414153 -0.378863 -0.380916 0.316577 -72119.5 -73998.9 1879.4 -61450 1.23035 3761.13
8200 78.4299 0.00589861 -0.381279 -0.382354 0.309151 -72200.4 -74070.5 1870.04 -61518.9 1.22972 3763.45
8300 78.375 0.0583327 -0.38249 -0.377491 0.325352 -72186 -74054.7 1868.73 -61531.6 1.22936 3752.78
8400 78.5415 0.11311 -0.37726 -0.385772 0.339056 -72131.3 -74004 1872.7 -61446.7 1.2289 3762
8500 79.8336 0.180559 -0.381849 -0.380541 0.342165 -71993.9 -73897.4 1903.51 -61296 1.22867 3765.97
8600 80.0091 0.248554 -0.379128 -0.37841 0.349478 -71949.3 -73857 1907.7 -61313.5 1.22888 3744.78
8700 79.8184 0.315347 -0.383278 -0.381959 0.352004 -71963.6 -73866.7 1903.15 -61249.4 1.22863 3771.67
8800 79.3458 0.234942 -0.379351 -0.379701 0.327842 -71986.1 -73878 1891.88 -61348 1.22874 3745.17
8900 78.5546 -0.364993 -0.382716 -0.384071 0.306933 -72095.2 -73968.2 1873.02 -61341.3 1.22893 3786.64
9000 78.416 -0.309878 -0.379713 -0.38009 0.327771 -72135.1 -74004.8 1869.71 -61484.2 1.22793 3747.23
9100 78.7315 -0.246002 -0.378666 -0.383244 0.345644 -72062.9 -73940.1 1877.23 -61383 1.22742 3755.81
9200 79.7483 -0.178536 -0.382135 -0.379336 0.349273 -72008 -73909.5 1901.48 -61308.4 1.22675 3760.74
9300 79.1699 -0.120692 -0.379537 -0.380988 0.316968 -72092.2 -73979.9 1887.69 -61391.4 1.2264 3760.09
9400 79.3163 -0.0539142 -0.381442 -0.379923 0.35264 -72070.9 -73962.1 1891.18 -61389 1.22642 3753.48
9500 79.3035 0.0167877 -0.380399 -0.381379 0.335246 -72016.2 -73907 1890.87 -61335.1 1.22738 3756.1
9600 79.5254 0.0838377 -0.380548 -0.381276 0.346369 -72002.3 -73898.4 1896.16 -61293 1.22838 3769.13
9700 79.5516 0.152167 -0.381562 -0.381597 0.355366 -71979.4 -73876.2 1896.79 -61302.5 1.22846 3757.99
9800 79.488 0.216389 -0.380264 -0.378896 0.328207 -72038.3 -73933.5 1895.27 -61379.9 1.2293 3754.01
9900 78.7614 0.281333 -0.381168 -0.381671 0.335525 -72064.8 -73942.8 1877.95 -61402 1.2299 3757.42
10000 79.2137 0.30357 -0.378939 -0.381776 0.346256 -72018.4 -73907.1 1888.73 -61353.2 1.22975 3757.83
10100 79.1912 -0.350787 -0.380984 -0.382837 0.330289 -72013.1 -73901.3 1888.2 -61310.2 1.22982 3771.32
10200 79.3294 -0.278137 -0.38293 -0.379897 0.339076 -71988.3 -73879.8 1891.49 -61314.3 1.23023 3762.39
10300 78.9132 -0.211944 -0.379578 -0.380422 0.348773 -71982.7 -73864.2 1881.57 -61338.9 1.23053 3752.63
10400 79.7002 -0.143654 -0.379162 -0.382985 0.323715 -71973.8 -73874.1 1900.33 -61317.9 1.23038 3756.47
10500 78.4368 -0.090416 -0.381626 -0.378557 0.277919 -72138.8 -74009 1870.21 -61470.8 1.22998 3759.49
10600 78.0732 -0.0381326 -0.380907 -0.382132 0.305472 -72196.2 -74057.7 1861.54 -61535.6 1.22988 3756.52
10700 78.5607 0.020313 -0.381273 -0.379777 0.327106 -72182.2 -74055.3 1873.16 -61490.5 1.22981 3767.34
10800 79.1056 0.085955 -0.379565 -0.381815 0.31977 -72141.8 -74028 1886.15 -61479.5 1.22968 3756.54
10900 78.5831 0.144896 -0.383521 -0.3833 0.335841 -72149.5 -74023.2 1873.7 -61445 1.22938 3770.54
11000 79.367 0.208717 -0.379209 -0.380172 0.352873 -72092.9 -73985.3 1892.39 -61423.7 1.22804 3753.96
11100 79.3432 0.276995 -0.379745 -0.381557 0.327773 -72051.2 -73943.1 1891.82 -61370.7 1.2282 3758.48
11200 78.518 0.331748 -0.380061 -0.380406 0.294349 -72145.8 -74018 1872.14 -61459.6 1.22777 3759.11
11300 78.7301 -0.258458 -0.384186 -0.380418 0.310991 -72150.9 -74028.1 1877.2 -61439 1.22743 3767.13
11400 78.783 -0.298679 -0.378636 -0.37995 0.324885 -72177.6 -74056 1878.46 -61512.9 1.22682 3748.66
11500 79.1536 -0.231239 -0.381997 -0.384904 0.3333 -72115.6 -74002.9 1887.3 -61375.4 1.22689 3775.48
11600 79.5279 -0.160206 -0.381016 -0.37894 0.354299 -72044.4 -73940.6 1896.22 -61366.1 1.2269 3753.7
11700 79.2393 -0.0937977 -0.379125 -0.3821 0.336262 -72063.7 -73953.1 1889.34 -61375 1.22613 3754.95
11800 79.1817 -0.0261606 -0.382286 -0.381027 0.323008 -72070.3 -73958.3 1887.97 -61336.2 1.22556 3769.18
11900 78.3436 0.0267789 -0.37983 -0.380415 0.315073 -72177.9 -74045.9 1867.99 -61490.3 1.22451 3749.66
12000 79.1915 0.100472 -0.380676 -0.380249 0.335453 -72056.2 -73944.4 1888.2 -61352.9 1.22435 3754.67
12100 79.017 0.164414 -0.381464 -0.381346 0.332594 -72080.5 -73964.5 1884.04 -61347.4 1.2242 3764.69
12200 79.2686 0.23157 -0.381809 -0.380881 0.330238 -72067.2 -73957.2 1890.04 -61345.3 1.22494 3762.95
12300 79.4921 0.301951 -0.381051 -0.382979 0.358037 -72014.8 -73910.2 1895.37 -61301.7 1.22501 3760.07
12400 79.81 -0.139184 -0.380986 -0.37653 0.371471 -71904.7 -73807.6 1902.95 -61212.6 1.22483 3752.24
12500 79.6025 -0.270976 -0.380116 -0.382921 0.365995 -71896 -73794 1898 -61192.6 1.22568 3758.8
12600 79.9764 -0.194491 -0.38149 -0.381941 0.341175 -71872.7 -73779.7 1906.92 -61136.7 1.22654 3772.9
12700 79.3436 -0.127102 -0.379771 -0.378082 0.320921 -71993.9 -73885.8 1891.83 -61337.5 1.22682 3745.78
12800 78.9989 -0.055845 -0.381912 -0.38115 0.323567 -72018.8 -73902.5 1883.61 -61332.8 1.22735 3757.81
12900 78.8429 0.0119584 -0.381454 -0.382886 0.34072 -72049.9 -73929.8 1879.89 -61325.7 1.22805 3773.37
13000 79.3588 0.087242 -0.380475 -0.381672 0.331871 -72006.4 -73898.6 1892.19 -61344.1 1.22864 3753.38
13100 79.3591 0.158733 -0.37789 -0.381487 0.335236 -72031.7 -73923.9 1892.2 -61355.5 1.22827 3757.12
13200 79.4644 0.233661 -0.3813 -0.382214 0.329051 -72021.6 -73916.3 1894.71 -61321.3 1.22818 3765.33
13300 79.3129 0.309978 -0.380987 -0.379981 0.354694 -71992.2 -73883.2 1891.1 -61305.6 1.2274 3758.14
13400 79.9022 -0.307037 -0.380512 -0.382771 0.373227 -71909.5 -73814.7 1905.15 -61209.1 1.22816 3765.34
13500 80.2449 -0.220578 -0.381313 -0.380333 0.326233 -71874.6 -73787.9 1913.32 -61206.4 1.22856 3755.24
13600 79.1621 -0.152873 -0.378534 -0.380192 0.326748 -72018.9 -73906.4 1887.5 -61364.3 1.22892 3751.55
13700 79.1306 -0.0715531 -0.382435 -0.380468 0.345922 -71992 -73878.8 1886.75 -61304.8 1.22895 3763.1
13800 78.1793 -0.0125333 -0.380937 -0.38149 0.289426 -72104.6 -73968.7 1864.07 -61419.5 1.22859 3761.29
13900 77.7365 0.0417829 -0.381304 -0.381641 0.282783 -72162.6 -74016.2 1853.51 -61471.1 1.22853 3763.33
14000 78.0316 0.0956669 -0.381582 -0.37966 0.301346 -72187.2 -74047.8 1860.55 -61518.3 1.22806 3753.98
14100 78.9364 0.164521 -0.380214 -0.384078 0.344298 -72087.5 -73969.7 1882.12 -61362.3 1.22779 3773.01
14200 80.2323 0.246947 -0.38161 -0.378271 0.353704 -71953.6 -73866.6 1913.02 -61282.8 1.22765 3753.39
14300 79.3652 0.264845 -0.37895 -0.383014 0.326238 -72046.8 -73939.1 1892.34 -61353.1 1.22743 3760.73
14400 79.2826 -0.289203 -0.382183 -0.38003 0.349817 -71998.9 -73889.3 1890.37 -61315 1.22846 3760.4
14500 79.0301 -0.226373 -0.382738 -0.381619 0.313316 -72097.6 -73981.9 1884.35 -61388.2 1.22896 3771.01
14600 78.0254 -0.172867 -0.378735 -0.381303 0.289887 -72206.1 -74066.5 1860.4 -61552.3 1.22846 3749.85
14700 78.0869 -0.112153 -0.380206 -0.381744 0.325177 -72198.2 -74060.1 1861.86 -61527.9 1.22868 3756.31
14800 80.3097 -0.02429 -0.379218 -0.382038 0.373044 -71958.2 -73873.1 1914.87 -61259.7 1.22923 3767.97
14900 80.1638 0.0535881 -0.382948 -0.380242 0.33889 -71950.7 -73862.1 1911.39 -61265.4 1.22898 3762.52
15000 79.1859 0.120818 -0.379479 -0.379721 0.350041 -72056.2 -73944.2 1888.07 -61421.7 1.22834 3742.72
15100 79.2243 0.190261 -0.381976 -0.381304 0.317446 -72083 -73972 1888.99 -61389.7 1.22879 3764.78
15200 77.9051 0.243214 -0.38097 -0.382654 0.303814 -72224.1 -74081.6 1857.53 -61509.8 1.22818 3770.3
15300 78.8182 0.0155478 -0.380286 -0.378572 0.342997 -72083.1 -73962.4 1879.3 -61408.8 1.22723 3753.32
15400 78.3315 -0.292695 -0.380399 -0.381807 0.315642 -72173.8 -74041.5 1867.7 -61494.1 1.22607 3751.68
15500 79.3815 -0.220845 -0.382289 -0.38428 0.335594 -72114.3 -74007 1892.73 -61368.4 1.22635 3775.89
15600 80.4702 -0.135101 -0.375335 -0.379521 0.376877 -72003.2 -73921.9 1918.69 -61372.2 1.22632 3735.45
15700 82.0965 -0.0198002 -0.382012 -0.381437 0.404875 -71702.9 -73660.4 1957.47 -60969.3 1.22868 3778.63
15800 82.1374 0.0767419 -0.381011 -0.380964 0.344876 -71740.4 -73698.8 1958.44 -61078.5 1.22935 3755.39
15900 78.8312 0.140111 -0.379493 -0.380165 0.314937 -72059.3 -73938.9 1879.61 -61417.2 1.22971 3749.52
16000 78.3624 0.211999 -0.381218 -0.382931 0.344738 -72106.1 -73974.5 1868.43 -61408.2 1.23017 3770.63
16100 78.9607 0.193963 -0.38004 -0.382503 0.351183 -72033.7 -73916.3 1882.7 -61359.9 1.22932 3759.57
16200 79.0379 -0.261015 -0.383434 -0.380018 0.3502 -71996.2 -73880.8 1884.54 -61318.5 1.22893 3759.67
16300 77.8833 -0.208668 -0.378362 -0.381679 0.291531 -72167.7 -74024.8 1857.01 -61497.8 1.22892 3756.95
16400 78.5085 -0.138248 -0.382405 -0.379753 0.330136 -72137.7 -74009.6 1871.92 -61451.1 1.22914 3763.48
16500 77.753 -0.0842068 -0.382536 -0.380537 0.291688 -72236.3 -74090.2 1853.9 -61545.3 1.22898 3764.54
16600 78.5381 -0.0166546 -0.378528 -0.381545 0.336184 -72156.5 -74029.1 1872.62 -61489.6 1.22846 3754.48
16700 79.9604 0.071581 -0.380511 -0.383328 0.377615 -72003.6 -73910.2 1906.54 -61300.9 1.22761 3764.47
16800 79.8511 0.149232 -0.380259 -0.379308 0.329334 -72009.3 -73913.3 1903.93 -61349.9 1.22807 3750.62
16900 78.9789 0.222415 -0.380211 -0.382306 0.338451 -72059.5 -73942.7 1883.13 -61375.5 1.22856 3760.79
17000 79.9932 -0.0183086 -0.3821 -0.382138 0.368184 -71898.9 -73806.2 1907.32 -61201.8 1.22941 3767.97
17100 79.0908 -0.245476 -0.380356 -0.380068 0.312854 -72044.5 -73930.3 1885.8 -61373.3 1.22901 3757.62
17200 78.3254 -0.179738 -0.381208 -0.379085 0.322533 -72113.8 -73981.4 1867.55 -61453.1 1.22847 3752.31
17300 78.6409 -0.108001 -0.381175 -0.385208 0.328601 -72092.9 -73968 1875.08 -61363.3 1.22816 3775.73
17400 80.19 -0.0195962 -0.380553 -0.379025 0.357364 -71973.3 -73885.3 1912.01 -61301.9 1.22765 3753.58
17500 79.5147 0.0545961 -0.380644 -0.381455 0.307244 -72070.3 -73966.3 1895.91 -61384.6 1.22803 3759.76
17600 78.4271 0.123623 -0.379479 -0.38193 0.327584 -72146.8 -74016.8 1869.98 -61464.9 1.22799 3758.32
17700 79.588 0.211268 -0.380641 -0.382028 0.367115 -72033.4 -73931 1897.66 -61338.6 1.2276 3761.61
17800 79.4967 0.213744 -0.379891 -0.380934 0.339324 -72041 -73936.5 1895.48 -61344.4 1.22705 3760.57
17900 79.0563 -0.252915 -0.381926 -0.378786 0.342445 -72104.5 -73989.5 1884.98 -61419 1.22631 3754.41
18000 78.5813 -0.183859 -0.381015 -0.382184 0.307326 -72162.5 -74036.2 1873.65 -61442.4 1.22623 3766.35
18100 78.1865 -0.119903 -0.381387 -0.381512 0.33123 -72194 -74058.2 1864.24 -61494.4 1.22671 3760.59
18200 79.1745 -0.0421782 -0.380659 -0.380134 0.336318 -72107.1 -73994.8 1887.8 -61426.6 1.22759 3756.59
18300 79.2949 0.0348714 -0.380667 -0.382102 0.357951 -72078.3 -73968.9 1890.67 -61393.8 1.2277 3758.29
18400 79.8092 0.115712 -0.379959 -0.380243 0.317673 -72037.4 -73940.4 1902.93 -61348.5 1.22729 3758.6
18500 79.0815 0.19195 -0.379328 -0.383865 0.326009 -72077.5 -73963.1 1885.58 -61374.8 1.22744 3763.95
18600 80.4433 0.0216293 -0.380378 -0.379836 0.397027 -71842 -73760.1 1918.05 -61171 1.22837 3755.63
18700 81.6947 -0.192161 -0.380713 -0.381328 0.354189 -71747 -73694.9 1947.89 -61076.6 1.2299 3760.06
18800 79.532 -0.116013 -0.3829 -0.380329 0.304067 -71975.9 -73872.2 1896.32 -61296.1 1.2303 3764.61
18900 78.4036 -0.0404709 -0.379289 -0.3797 0.3264 -72054.4 -73923.8 1869.42 -61393.8 1.2302 3757.53
19000 78.8438 0.0375871 -0.381845 -0.380692 0.331562 -72061.3 -73941.2 1879.91 -61423.6 1.23027 3749.73
19100 78.6305 0.108056 -0.38104 -0.383212 0.31864 -72155.8 -74030.6 1874.83 -61452.3 1.23011 3772.38
19200 78.3025 0.187445 -0.380546 -0.380619 0.323708 -72122.3 -73989.3 1867 -61477.2 1.22935 3749.5
19300 77.8702 0.242756 -0.381162 -0.380958 0.294837 -72213.6 -74070.3 1856.7 -61514 1.22925 3768.41
19400 77.9951 -0.142709 -0.379327 -0.380628 0.301274 -72201.4 -74061.1 1859.68 -61547.3 1.22833 3749.65
19500 78.7111 -0.204764 -0.381511 -0.38208 0.328424 -72126.1 -74002.8 1876.75 -61411.5 1.2281 3770.14
19600 78.5276 -0.148053 -0.379656 -0.381089 0.281156 -72215.7 -74088 1872.37 -61542.4 1.22752 3753.8
19700 77.8192 -0.10399 -0.381248 -0.382252 0.260477 -72358.5 -74214 1855.48 -61632.6 1.22664 3769.64
19800 78.7553 -0.019938 -0.381262 -0.380279 0.360512 -72163.4 -74041.2 1877.8 -61501.9 1.22635 3746.15
19900 79.7825 0.0607456 -0.381017 -0.379874 0.336457 -72047.3 -73949.6 1902.29 -61332.9 1.22633 3764.73
20000 79.8377 0.140249 -0.382275 -0.381821 0.333966 -72064.2 -73967.8 1903.61 -61327.7 1.22591 3771.11
20100 79.5897 0.219644 -0.380695 -0.380296 0.354766 -72048.9 -73946.6 1897.7 -61388 1.22563 3743.7
20200 78.8945 -0.0102463 -0.379435 -0.383732 0.336802 -72140.9 -74022 1881.12 -61408.1 1.22597 3770.01
20300 78.6729 -0.21303 -0.379809 -0.380464 0.331396 -72119.7 -73995.5 1875.84 -61425.9 1.22586 3755.94
20400 79.9518 -0.121514 -0.381141 -0.37935 0.362962 -71993.9 -73900.3 1906.33 -61313.4 1.2261 3752.08
20500 79.0069 -0.0504085 -0.383746 -0.381839 0.311514 -72108.8 -73992.6 1883.8 -61358.1 1.22498 3773.22
20600 77.9876 0.00760793 -0.376881 -0.381812 0.305785 -72239.6 -74099.1 1859.5 -61529.4 1.22429 3756.87
20700 79.8944 0.11152 -0.38273 -0.380746 0.359581 -71988.3 -73893.2 1904.96 -61274.6 1.2245 3758.77
20800 80.5535 0.210993 -0.380838 -0.381214 0.368756 -71877.3 -73798 1920.68 -61151.7 1.2249 3764.19
20900 80.1922 -0.082164 -0.379037 -0.383098 0.340469 -71977.4 -73889.5 1912.06 -61264.2 1.22543 3761.48
21000 81.2665 -0.150069 -0.380764 -0.377778 0.38133 -71805.9 -73743.5 1937.68 -61137.1 1.22573 3746.76
21100 78.5029 -0.0826185 -0.381587 -0.383564 0.301824 -72057.4 -73929.2 1871.78 -61298.4 1.22544 3777.55
21200 78.0708 -0.013804 -0.379777 -0.380776 0.328762 -72123.9 -73985.4 1861.48 -61451.2 1.22492 3745.68
21300 78.5704 0.0720905 -0.379222 -0.383074 0.335146 -72056.1 -73929.5 1873.39 -61328 1.22556 3767.07
21400 79.9949 0.177718 -0.382952 -0.377693 0.363462 -71862.3 -73769.6 1907.36 -61165.8 1.22649 3758.82
21500 78.8872 0.172728 -0.380803 -0.383907 0.320285 -72007.2 -73888.1 1880.95 -61296.7 1.22673 3764.48
21600 79.3843 -0.210471 -0.380086 -0.37964 0.339616 -71996.9 -73889.7 1892.8 -61330.5 1.22728 3750.74
21700 79.7827 -0.110284 -0.38087 -0.381785 0.3514 -71921.9 -73824.2 1902.3 -61221.7 1.22847 3766.2
21800 78.9524 -0.0328904 -0.382034 -0.380784 0.312544 -72039.9 -73922.4 1882.5 -61368.4 1.22844 3756
21900 78.4647 0.0394571 -0.378918 -0.382551 0.30226 -72127.3 -73998.2 1870.87 -61448.3 1.22847 3758.77
22000 78.7421 0.124937 -0.380516 -0.382429 0.336954 -72084.2 -73961.6 1877.49 -61391.7 1.22836 3763.16
22100 79.3893 0.215243 -0.381358 -0.379752 0.362046 -72016.2 -73909.1 1892.92 -61328.1 1.22852 3762.13
22200 79.5001 -0.206147 -0.379382 -0.381839 0.341293 -71978.5 -73874.1 1895.56 -61327.4 1.22873 3749.81
22300 79.7758 -0.141297 -0.382117 -0.379063 0.322319 -71972.4 -73874.5 1902.13 -61278.7 1.22801 3762.54
22400 77.965 -0.0919255 -0.381299 -0.383422 0.279243 -72222.8 -74081.7 1858.96 -61514.2 1.22713 3765.09
22500 77.5913 -0.0341011 -0.380599 -0.381158 0.276996 -72301.5 -74151.5 1850.05 -61592.6 1.22685 3764.3
22600 78.3503 0.0423559 -0.380462 -0.379634 0.327273 -72222.8 -74090.9 1868.15 -61525 1.22653 3759.43
22700 78.9233 0.126158 -0.382018 -0.382485 0.322764 -72155.7 -74037.5 1881.81 -61445.6 1.22585 3761.63
22800 79.01 0.20325 -0.379453 -0.379863 0.32756 -72149.1 -74032.9 1883.87 -61470 1.22651 3752.8
22900 79.3304 -0.139936 -0.380913 -0.382637 0.354465 -72042.7 -73934.2 1891.51 -61321.2 1.22754 3770.89
23000 80.5619 -0.135374 -0.382463 -0.379355 0.384994 -71879.1 -73800 1920.88 -61210.1 1.22759 3752.51
23100 80.4194 -0.0398281 -0.380174 -0.382582 0.349061 -71878.3 -73795.8 1917.48 -61163.5 1.22776 3769.15
23200 78.4958 0.0224929 -0.380924 -0.379026 0.269762 -72100.9 -73972.5 1871.61 -61447.3 1.22762 3747.3
23300 77.4626 0.0593884 -0.380362 -0.382225 0.264734 -72315.3 -74162.2 1846.98 -61583.4 1.22751 3774.47
23400 77.9406 0.127482 -0.380318 -0.38283 0.293606 -72294.2 -74152.6 1858.38 -61614.9 1.22718 3754.88
23500 78.3983 0.205862 -0.383012 -0.378419 0.336224 -72230.4 -74099.7 1869.29 -61529.9 1.2262 3759.3
23600 78.68 -0.106941 -0.379112 -0.381468 0.283713 -72243.8 -74119.8 1876.01 -61536.5 1.22619 3761.69
23700 79.3557 -0.160395 -0.380072 -0.381788 0.370593 -72107.5 -73999.6 1892.12 -61438.5 1.22715 3751.27
23800 80.4622 -0.0556602 -0.379525 -0.382204 0.366345 -71943.5 -73862 1918.5 -61250.6 1.22737 3760.32
23900 79.7561 0.0424219 -0.380791 -0.381932 0.342887 -71921.9 -73823.5 1901.66 -61189.2 1.22674 3772.29
24000 80.1972 0.140711 -0.382777 -0.379934 0.367951 -71886.1 -73798.3 1912.18 -61203.3 1.22715 3756.06
24100 79.4185 0.220574 -0.381132 -0.379838 0.291825 -72036.5 -73930.1 1893.61 -61345.6 1.22748 3759.88
24200 78.2846 -0.106352 -0.381656 -0.382347 0.311615 -72167.1 -74033.7 1866.58 -61458.4 1.22691 3764.4
24300 78.4699 -0.133583 -0.378866 -0.379838 0.320275 -72137.5 -74008.5 1871 -61463.2 1.22658 3751.35
24400 78.1383 -0.0635831 -0.382227 -0.382149 0.309372 -72177.7 -74040.8 1863.09 -61459.1 1.22702 3768.21
24500 78.5356 0.0164272 -0.379288 -0.380822 0.343629 -72125 -73997.5 1872.56 -61449.4 1.22688 3752.66
24600 79.6942 0.107553 -0.380916 -0.382189 0.35074 -72056.4 -73956.6 1900.19 -61323.5 1.22574 3769.36
24700 79.9236 0.203628 -0.380268 -0.379713 0.337126 -72002.9 -73908.5 1905.66 -61314.8 1.22592 3754.12
24800 78.4739 -0.111646 -0.380733 -0.382104 0.308981 -72156.2 -74027.3 1871.09 -61445.8 1.22517 3759.69
24900 78.487 -0.164186 -0.381165 -0.381398 0.287539 -72228.1 -74099.5 1871.4 -61532.9 1.22548 3755.29
25000 78.6395 -0.0772877 -0.380195 -0.381327 0.33204 -72172.5 -74047.5 1875.04 -61432.4 1.22506 3769.81
25100 79.2544 0.0116617 -0.383823 -0.381887 0.353742 -72109 -73998.7 1889.7 -61364.5 1.22489 3770.82
25200 78.8012 0.0754283 -0.378588 -0.378873 0.268588 -72224.3 -74103.2 1878.9 -61557.1 1.2248 3743.48
25300 77.5008 0.124008 -0.381097 -0.381992 0.257531 -72385.6 -74233.5 1847.89 -61672.4 1.22465 3759.08
25400 77.4591 0.17199 -0.381453 -0.381542 0.272453 -72438 -74284.9 1846.9 -61699.4 1.22432 3766.97
25500 77.805 0.13294 -0.38155 -0.378931 0.292126 -72402.2 -74257.4 1855.14 -61686.4 1.22452 3759.59
25600 78.2059 -0.21382 -0.380244 -0.381028 0.276293 -72383.8 -74248.5 1864.7 -61680.7 1.22444 3754.89
25700 78.2858 -0.155088 -0.382549 -0.381908 0.304777 -72359.8 -74226.4 1866.61 -61621.8 1.2246 3767.6
25800 78.3858 -0.0897624 -0.379404 -0.381919 0.313386 -72314 -74183 1868.99 -61618.6 1.22455 3752.51
25900 78.6369 -0.0270649 -0.381364 -0.380504 0.304797 -72293.6 -74168.6 1874.98 -61574.4 1.22432 3760.22
26000 78.8222 0.0488295 -0.380648 -0.380491 0.338048 -72205.6 -74085 1879.4 -61491.4 1.22466 3759.44
26100 80.1706 0.145872 -0.382355 -0.384214 0.395827 -72006 -73917.6 1911.55 -61268.6 1.22552 3770.22
26200 82.41 -0.0137994 -0.377878 -0.377733 0.384764 -71810.9 -73775.9 1964.94 -61142.5 1.22593 3747.32
26300 81.2701 -0.112018 -0.380746 -0.383108 0.34938 -71818.4 -73756.2 1937.76 -61110.1 1.22654 3763.14
26400 79.6706 -0.00457728 -0.380307 -0.38218 0.362507 -71890.8 -73790.5 1899.63 -61178.6 1.22734 3766.99
26500 78.7465 0.0773657 -0.38278 -0.381263 0.311277 -71998.2 -73875.8 1877.59 -61285.3 1.22682 3765.59
26600 78.2289 0.152589 -0.380423 -0.38098 0.296512 -72106.2 -73971.4 1865.25 -61412.1 1.22598 3756.42
26700 78.4419 -0.0268498 -0.37931 -0.378019 0.329728 -72097 -73967.3 1870.33 -61429 1.2257 3746.42
26800 78.8061 -0.153493 -0.382852 -0.381337 0.364734 -72025.5 -73904.5 1879.01 -61316.9 1.22631 3762.56
26900 79.3488 -0.0578944 -0.381428 -0.384793 0.339627 -71990 -73881.9 1891.95 -61218.8 1.22672 3785.89
27000 79.4056 0.0393699 -0.37951 -0.379133 0.334892 -71986.5 -73879.8 1893.31 -61319 1.2262 3747.8
27100 78.7556 0.125683 -0.381409 -0.38215 0.320806 -72044.7 -73922.5 1877.81 -61327.6 1.22598 3764.48
27200 78.7185 0.153319 -0.380911 -0.380872 0.326601 -72104.7 -73981.6 1876.92 -61383.7 1.22494 3762.65
27300 79.3062 -0.169987 -0.37927 -0.380001 0.348534 -72028.3 -73919.2 1890.94 -61360.7 1.22427 3741.94
27400 78.8047 -0.099417 -0.382316 -0.38321 0.315357 -72142.6 -74021.6 1878.98 -61377.8 1.22391 3774.94
27500 79.8438 0.00846558 -0.380077 -0.37977 0.339085 -72012.1 -73915.9 1903.75 -61332.7 1.2248 3747.71
27600 78.3142 0.0799817 -0.379665 -0.381646 0.324317 -72149.5 -74016.8 1867.28 -61416.3 1.22495 3767
27700 80.2418 0.156286 -0.38052 -0.380575 0.37224 -71937.6 -73850.8 1913.25 -61261.1 1.2259 3750.01
27800 79.5767 -0.180896 -0.381619 -0.381249 0.330171 -72027.4 -73924.8 1897.39 -61312.1 1.22688 3766.68
27900 78.0871 -0.114806 -0.382342 -0.380813 0.291667 -72193.3 -74055.2 1861.87 -61469.5 1.22672 3769.2
28000 77.4269 -0.0647603 -0.380645 -0.380493 0.2915 -72330.8 -74176.9 1846.13 -61659.9 1.22683 3750.87
28100 78.1927 0.0241101 -0.381203 -0.382428 0.346942 -72172.8 -74037.2 1864.39 -61455.7 1.2271 3767.93
28200 79.0478 0.109938 -0.381208 -0.377976 0.325305 -72118.1 -74002.8 1884.78 -61455.6 1.2264 3746.65
28300 78.9208 0.130675 -0.379957 -0.385533 0.336518 -72134.8 -74016.5 1881.75 -61367.1 1.22627 3783.35
28400 82.2721 -0.129967 -0.380667 -0.378519 0.384518 -71709.3 -73670.9 1961.65 -61056.1 1.22744 3746.58
28500 79.0959 -0.0726297 -0.379395 -0.380562 0.261406 -72094.3 -73980.2 1885.92 -61428.6 1.22675 3748.83
28600 78.441 0.0164424 -0.382919 -0.382061 0.335786 -72138.1 -74008.4 1870.31 -61410.3 1.22596 3768.17
28700 79.2351 0.12428 -0.380736 -0.383337 0.361766 -72021.8 -73911 1889.24 -61297.8 1.22625 3767.85
28800 79.0752 0.112328 -0.380864 -0.380715 0.302196 -72102 -73987.5 1885.43 -61392.1 1.22681 3764.56
28900 78.26 -0.17057 -0.379916 -0.379865 0.315233 -72192.7 -74058.7 1865.99 -61500.7 1.22631 3756.72
29000 78.8055 -0.0728166 -0.380357 -0.380235 0.3463 -72096.8 -73975.8 1879 -61394.3 1.22574 3758.62
29100 79.579 0.0281628 -0.380913 -0.382589 0.352485 -72019.4 -73916.9 1897.44 -61339.7 1.2258 3750.82
29200 79.3708 0.127427 -0.381797 -0.381603 0.358022 -72002.9 -73895.4 1892.48 -61276.8 1.22572 3766.86
29300 78.8872 0.0917944 -0.378953 -0.379546 0.314973 -72086.7 -73967.7 1880.95 -61416.6 1.22526 3745.82
29400 78.009 -0.175963 -0.382308 -0.381113 0.294125 -72196.4 -74056.4 1860.01 -61458.2 1.22488 3768.63
29500 79.0125 -0.0874406 -0.379946 -0.382071 0.323156 -72116.1 -74000 1883.94 -61382.4 1.22415 3764.69
29600 79.3153 0.00902332 -0.380247 -0.380856 0.353971 -72048.3 -73939.5 1891.15 -61353.3 1.22415 3751.18
29700 78.9481 0.0816025 -0.381642 -0.382268 0.282954 -72146.1 -74028.5 1882.4 -61416.3 1.22471 3765.07
29800 77.7922 0.132966 -0.381307 -0.381302 0.283452 -72331.6 -74186.5 1854.84 -61608.9 1.22467 3762.44
29900 78.2523 0.0772873 -0.380803 -0.380292 0.309264 -72261.9 -74127.7 1865.81 -61554.5 1.22508 3758.31
30000 78.605 -0.1458 -0.380185 -0.380312 0.330657 -72199.5 -74073.7 1874.22 -61477.4 1.22601 3766.31
30100 79.0458 -0.0651925 -0.380915 -0.38258 0.322591 -72186.2 -74070.9 1884.73 -61486.5 1.22581 3757.84
30200 78.6541 0.00498779 -0.381924 -0.379923 0.292577 -72263.2 -74138.6 1875.39 -61565.9 1.22614 3758.01
30300 79.1533 0.101095 -0.379447 -0.381061 0.348822 -72161.9 -74049.2 1887.29 -61469.5 1.22617 3756.39
30400 80.0535 0.0182414 -0.38231 -0.381658 0.325485 -72067.3 -73976.1 1908.75 -61329.2 1.2269 3774.74
30500 78.6875 -0.155686 -0.380898 -0.380018 0.318881 -72177.7 -74053.8 1876.18 -61509.7 1.22629 3748.21
30600 78.2984 -0.0774841 -0.380552 -0.380521 0.298871 -72233.9 -74100.8 1866.91 -61536.3 1.22719 3761.35
30700 77.8573 -0.00805837 -0.378569 -0.383518 0.29592 -72273.4 -74129.8 1856.39 -61595.4 1.22822 3757.65
30800 78.7745 0.0707087 -0.383169 -0.377918 0.288699 -72247.2 -74125.5 1878.26 -61563.2 1.22784 3758.59
30900 77.8275 0.12469 -0.381733 -0.382765 0.282822 -72359.6 -74215.3 1855.68 -61671.8 1.22823 3761.11
31000 78.6234 0.102243 -0.377759 -0.38071 0.290668 -72309.8 -74184.5 1874.66 -61651.4 1.22774 3749.3
31100 78.4107 -0.17605 -0.383725 -0.382999 0.284696 -72372.8 -74242.3 1869.59 -61627.1 1.2274 3779.04
31200 77.9529 -0.110387 -0.379988 -0.378827 0.275405 -72385.3 -74244 1858.67 -61725.7 1.22739 3748.65
31300 77.9101 -0.0623423 -0.382348 -0.382504 0.255699 -72465 -74322.7 1857.65 -61732.8 1.22672 3772.1
31400 78.0437 -0.000840282 -0.378714 -0.38023 0.308187 -72428.9 -74289.7 1860.83 -61751.6 1.22629 3751.5
31500 79.4478 0.0897349 -0.381508 -0.382996 0.327214 -72282.9 -74177.2 1894.31 -61560.5 1.2268 3768.89
31600 79.1035 0.108113 -0.381295 -0.379861 0.346634 -72289 -74175.1 1886.1 -61602.3 1.22587 3753.54
31700 79.4601 -0.165998 -0.378577 -0.38034 0.354545 -72175.3 -74069.9 1894.61 -61516.6 1.22591 3743.81
31800 79.9301 -0.058079 -0.381537 -0.381825 0.348173 -72066.1 -73971.9 1905.81 -61348.9 1.22699 3767.64
31900 78.5552 0.0213067 -0.378669 -0.3786 0.311443 -72171 -74044 1873.03 -61486.2 1.22659 3755.01
32000 79.5896 0.137103 -0.381491 -0.381477 0.372877 -71999.2 -73896.9 1897.7 -61296.6 1.22683 3762.01
32100 81.3913 -0.134281 -0.381073 -0.382103 0.393546 -71794.3 -73734.9 1940.65 -61087.2 1.22686 3763.7
32200 83.3141 0.00979156 -0.379152 -0.381731 0.381771 -71606.2 -73592.7 1986.5 -60922.6 1.22754 3757.54
32300 80.3593 0.115147 -0.381079 -0.382162 0.277531 -71924.6 -73840.7 1916.05 -61233.9 1.22725 3759.16
32400 77.7236 0.0471554 -0.380804 -0.380858 0.302828 -72129.3 -73982.5 1853.2 -61428 1.22721 3762.84
32500 80.0337 -0.0789969 -0.382243 -0.382679 0.378758 -71879.8 -73788.1 1908.28 -61142.1 1.22769 3777.01
32600 80.8659 0.0616048 -0.379914 -0.380209 0.381298 -71813.4 -73741.5 1928.12 -61175.2 1.22824 3743.73
32700 79.6168 0.0578475 -0.381993 -0.380934 0.337139 -71885.8 -73784.1 1898.34 -61192.4 1.22928 3766.24
32800 79.1985 -0.105876 -0.380185 -0.380194 0.357613 -71896.7 -73785 1888.37 -61222 1.22923 3759.54
32900 79.0168 0.00494318 -0.380417 -0.384155 0.326797 -71950.2 -73834.3 1884.04 -61270.6 1.22975 3762.87
33000 78.3833 0.0940706 -0.380632 -0.378188 0.327204 -72057.2 -73926.1 1868.93 -61401.8 1.22953 3753.66
33100 79.1236 0.0310398 -0.380789 -0.383918 0.357732 -72012.8 -73899.4 1886.58 -61315.8 1.22858 3765.44
33200 81.9443 -0.0453439 -0.381225 -0.378038 0.360313 -71759.2 -73713 1953.84 -61104 1.22874 3751.27
33300 78.7492 0.0383785 -0.380856 -0.380735 0.301494 -72080.7 -73958.4 1877.66 -61387.8 1.22829 3763.09
33400 77.7912 0.105205 -0.381334 -0.382379 0.26367 -72269.8 -74124.6 1854.81 -61571.2 1.22815 3764.66
33500 77.418 0.166946 -0.380466 -0.381761 0.258617 -72369.7 -74215.7 1845.92 -61681.7 1.22794 3760.37
33600 77.279 -0.0383123 -0.3807 -0.380843 0.274973 -72442.7 -74285.3 1842.6 -61760.5 1.22768 3757.43
33700 78.4154 -0.0762513 -0.380991 -0.38041 0.363087 -72242.8 -74112.5 1869.7 -61554.4 1.22847 3762.05
33800 78.5006 0.0105496 -0.380265 -0.381859 0.30621 -72230.3 -74102.1 1871.73 -61547.1 1.2282 3759.4
33900 78.3093 0.093673 -0.378345 -0.380331 0.343495 -72224.5 -74091.7 1867.17 -61565.4 1.22761 3749.18
34000 80.0222 -0.0373227 -0.382718 -0.38161 0.345739 -72053 -73961.1 1908.01 -61322.4 1.22666 3771.34
34100 79.0564 -0.104008 -0.380272 -0.381931 0.316769 -72125.7 -74010.7 1884.98 -61423.8 1.22621 3759.86
34200 78.301 -0.0327566 -0.381065 -0.380931 0.288828 -72241.8 -74108.8 1866.97 -61559.7 1.22608 3752.54
34300 77.4105 0.018708 -0.381294 -0.382616 0.25502 -72378.8 -74224.6 1845.74 -61625.8 1.22538 3775.36
34400 78.0194 0.0882643 -0.380275 -0.378958 0.283301 -72344 -74204.2 1860.26 -61680.4 1.22523 3743.49
34500 77.9034 0.153577 -0.381802 -0.38187 0.285218 -72366.2 -74223.7 1857.49 -61630.6 1.22454 3766.55
34600 78.2972 -0.0382728 -0.380199 -0.378721 0.292646 -72373.2 -74240.1 1866.88 -61671 1.22389 3752.87
34700 78.9207 -0.0831016 -0.379477 -0.383939 0.341862 -72249.6 -74131.4 1881.74 -61534.1 1.22486 3760.55
34800 80.9307 0.0581557 -0.381235 -0.381116 0.397489 -71864.7 -73794.4 1929.67 -61144.3 1.22648 3767.19
34900 80.3653 0.12677 -0.381153 -0.379959 0.335365 -71935.8 -73852 1916.19 -61244.3 1.22616 3756.03
35000 78.6804 -0.144031 -0.379277 -0.381507 0.321372 -72104.8 -73980.8 1876.02 -61415.4 1.22635 3755.89
35100 79.8005 -0.017455 -0.380922 -0.381511 0.39831 -71934.5 -73837.2 1902.72 -61228.8 1.22649 3762.04
35200 83.7034 0.0809758 -0.381298 -0.381037 0.371675 -71610.9 -73606.7 1995.78 -60922.6 1.22732 3758.51
35300 79.3531 -0.124716 -0.381734 -0.381655 0.294575 -72028.4 -73920.5 1892.06 -61323.8 1.22733 3764.24
35400 77.7647 -0.0698245 -0.379346 -0.382158 0.285172 -72203.8 -74058 1854.18 -61504.5 1.22831 3765.4
35500 77.9845 0.0335446 -0.381385 -0.377899 0.331068 -72134.3 -73993.7 1859.42 -61488.6 1.229 3748.68
35600 78.0141 0.114457 -0.381252 -0.38238 0.302601 -72212.6 -74072.7 1860.13 -61523.5 1.22832 3761.88
35700 78.2979 -0.0790082 -0.380704 -0.382171 0.341592 -72148.6 -74015.5 1866.9 -61460.8 1.22862 3762.32
35800 78.22 -0.10185 -0.380262 -0.38081 0.290285 -72262 -74127 1865.04 -61583.6 1.22763 3756
35900 77.9576 -0.0176197 -0.378475 -0.380712 0.303073 -72304.9 -74163.7 1858.78 -61620.7 1.22694 3755.92
36000 79.9156 0.117213 -0.385222 -0.381099 0.376551 -72008 -73913.4 1905.47 -61270.1 1.22685 3774.51
36100 79.8092 -0.0331195 -0.378413 -0.382125 0.342805 -72067.6 -73970.5 1902.93 -61371.7 1.22604 3757.22
36200 80.6385 -0.0318797 -0.382585 -0.381721 0.353924 -71973.7 -73896.4 1922.7 -61273.2 1.22691 3761.5
36300 78.1682 0.0292458 -0.379989 -0.37909 0.260095 -72246.2 -74110 1863.8 -61569.4 1.22736 3754.58
36400 78.1277 0.116454 -0.380543 -0.382324 0.303536 -72260.7 -74123.5 1862.84 -61567.4 1.22705 3759.4
36500 77.9365 -0.0814039 -0.382603 -0.379861 0.301342 -72271.7 -74130 1858.28 -61576.4 1.22736 3761.1
36600 77.3335 -0.140202 -0.378891 -0.382519 0.219994 -72474.4 -74318.3 1843.9 -61781.1 1.22685 3758.84
36700 77.3719 -0.0746963 -0.382611 -0.380291 0.279209 -72464.9 -74309.7 1844.82 -61750.5 1.22613 3764.02
36800 77.5871 -0.0169343 -0.380677 -0.379445 0.284542 -72451.1 -74301.1 1849.95 -61773.2 1.22613 3751.25
36900 78.1982 0.0428591 -0.38072 -0.382394 0.271266 -72431.7 -74296.3 1864.52 -61697.9 1.2258 3769.85
37000 78.1031 0.100914 -0.379959 -0.383524 0.302852 -72412 -74274.2 1862.25 -61707.9 1.22593 3759.8
37100 79.6224 0.00303792 -0.380483 -0.380087 0.361577 -72205.1 -74103.6 1898.48 -61494.9 1.22582 3761.6
37200 79.8752 -0.0626172 -0.382233 -0.380979 0.31911 -72121.1 -74025.6 1904.5 -61425.1 1.22625 3757.96
37300 78.5165 0.00561975 -0.379505 -0.381494 0.293765 -72270.7 -74142.8 1872.11 -61578.5 1.22603 3755.87
37400 78.3024 0.0965305 -0.381657 -0.379451 0.34995 -72237.6 -74104.6 1867 -61517.9 1.22584 3764.96
37500 79.3585 -0.100934 -0.37891 -0.381935 0.324424 -72111.7 -74003.9 1892.18 -61421.4 1.22554 3753.75
37600 79.3802 -0.0661763 -0.382028 -0.380649 0.340193 -72072.2 -73964.9 1892.7 -61358.5 1.22564 3762.31
37700 77.9963 -0.0042994 -0.381798 -0.381464 0.274706 -72256 -74115.7 1859.71 -61530.5 1.22505 3764.63
37800 77.4721 0.0489114 -0.380002 -0.379921 0.261451 -72380.5 -74227.7 1847.21 -61682.1 1.22483 3754.44
37900 78.117 0.128497 -0.381709 -0.381648 0.32498 -72304.7 -74167.3 1862.58 -61591.1 1.22535 3761.33
38000 79.0975 -0.0650335 -0.380461 -0.382383 0.331981 -72211.7 -74097.6 1885.96 -61496.3 1.22575 3763.22
38100 80.0795 -0.0211368 -0.381466 -0.380361 0.361896 -72031.7 -73941 1909.38 -61340.2 1.22567 3754.56
38200 79.5819 0.080785 -0.380378 -0.381489 0.336247 -72039 -73936.5 1897.51 -61316.8 1.22577 3765.65
38300 79.5665 0.0108371 -0.381028 -0.380578 0.311738 -72085.5 -73982.6 1897.14 -61389.6 1.22577 3756.45
38400 78.4104 -0.0974189 -0.381832 -0.380929 0.287048 -72258.8 -74128.4 1869.58 -61548.8 1.22483 3758.5
38500 78.1229 -0.00845772 -0.378396 -0.38297 0.309374 -72266.6 -74129.4 1862.72 -61547.9 1.22478 3761.42
38600 78.3152 0.0689245 -0.380856 -0.380321 0.256867 -72317.5 -74184.8 1867.31 -61600.1 1.22463 3760.43
38700 78.1447 0.105243 -0.381119 -0.380109 0.294797 -72364.9 -74228.1 1863.24 -61654.2 1.22508 3759.48
38800 80.3008 -0.0770567 -0.380672 -0.381984 0.382538 -72003.8 -73918.5 1914.65 -61284 1.226 3765.54
38900 81.5479 0.0653514 -0.379761 -0.37961 0.393403 -71842.4 -73786.8 1944.39 -61153.6 1.2261 3755
39000 83.3399 -0.0381022 -0.380635 -0.380875 0.386819 -71602.6 -73589.7 1987.11 -60933.9 1.22685 3750.19
39100 80.2663 -0.000263243 -0.379308 -0.383928 0.284738 -71950.8 -73864.6 1913.83 -61228.1 1.2278 3772.09
39200 77.9116 0.09132 -0.381026 -0.37949 0.280762 -72177.1 -74034.8 1857.69 -61512.4 1.22674 3748.45
39300 77.3522 0.0320282 -0.384103 -0.380865 0.264219 -72274.9 -74119.2 1844.35 -61514.4 1.22582 3779.33
39400 77.21 -0.110588 -0.380275 -0.382062 0.247593 -72359.3 -74200.2 1840.96 -61673.9 1.22529 3751.27
39500 77.4488 -0.0703685 -0.379132 -0.378587 0.262985 -72414.8 -74261.5 1846.65 -61726.4 1.22504 3751.57
39600 77.2107 -0.0238598 -0.381832 -0.382906 0.236752 -72524.2 -74365.2 1840.97 -61790.1 1.22412 3764.75
39700 77.4583 0.0498354 -0.380828 -0.382537 0.309612 -72464.5 -74311.4 1846.88 -61704.3 1.22357 3772.34
39800 78.7428 0.0531183 -0.380499 -0.379187 0.342739 -72270.4 -74147.9 1877.5 -61572.7 1.22325 3749.35
39900 78.6481 -0.111807 -0.379853 -0.381578 0.333764 -72300 -74175.3 1875.25 -61587.7 1.22252 3752.22
40000 80.7235 0.0368688 -0.381177 -0.380242 0.413673 -71933.1 -73857.8 1924.73 -61192 1.22365 3765.8
40100 80.5882 0.0571717 -0.382059 -0.380968 0.343241 -71918.2 -73839.7 1921.5 -61200.4 1.22455 3760.34
40200 78.2968 -0.0997548 -0.378554 -0.381572 0.309757 -72165.9 -74032.8 1866.87 -61455.6 1.22422 3756.76
40300 81.0508 0.0492976 -0.382268 -0.382179 0.41395 -71756 -73688.6 1932.53 -61017.1 1.22475 3768.42
40400 80.4887 0.0173232 -0.379492 -0.381279 0.315262 -71910.4 -73829.5 1919.13 -61221.4 1.22513 3752.12
40500 78.5874 -0.101329 -0.381351 -0.380874 0.298118 -72145.7 -74019.5 1873.8 -61433.9 1.2257 3761.79
40600 77.4085 -0.0282527 -0.381516 -0.381234 0.272415 -72284.2 -74129.9 1845.69 -61562.2 1.22623 3767.06
40700 78.3781 0.0503789 -0.381617 -0.380706 0.331232 -72214.2 -74083 1868.81 -61515.8 1.22583 3757.47
40800 78.1458 0.104175 -0.380433 -0.382313 0.277198 -72257.6 -74120.8 1863.27 -61554.9 1.22608 3759.72
40900 77.4437 -0.15397 -0.380853 -0.379913 0.239279 -72375.8 -74222.3 1846.53 -61681.7 1.22563 3755.33
41000 77.5317 -0.0986801 -0.379691 -0.381828 0.283828 -72426.8 -74275.4 1848.63 -61706.2 1.22571 3764.91
41100 79.7041 0.0314974 -0.381769 -0.381483 0.351343 -72145.8 -74046.2 1900.43 -61452.4 1.2264 3757.47
41200 81.6563 -0.0151606 -0.377846 -0.380828 0.423976 -71839.4 -73786.4 1946.97 -61158 1.22691 3754.78
41300 85.6858 0.0677624 -0.380836 -0.381991 0.407123 -71388.3 -73431.3 2043.05 -60691.3 1.22674 3759.77
41400 82.044 -0.130995 -0.383438 -0.380374 0.280601 -71774.1 -73730.4 1956.22 -61072.2 1.22799 3765.38
41500 77.3883 -0.0821236 -0.378692 -0.380343 0.249517 -72265.1 -74110.3 1845.21 -61604.1 1.22821 3751.63
41600 78.517 0.0633365 -0.384005 -0.380645 0.341719 -72071.3 -73943.4 1872.12 -61356.7 1.22859 3771.69
41700 77.5505 0.0759241 -0.379395 -0.379885 0.252903 -72287.4 -74136.4 1849.07 -61652.3 1.22866 3743.84
41800 78.1427 -0.0340741 -0.380353 -0.384807 0.337262 -72231.6 -74094.8 1863.2 -61490.9 1.22797 3778.98
41900 78.2987 0.0326228 -0.38052 -0.37799 0.350491 -72131 -73997.9 1866.92 -61477.2 1.22791 3748.18
42000 77.7491 0.111969 -0.379066 -0.381001 0.301773 -72229.5 -74083.3 1853.81 -61575.3 1.22871 3750.79
42100 77.914 -0.107507 -0.381181 -0.381695 0.319105 -72191.4 -74049.2 1857.74 -61501.9 1.22932 3765.09
42200 77.8262 -0.0375892 -0.38181 -0.383405 0.301694 -72243.5 -74099.2 1855.65 -61531.4 1.22876 3771.31
42300 78.4879 0.0680069 -0.381739 -0.377881 0.33909 -72177.1 -74048.5 1871.43 -61517.9 1.22781 3749.75
42400 78.1035 0.0824377 -0.383424 -0.381161 0.252274 -72286.5 -74148.8 1862.26 -61551 1.22704 3774.28
42500 77.8894 -0.0143657 -0.376995 -0.382541 0.256993 -72431.6 -74288.8 1857.16 -61764.4 1.22659 3748.83
42600 78.7764 -0.0270559 -0.382798 -0.381135 0.33748 -72237.6 -74115.9 1878.3 -61524 1.2272 3766.97
42700 79.5913 0.0790677 -0.377473 -0.381956 0.373423 -72093.3 -73991.1 1897.73 -61429.6 1.22745 3750.24
42800 80.446 -0.122811 -0.381895 -0.381808 0.308893 -72093.7 -74011.8 1918.11 -61380.2 1.2281 3769.75
42900 78.3705 -0.0255014 -0.38044 -0.381659 0.330737 -72219 -74087.6 1868.63 -61547.1 1.22787 3754.42
43000 78.8127 0.098151 -0.38231 -0.378986 0.364917 -72095.6 -73974.8 1879.17 -61429.6 1.22815 3753.18
43100 79.2233 -0.0704363 -0.379402 -0.380983 0.302008 -72145.5 -74034.4 1888.96 -61453.2 1.22695 3758.74
43200 78.3316 -0.04305 -0.382011 -0.383028 0.316802 -72284.4 -74152.1 1867.7 -61561.1 1.22735 3770.93
43300 79.3231 0.0907181 -0.380889 -0.377567 0.352995 -72102.7 -73994 1891.34 -61444.3 1.2277 3749.17
43400 78.2591 0.0126481 -0.380505 -0.382335 0.248694 -72289.4 -74155.4 1865.97 -61583.5 1.22769 3765.82
43500 77.2041 -0.127347 -0.382887 -0.380528 0.188763 -72509.3 -74350.1 1840.82 -61820.8 1.22689 3757.25
43600 77.3274 -0.113174 -0.379255 -0.379841 0.217555 -72621.6 -74465.3 1843.76 -61951.9 1.22635 3749.01
43700 77.8043 -0.0169793 -0.382477 -0.38101 0.294814 -72483.1 -74338.2 1855.13 -61763.4 1.22655 3767.17
43800 78.381 0.0546771 -0.380815 -0.382495 0.299226 -72419.8 -74288.7 1868.88 -61703.2 1.22651 3765.99
43900 78.8644 -0.0198565 -0.381221 -0.379854 0.364323 -72213 -74093.4 1880.4 -61506 1.22616 3761.53
44000 80.0472 -0.0314708 -0.382015 -0.381494 0.330868 -72114.8 -74023.5 1908.6 -61396.9 1.22592 3764.65
44100 78.3405 0.0311973 -0.378865 -0.381225 0.237758 -72330 -74197.9 1867.91 -61665.1 1.22536 3744.33
44200 77.3954 0.0782855 -0.382116 -0.381667 0.262421 -72502 -74347.4 1845.38 -61755.1 1.22444 3770.24
44300 78.3161 -0.0641987 -0.379392 -0.381202 0.336211 -72326.9 -74194.2 1867.33 -61614.8 1.22465 3758.64
44400 78.7659 -0.0506255 -0.380223 -0.381785 0.29347 -72301.3 -74179.4 1878.06 -61586.2 1.22407 3757.92
44500 78.8479 0.0721467 -0.379261 -0.382091 0.356486 -72164 -74044 1880.01 -61430.7 1.22434 3765.14
44600 82.5845 -0.0518001 -0.381555 -0.380813 0.400176 -71745.7 -73714.8 1969.1 -61065.1 1.22478 3747.96
44700 81.6669 0.096573 -0.380298 -0.380463 0.335545 -71851.8 -73799 1947.22 -61133.5 1.2253 3762.82
44800 79.2425 -0.0801071 -0.37874 -0.381952 0.339378 -72019.4 -73908.8 1889.42 -61337.3 1.22623 3752.97
44900 81.777 0.0291004 -0.383194 -0.379921 0.409386 -71672.4 -73622.3 1949.85 -60943 1.22707 3772.17
45000 78.911 -0.0992337 -0.381465 -0.382159 0.242312 -72054.9 -73936.4 1881.51 -61322.1 1.22655 3771.77
45100 77.0781 -0.0642071 -0.379513 -0.379662 0.215162 -72366.1 -74204 1837.81 -61702.9 1.2262 3746.3
45200 77.4025 0.0236503 -0.380652 -0.383104 0.290354 -72357.5 -74203.1 1845.55 -61640.3 1.22648 3766.1
45300 77.9375 0.0551948 -0.380653 -0.376742 0.298238 -72321.1 -74179.4 1858.3 -61665.8 1.22555 3741.49
45400 77.5315 -0.126309 -0.380845 -0.383411 0.247244 -72445.5 -74294.2 1848.62 -61708.7 1.22552 3770.09
45500 78.4331 -0.00426988 -0.378181 -0.381527 0.344864 -72272.7 -74142.8 1870.12 -61590.4 1.22559 3751.1
45600 81.259 -0.0108907 -0.383447 -0.380182 0.425429 -71835.7 -73773.2 1937.5 -61101.7 1.2257 3769.6
45700 81.4662 0.0249539 -0.379569 -0.384227 0.34231 -71862 -73804.4 1942.44 -61140.2 1.22603 3766.29
45800 80.0618 -0.0505045 -0.380966 -0.378831 0.354285 -71866.5 -73775.5 1908.95 -61194.8 1.2259 3748.33
45900 79.2899 0.0195886 -0.381776 -0.379887 0.352052 -71938.9 -73829.4 1890.55 -61226.8 1.22617 3763.35
46000 80.1052 -0.035633 -0.378811 -0.384243 0.358078 -71872.4 -73782.4 1909.99 -61179.7 1.22678 3758.44
46100 81.2549 0.0331445 -0.380203 -0.381317 0.371652 -71736.4 -73673.8 1937.4 -61031.6 1.22674 3762.49
46200 79.6656 -0.112637 -0.382218 -0.38003 0.246189 -72019.8 -73919.3 1899.51 -61315.8 1.22662 3761.85
46300 77.5382 -0.0367313 -0.382019 -0.380089 0.278205 -72255.1 -74103.9 1848.78 -61537.1 1.22573 3764.06
46400 77.5778 0.046658 -0.378633 -0.382569 0.288287 -72286.9 -74136.6 1849.73 -61598.9 1.226 3754.37
46500 79.4693 -0.0575402 -0.381325 -0.380436 0.374441 -71994.3 -73889.2 1894.83 -61306.2 1.22652 3755.98
46600 80.4508 0.0496839 -0.381984 -0.380729 0.368228 -71938.6 -73856.8 1918.23 -61225.4 1.22687 3765.87
46700 79.2767 -0.0779317 -0.379905 -0.380165 0.295413 -72125 -74015.3 1890.23 -61441.6 1.22736 3756.9
46800 77.7732 -0.00170156 -0.380054 -0.382859 0.310968 -72240.8 -74095.1 1854.38 -61546.2 1.22777 3762.08
46900 77.9002 0.0746731 -0.379789 -0.381675 0.319835 -72238.8 -74096.3 1857.41 -61548 1.22773 3760.66
47000 78.6169 -0.0572907 -0.382091 -0.380659 0.328922 -72127.6 -74002.1 1874.5 -61453.8 1.22835 3756.54
47100 78.4641 0.0379852 -0.380517 -0.382909 0.308998 -72245 -74115.8 1870.86 -61544.6 1.22849 3766.3
47200 78.8607 -0.0858429 -0.381098 -0.378004 0.323119 -72161.1 -74041.5 1880.32 -61517.8 1.22835 3745.91
47300 77.5327 -0.0890451 -0.379242 -0.382057 0.233882 -72396.3 -74245 1848.65 -61712.9 1.22795 3758.71
47400 78.4124 0.0258764 -0.382449 -0.383191 0.317973 -72268.3 -74137.9 1869.63 -61535.2 1.22811 3776.75
47500 78.3475 0.106673 -0.379492 -0.377281 0.287693 -72310.8 -74178.8 1868.08 -61690.4 1.22777 3736.07
47600 77.9556 -0.108386 -0.381832 -0.384752 0.291277 -72380.3 -74239 1858.74 -61644.4 1.22743 3775.64
47700 79.303 0.005317 -0.382084 -0.379384 0.321404 -72232.4 -74123.3 1890.86 -61515.6 1.22666 3766.54
47800 77.8353 0.0343337 -0.382872 -0.381392 0.222979 -72478.4 -74334.2 1855.87 -61773.6 1.22551 3758.75
47900 77.2344 0.0760251 -0.379165 -0.381933 0.205317 -72593.1 -74434.6 1841.54 -61881.4 1.22544 3760.99
48000 78.0246 -0.0109764 -0.382997 -0.380832 0.308462 -72442.5 -74302.8 1860.38 -61719.4 1.22548 3765.05
