# Time-averaged data for fix printave
# TimeStep v_temp v_strain v_sigmayy v_sigmazz v_sigmayz v_etotal v_pe v_ke v_enthalpy v_density v_press
100 77.3881 0.025 -0.149652 -0.153635 0.141825 -74587.9 -76433.1 1845.2 -70250.6 1.20184 1494.11
200 76.9423 0.075 -0.151941 -0.150668 0.364169 -74301.7 -76136.2 1834.57 -69969.1 1.20164 1491.73
300 77.999 0.125 -0.151161 -0.152859 0.4877 -73778.1 -75637.9 1859.77 -69403.6 1.20212 1506.73
400 78.4378 0.175 -0.151188 -0.150208 0.521908 -73280.3 -75150.6 1870.23 -68954.6 1.20258 1490.48
500 78.9938 0.225 -0.15085 -0.154707 0.510289 -72859.1 -74742.6 1883.49 -68503.6 1.20327 1501.56
600 79.4437 0.275 -0.15297 -0.150826 0.478491 -72551.6 -74445.9 1894.22 -68187.2 1.20363 1505.18
700 79.492 0.325 -0.150416 -0.15321 0.432663 -72376 -74271.3 1895.37 -68018.3 1.20304 1502.03
800 79.6093 0.375 -0.153293 -0.150522 0.400879 -72302 -74200.2 1898.17 -67960.7 1.20171 1494.75
900 78.9514 0.425 -0.150329 -0.153402 0.389068 -72265.8 -74148.3 1882.48 -67896.8 1.20075 1503.11
1000 78.6239 0.228903 -0.150064 -0.152413 0.362336 -72199.5 -74074.2 1874.67 -67860.2 1.20003 1492
1100 78.9361 -0.446628 -0.154912 -0.151527 0.352644 -72158 -74040.1 1882.11 -67775.3 1.19925 1505.95
1200 79.0611 -0.394867 -0.152582 -0.152617 0.344126 -72148.1 -74033.2 1885.09 -67750.3 1.19852 1510.23
1300 78.7283 -0.341903 -0.150069 -0.152323 0.346099 -72136.9 -74014.1 1877.16 -67789.3 1.1977 1491.96
1400 79.0473 -0.288341 -0.152407 -0.152481 0.348612 -72089.5 -73974.2 1884.76 -67716.7 1.19677 1499.44
1500 79.3959 -0.235071 -0.152788 -0.150594 0.335046 -72104 -73997.1 1893.08 -67734.9 1.19591 1497.11
1600 79.0749 -0.182578 -0.148347 -0.152391 0.340965 -72136.6 -74022 1885.42 -67771.3 1.19581 1495.65
1700 78.9557 -0.128847 -0.154312 -0.153229 0.344742 -72134 -74016.6 1882.58 -67708.9 1.195 1515.15
1800 78.9674 -0.0752392 -0.151728 -0.15315 0.350511 -72107.9 -73990.8 1882.86 -67736.3 1.19515 1496.97
1900 79.1864 -0.0218491 -0.151572 -0.151104 0.336794 -72105.5 -73993.6 1888.08 -67733.6 1.19431 1496.09
2000 78.9469 0.0308357 -0.15199 -0.153079 0.327888 -72131.8 -74014.2 1882.37 -67750.1 1.19412 1499.1
2100 78.5859 0.0823491 -0.152231 -0.151779 0.32951 -72143.7 -74017.4 1873.76 -67722.6 1.19377 1512.21
2200 78.9301 0.134585 -0.151489 -0.149877 0.335773 -72141.2 -74023.2 1881.97 -67793 1.19294 1486.23
2300 78.893 0.186577 -0.150688 -0.154306 0.337967 -72129.5 -74010.5 1881.08 -67716.7 1.19329 1508.7
2400 78.8911 0.239805 -0.151845 -0.15123 0.342846 -72105.3 -73986.4 1881.04 -67721.1 1.19264 1498.18
2500 79.3913 0.29194 -0.151402 -0.152802 0.329074 -72109.9 -74002.9 1892.97 -67741.9 1.19218 1492
2600 78.7997 0.3446 -0.152049 -0.152874 0.339751 -72119.2 -73998.1 1878.86 -67704.1 1.19169 1507.53
2700 79.0072 0.396974 -0.151535 -0.151382 0.334236 -72107.1 -73990.9 1883.81 -67747.2 1.19217 1489.25
2800 79.1011 0.270381 -0.153143 -0.152497 0.33215 -72135.8 -74021.9 1886.05 -67702.6 1.1921 1514.2
2900 78.7794 -0.426787 -0.150751 -0.151369 0.338317 -72150.9 -74029.2 1878.38 -67805.9 1.19229 1484.34
3000 79.0078 -0.371216 -0.152967 -0.152716 0.351359 -72118 -74001.8 1883.82 -67701.6 1.192 1508.33
3100 78.8439 -0.318523 -0.151681 -0.151346 0.343731 -72103.9 -73983.8 1879.91 -67694.2 1.19075 1504.47
3200 78.9911 -0.263727 -0.151404 -0.151032 0.338843 -72071.4 -73954.8 1883.42 -67698.4 1.1915 1492.91
3300 79.3265 -0.20695 -0.151325 -0.154182 0.336435 -72064.5 -73955.9 1891.42 -67634.4 1.19211 1513.2
3400 79.2708 -0.148386 -0.152161 -0.150614 0.351847 -72043 -73933.1 1890.09 -67660.8 1.19142 1496.01
3500 79.3639 -0.0935817 -0.1512 -0.150408 0.331939 -72063.5 -73955.8 1892.31 -67703.9 1.19203 1488.95
3600 78.6612 -0.0415403 -0.150514 -0.155308 0.330032 -72120.4 -73995.9 1875.56 -67713.4 1.19218 1505.34
3700 79.3684 0.0159559 -0.153961 -0.149354 0.345956 -72088.8 -73981.2 1892.42 -67696.2 1.19169 1499.81
3800 78.803 0.0684409 -0.148589 -0.153379 0.352703 -72111.1 -73990 1878.94 -67735.3 1.19124 1493.5
3900 79.2602 0.128117 -0.155783 -0.153984 0.373111 -72012.4 -73902.2 1889.84 -67580.5 1.19205 1513.71
4000 79.6985 0.184322 -0.150101 -0.150786 0.35778 -71996 -73896.3 1900.29 -67612.8 1.19222 1497.25
4100 79.241 0.239614 -0.152207 -0.151431 0.34505 -72032.8 -73922.2 1889.38 -67653.6 1.19128 1494.71
4200 79.0055 0.291604 -0.153456 -0.152274 0.336603 -72091.4 -73975.2 1883.77 -67679.2 1.19126 1505.96
4300 78.9937 0.345194 -0.149456 -0.153597 0.341589 -72110.7 -73994.2 1883.49 -67735.3 1.19102 1493.09
4400 78.7017 0.400512 -0.152226 -0.15137 0.348408 -72099.2 -73975.7 1876.52 -67695.9 1.1913 1502.95
4500 78.8318 -0.204648 -0.153773 -0.150993 0.345026 -72029.1 -73908.8 1879.63 -67639.8 1.19203 1499.11
4600 79.2403 -0.375401 -0.150747 -0.152254 0.330902 -72075 -73964.4 1889.37 -67667 1.19123 1504.48
4700 79.1638 -0.316026 -0.152121 -0.152551 0.352534 -72053.1 -73940.7 1887.54 -67651.1 1.19134 1502.57
4800 79.3378 -0.257521 -0.151916 -0.150005 0.345675 -72054.2 -73945.9 1891.69 -67687.5 1.19019 1489.1
4900 79.0256 -0.200031 -0.152036 -0.153677 0.342636 -72054.3 -73938.6 1884.25 -67640.5 1.19061 1505.66
5000 79.0321 -0.139978 -0.15245 -0.152027 0.350542 -72026.4 -73910.8 1884.4 -67647.4 1.19171 1495.22
5100 79.9107 -0.0792483 -0.151944 -0.150127 0.341252 -72014.5 -73919.9 1905.35 -67638.4 1.19275 1495.53
5200 79.143 -0.0229077 -0.151933 -0.154105 0.34136 -72084.3 -73971.4 1887.05 -67671.7 1.19348 1508.9
5300 79.2539 0.0339085 -0.153596 -0.150612 0.338129 -72132.9 -74022.6 1889.69 -67731.3 1.19275 1504.19
5400 78.5944 0.0863044 -0.150418 -0.153137 0.3344 -72193.7 -74067.7 1873.96 -67812.2 1.192 1496.39
5500 78.8879 0.144998 -0.152313 -0.151043 0.348089 -72144.7 -74025.7 1880.96 -67751.6 1.191 1499.13
5600 78.6388 0.200202 -0.152371 -0.151221 0.349202 -72124.5 -73999.6 1875.02 -67732.5 1.19082 1498.53
5700 79.0333 0.255947 -0.15146 -0.151966 0.362309 -72078.9 -73963.3 1884.43 -67686.7 1.19114 1498.96
5800 79.4851 0.317231 -0.152195 -0.15375 0.362258 -72003.4 -73898.7 1895.2 -67573.6 1.19145 1512.26
5900 80.081 0.380451 -0.15183 -0.152028 0.371039 -71945.5 -73854.9 1909.41 -67568 1.19141 1494.34
6000 79.6275 -0.276812 -0.151074 -0.151869 0.342441 -71986.2 -73884.8 1898.6 -67604.2 1.191 1495.32
6100 79.2821 -0.342471 -0.152468 -0.151423 0.365075 -72004.6 -73894.9 1890.36 -67616.9 1.19216 1498.75
6200 79.1221 -0.280452 -0.151302 -0.152028 0.355022 -72002.5 -73889 1886.55 -67599.9 1.1931 1505.03
6300 79.4606 -0.219819 -0.151082 -0.151291 0.328885 -72034.9 -73929.5 1894.62 -67673.4 1.19306 1490.92
6400 79.0317 -0.157603 -0.152275 -0.154015 0.335893 -72080.4 -73964.8 1884.39 -67644 1.19277 1516.14
6500 79.3899 -0.0890078 -0.150418 -0.150607 0.34714 -72023.8 -73916.7 1892.93 -67672.7 1.1935 1487.92
6600 79.5518 -0.0256472 -0.153499 -0.150968 0.352083 -72046.9 -73943.7 1896.79 -67669.6 1.19294 1496.16
6700 78.6577 0.0317864 -0.14848 -0.154489 0.341175 -72105.2 -73980.7 1875.48 -67704 1.19238 1503.65
6800 79.3883 0.099353 -0.154012 -0.152029 0.366523 -71994.9 -73887.8 1892.89 -67584.2 1.19205 1506.44
6900 79.4391 0.159096 -0.151098 -0.152017 0.359933 -72020.2 -73914.3 1894.11 -67648.7 1.19175 1492.67
7000 79.6943 0.225878 -0.151097 -0.152212 0.356165 -71971.1 -73871.2 1900.19 -67598.1 1.19226 1493.85
7100 79.1504 0.281954 -0.153913 -0.152135 0.331064 -72084.6 -73971.8 1887.22 -67653.3 1.1925 1514.02
7200 78.9189 0.338439 -0.150921 -0.151113 0.334185 -72147.2 -74028.9 1881.7 -67781.7 1.19173 1490.61
7300 78.1467 0.102024 -0.152585 -0.151894 0.34274 -72141.7 -74004.9 1863.29 -67739.7 1.19175 1503.09
7400 79.5797 -0.343971 -0.148838 -0.152021 0.362877 -72025.8 -73923.3 1897.46 -67652 1.19292 1494.94
7500 79.4021 -0.276543 -0.153877 -0.154327 0.350783 -71992.9 -73886.1 1893.22 -67573.4 1.19367 1511.48
7600 79.1721 -0.21787 -0.151082 -0.151501 0.341668 -72037.8 -73925.6 1887.74 -67649.9 1.19303 1499.92
7700 79.409 -0.15501 -0.151966 -0.153116 0.348789 -72046.5 -73939.9 1893.39 -67649.1 1.19327 1503.47
7800 79.3852 -0.086611 -0.150502 -0.150844 0.37094 -72005.4 -73898.2 1892.82 -67650 1.19337 1489.21
7900 80.2108 -0.0157684 -0.154011 -0.152234 0.351208 -71952.2 -73864.7 1912.51 -67544.4 1.19322 1506.99
8000 79.1583 0.044882 -0.151388 -0.15041 0.337951 -72053.5 -73940.9 1887.41 -67695 1.19288 1489.73
8100 79.0758 0.105569 -0.15258 -0.15259 0.342771 -72105.5 -73991 1885.44 -67675.1 1.19228 1513.56
8200 78.8314 0.167946 -0.150491 -0.152734 0.35517 -72101.7 -73981.3 1879.62 -67731.1 1.19198 1492.7
8300 79.8213 0.235252 -0.152223 -0.152086 0.357905 -72060.9 -73964.1 1903.22 -67656.3 1.19231 1504.71
8400 78.6593 0.29795 -0.151415 -0.153278 0.358671 -72059.9 -73935.4 1875.51 -67682.7 1.19209 1495.03
8500 79.4545 0.185552 -0.152449 -0.150225 0.366494 -71978.4 -73872.8 1894.47 -67582.6 1.192 1501.26
8600 79.8338 -0.335553 -0.149574 -0.152506 0.363632 -71942.1 -73845.7 1903.52 -67578.4 1.19234 1490.8
8700 80.2018 -0.264012 -0.1538 -0.151266 0.372111 -71942.6 -73854.9 1912.29 -67545.8 1.19291 1502.79
8800 78.9855 -0.203922 -0.151482 -0.152494 0.337319 -72054.9 -73938.2 1883.29 -67641.8 1.19261 1507.97
8900 78.8267 -0.143891 -0.151908 -0.150582 0.32925 -72102.3 -73981.8 1879.5 -67721.6 1.19292 1497.28
9000 78.93 -0.0779579 -0.152242 -0.153547 0.373414 -72038.7 -73920.7 1881.97 -67658.7 1.1933 1497.55
9100 79.8788 -0.00691452 -0.149844 -0.152143 0.361092 -71972.8 -73877.4 1904.59 -67591.3 1.19309 1497.79
9200 79.5409 0.0588705 -0.151285 -0.153423 0.364941 -71995.2 -73891.7 1896.53 -67598.6 1.19401 1504.15
9300 80.2031 0.1341 -0.153075 -0.152395 0.362142 -71943.4 -73855.7 1912.32 -67536.4 1.19558 1509.63
9400 79.1675 0.199098 -0.151279 -0.151108 0.357297 -72001.9 -73889.6 1887.63 -67642.8 1.19547 1493.15
9500 79.8824 0.275169 -0.149554 -0.155997 0.377813 -71918.1 -73822.8 1904.68 -67512.3 1.19532 1508.91
9600 81.5901 0.0227269 -0.15252 -0.150156 0.392908 -71772.5 -73717.9 1945.39 -67427.3 1.19594 1488.93
9700 80.5108 -0.2908 -0.150718 -0.152784 0.374577 -71855.6 -73775.3 1919.66 -67462.2 1.19616 1505.7
9800 80.3285 -0.205209 -0.150788 -0.15099 0.369305 -71864 -73779.4 1915.31 -67521.4 1.19651 1488.76
9900 78.8423 -0.142878 -0.154581 -0.1543 0.323959 -72032.1 -73912 1879.88 -67611.1 1.19671 1515.93
10000 77.8973 -0.0879983 -0.150023 -0.150975 0.334691 -72152.6 -74009.9 1857.34 -67805.2 1.19611 1489.86
10100 78.291 -0.0179979 -0.153387 -0.151258 0.354274 -72044.1 -73910.8 1866.73 -67655.3 1.19563 1503.46
10200 78.7702 0.0398358 -0.151075 -0.152755 0.326524 -72092 -73970.2 1878.16 -67717 1.19442 1497.2
10300 78.6657 0.107619 -0.152005 -0.151853 0.356871 -72054.7 -73930.4 1875.66 -67662.2 1.19446 1503.27
10400 79.1813 0.174944 -0.150545 -0.152774 0.362711 -72006.6 -73894.6 1887.96 -67639.5 1.19445 1494.56
10500 79.1228 0.235498 -0.152155 -0.153731 0.343033 -72057 -73943.6 1886.57 -67659.8 1.19474 1505.23
10600 78.9655 0.299461 -0.15195 -0.150355 0.34666 -72067.7 -73950.5 1882.81 -67687.2 1.19422 1498.84
10700 79.3134 -0.121011 -0.15065 -0.153834 0.366462 -72045.4 -73936.5 1891.11 -67646.2 1.19361 1504.5
10800 79.623 -0.273403 -0.15257 -0.152482 0.353048 -72042.7 -73941.2 1898.49 -67667 1.19375 1496.65
10900 79.0369 -0.210691 -0.152122 -0.152295 0.343684 -72091.3 -73975.8 1884.52 -67680 1.19346 1508.51
11000 78.8549 -0.147988 -0.150923 -0.150008 0.353171 -72110.7 -73990.8 1880.18 -67744 1.19398 1493.82
11100 79.4989 -0.0723611 -0.152053 -0.14982 0.35492 -72020.5 -73916.1 1895.53 -67646.6 1.19428 1496.67
11200 79.673 -0.0011926 -0.15061 -0.155082 0.358909 -72007 -73906.7 1899.68 -67629.4 1.19437 1498.05
11300 79.6505 0.0705194 -0.152972 -0.153436 0.353565 -72025 -73924.2 1899.15 -67626.2 1.19352 1504.22
11400 79.3861 0.141613 -0.150378 -0.151915 0.358808 -72015.1 -73907.9 1892.84 -67617 1.19358 1504.09
11500 79.0599 0.208539 -0.152027 -0.151923 0.353373 -72021.7 -73906.8 1885.07 -67657.7 1.19343 1492.24
11600 79.2211 0.276415 -0.150648 -0.151887 0.360079 -72010.4 -73899.3 1888.91 -67604.5 1.19316 1506.22
11700 79.6412 -0.0932899 -0.152081 -0.152408 0.356349 -71960.6 -73859.5 1898.93 -67594.9 1.19297 1492.27
11800 78.9988 -0.273504 -0.151506 -0.152543 0.331411 -72073.6 -73957.2 1883.61 -67670.2 1.19262 1504.65
11900 78.8954 -0.203968 -0.152218 -0.150616 0.343563 -72053.7 -73934.9 1881.14 -67682.4 1.19249 1493.53
12000 78.8202 -0.141233 -0.152331 -0.151199 0.339108 -72086.7 -73966 1879.35 -67670.4 1.19173 1508
12100 78.9632 -0.0714536 -0.151708 -0.152814 0.342078 -72058.8 -73941.5 1882.76 -67694.3 1.19152 1490.04
12200 78.9557 -0.0123742 -0.15094 -0.151862 0.331283 -72128.5 -74011.1 1882.58 -67734.3 1.19137 1499.94
12300 78.8078 0.0519977 -0.152726 -0.151218 0.34503 -72096.4 -73975.5 1879.05 -67683.1 1.19116 1506.22
12400 79.0778 0.11644 -0.148821 -0.153775 0.347 -72081 -73966.5 1885.49 -67701.6 1.19017 1493.37
12500 80.2098 0.197885 -0.154174 -0.151641 0.386989 -71930.4 -73842.9 1912.48 -67536.2 1.19161 1500.25
12600 80.2192 0.273544 -0.149637 -0.15333 0.364329 -71909.3 -73822.1 1912.71 -67512.4 1.19124 1500.71
12700 81.0831 -0.159017 -0.152098 -0.15266 0.366352 -71840.4 -73773.7 1933.3 -67421.7 1.19159 1508.65
12800 79.7365 -0.225429 -0.151649 -0.152926 0.349586 -71945.5 -73846.7 1901.2 -67545.7 1.19128 1501.79
12900 80.2201 -0.135351 -0.150379 -0.15131 0.372548 -71895.3 -73808 1912.73 -67537.5 1.19107 1487.21
13000 79.6275 -0.0604101 -0.152605 -0.151554 0.335263 -72001.1 -73899.7 1898.6 -67582.3 1.19148 1508.47
13100 79.4309 0.0187193 -0.150451 -0.152448 0.366361 -71994 -73887.9 1893.91 -67613.3 1.19132 1495.28
13200 79.5707 0.10631 -0.152768 -0.152398 0.395436 -71889.8 -73787 1897.24 -67485.6 1.1925 1504.81
13300 81.0516 0.201742 -0.148894 -0.151744 0.398416 -71743.5 -73676 1932.55 -67387.8 1.19338 1489.31
13400 81.0713 0.183479 -0.151361 -0.1512 0.352108 -71769.3 -73702.3 1933.02 -67398.8 1.19396 1495.11
13500 79.5535 -0.269387 -0.151214 -0.155379 0.339465 -71949.4 -73846.2 1896.83 -67526.1 1.19423 1513.58
13600 79.1642 -0.190063 -0.153882 -0.151522 0.313253 -72012.4 -73899.9 1887.55 -67623.3 1.1935 1500.88
13700 78.0324 -0.13056 -0.151127 -0.152023 0.330113 -72151.6 -74012.2 1860.56 -67764.3 1.19202 1498.39
13800 78.3954 -0.0604017 -0.150917 -0.15249 0.350859 -72103.8 -73973 1869.22 -67736.2 1.1913 1490.78
13900 78.0345 0.00122563 -0.151347 -0.151776 0.332737 -72149 -74009.6 1860.62 -67745.2 1.19178 1503.73
14000 78.7801 0.0734522 -0.151573 -0.154212 0.357093 -72068.4 -73946.8 1878.39 -67679 1.19186 1498.91
14100 78.6938 0.136409 -0.152234 -0.150647 0.324651 -72112 -73988.4 1876.34 -67711.4 1.19174 1502.64
14200 78.2215 0.194297 -0.151755 -0.152865 0.342226 -72159 -74024.1 1865.07 -67745.7 1.19214 1507.5
14300 79.5582 0.266097 -0.152831 -0.151906 0.333927 -72078.3 -73975.2 1896.95 -67699.9 1.1916 1494.86
14400 78.5404 -0.179909 -0.150113 -0.151321 0.330786 -72148.2 -74020.9 1872.68 -67769.9 1.19102 1494.09
14500 78.1984 -0.240206 -0.153862 -0.150803 0.316267 -72221 -74085.5 1864.52 -67821.4 1.18989 1499.93
14600 79.6478 -0.159824 -0.149875 -0.15349 0.388377 -72025.1 -73924.2 1899.08 -67622.2 1.19023 1501.49
14700 81.2337 -0.0707111 -0.153541 -0.153278 0.354761 -71906.5 -73843.4 1936.9 -67500.1 1.19127 1504.04
14800 79.9932 0.00455149 -0.148071 -0.150176 0.355821 -72015.9 -73923.2 1907.32 -67644.6 1.19123 1491.95
14900 80.8351 0.105888 -0.153557 -0.15327 0.386837 -71856.2 -73783.6 1927.39 -67452 1.19188 1504
15000 80.4398 0.194174 -0.151754 -0.15363 0.387321 -71862.4 -73780.4 1917.97 -67446.4 1.19342 1510.07
15100 80.54 0.1335 -0.15147 -0.149034 0.367816 -71862.4 -73782.8 1920.35 -67506.8 1.19409 1490.16
15200 79.137 -0.237112 -0.149289 -0.154031 0.336246 -71964.2 -73851.1 1886.9 -67582.1 1.19318 1498.16
15300 79.6349 -0.139482 -0.152933 -0.152139 0.369069 -71867.2 -73766 1898.78 -67470.4 1.19389 1503.99
15400 79.0888 -0.0713751 -0.152563 -0.151378 0.314878 -72039.1 -73924.9 1885.75 -67648.3 1.1934 1501.34
15500 78.56 0.00673597 -0.148437 -0.15524 0.361346 -72044.7 -73917.8 1873.15 -67682.3 1.19379 1492.11
15600 80.3069 0.0931803 -0.155393 -0.150597 0.322177 -71947.3 -73862.1 1914.8 -67532.5 1.19486 1511.5
15700 77.8432 0.14015 -0.151084 -0.151576 0.301684 -72231.6 -74087.7 1856.05 -67856.7 1.19353 1496.08
15800 78.0651 0.206763 -0.151292 -0.151307 0.328345 -72218.3 -74079.7 1861.34 -67834.5 1.1925 1497.82
15900 78.7328 0.0648281 -0.153096 -0.153241 0.368487 -72108.9 -73986.2 1877.27 -67690.7 1.19234 1509.42
16000 79.9107 -0.211756 -0.149778 -0.151654 0.36731 -71949 -73854.4 1905.35 -67595.9 1.1926 1487.49
16100 79.66 -0.13382 -0.153623 -0.152475 0.356827 -71988.6 -73888 1899.37 -67572.5 1.19221 1508.5
16200 79.3372 -0.0502735 -0.15031 -0.15211 0.35989 -71958.5 -73850.1 1891.68 -67582.1 1.19244 1495.24
16300 79.3746 0.024366 -0.151966 -0.152788 0.339137 -71999.6 -73892.1 1892.57 -67611.9 1.19193 1498.44
16400 79.0658 0.0962178 -0.151813 -0.151307 0.333385 -72056.8 -73942 1885.2 -67688.6 1.19178 1491.68
16500 77.71 0.14687 -0.151185 -0.152833 0.298182 -72190.9 -74043.7 1852.88 -67755.2 1.19139 1514.18
16600 78.4993 0.209375 -0.155175 -0.151558 0.326233 -72160.4 -74032.1 1871.7 -67747.2 1.19048 1505.35
16700 78.7741 0.0604343 -0.149435 -0.152883 0.347495 -72160.7 -74038.9 1878.25 -67774.4 1.18964 1495.05
16800 80.4321 -0.203951 -0.151057 -0.153958 0.386393 -71908.3 -73826.1 1917.78 -67515.7 1.19064 1498.49
16900 82.8215 -0.0889532 -0.151714 -0.150484 0.401166 -71657.4 -73632.2 1974.75 -67277.1 1.1923 1496.4
17000 81.7242 0.00903621 -0.151488 -0.154101 0.371754 -71776.8 -73725.4 1948.59 -67386.3 1.19231 1499.87
17100 80.0138 0.0932271 -0.152041 -0.150338 0.314943 -71970.2 -73878 1907.81 -67581.6 1.19347 1500.67
17200 78.125 0.160473 -0.151147 -0.15297 0.328661 -72152.2 -74015 1862.77 -67769.5 1.19381 1499.13
17300 78.3927 0.216746 -0.152653 -0.151625 0.37085 -72053.8 -73922.9 1869.16 -67670 1.19321 1498.71
17400 78.5764 -0.237464 -0.151069 -0.152478 0.345365 -72040.2 -73913.7 1873.54 -67629.7 1.19209 1506.44
17500 79.1469 -0.153125 -0.151887 -0.15187 0.348119 -72010.5 -73897.6 1887.14 -67633.7 1.1927 1495.69
17600 79.1851 -0.0759236 -0.151702 -0.152792 0.324699 -72063.7 -73951.8 1888.05 -67675 1.1936 1500.9
17700 78.7844 0.00570308 -0.15398 -0.152095 0.352123 -72083.8 -73962.3 1878.5 -67680.5 1.19375 1506.05
17800 79.231 0.0820168 -0.149963 -0.152081 0.341378 -72093.9 -73983.1 1889.14 -67722.1 1.19366 1495.19
17900 79.3449 0.168775 -0.153523 -0.15056 0.36817 -72025 -73916.9 1891.86 -67642.4 1.19436 1499.81
18000 78.9192 0.203658 -0.147912 -0.152943 0.313792 -72121.7 -74003.4 1881.71 -67761 1.194 1491.87
18100 79.0893 -0.229754 -0.153264 -0.152736 0.325148 -72112.1 -73997.9 1885.77 -67701.5 1.1939 1508.75
18200 78.6098 -0.156942 -0.153176 -0.152235 0.343348 -72162.5 -74036.8 1874.33 -67768.6 1.19308 1502
18300 78.2581 -0.0966521 -0.150257 -0.152073 0.317823 -72219.8 -74085.8 1865.95 -67832.6 1.19251 1498.99
18400 79.8186 -0.0051962 -0.1518 -0.150659 0.3729 -72049.6 -73952.8 1903.15 -67681.8 1.19299 1493.02
18500 79.0564 0.0692691 -0.15245 -0.153341 0.340413 -72080.8 -73965.8 1884.98 -67670.5 1.19289 1507.43
18600 78.4754 0.131507 -0.152012 -0.151341 0.309551 -72164.6 -74035.8 1871.13 -67767.4 1.19236 1502.25
18700 78.5256 0.200464 -0.153815 -0.151655 0.312193 -72179.2 -74051.6 1872.32 -67773.2 1.19153 1504.21
18800 77.7673 0.239057 -0.149536 -0.153008 0.270379 -72349.9 -74204.2 1854.25 -67976.8 1.19053 1491.78
18900 77.7035 -0.23022 -0.154117 -0.151548 0.290259 -72409.7 -74262.4 1852.72 -68002.9 1.18998 1502.46
19000 78.4535 -0.187151 -0.150063 -0.151177 0.323864 -72306.8 -74177.4 1870.61 -67923.6 1.18985 1494.27
19100 79.9069 -0.102497 -0.152289 -0.153284 0.386223 -72110.8 -74016 1905.26 -67699.3 1.19106 1505.47
19200 79.9285 -0.0167886 -0.15146 -0.150975 0.371366 -72004.9 -73910.7 1905.78 -67625.6 1.19057 1493.9
19300 80.0076 0.0690863 -0.150033 -0.154621 0.372161 -71940 -73847.7 1907.66 -67539.5 1.19144 1502.2
19400 80.8275 0.171169 -0.152642 -0.152655 0.396878 -71771.9 -73699.1 1927.21 -67346.4 1.19297 1512.74
19500 81.2576 -0.0119592 -0.15042 -0.152135 0.36845 -71763.1 -73700.6 1937.47 -67404.8 1.19307 1489.9
19600 80.7106 -0.156079 -0.153305 -0.152346 0.35529 -71838.9 -73763.3 1924.42 -67429.9 1.19366 1507.89
19700 79.764 -0.0582065 -0.150812 -0.150815 0.351391 -71899.2 -73801.1 1901.85 -67532.2 1.19409 1494.06
19800 81.7972 0.0677527 -0.153003 -0.151073 0.409577 -71656.1 -73606.5 1950.33 -67268.7 1.1949 1502.17
19900 80.576 0.154411 -0.150288 -0.150948 0.319977 -71908 -73829.3 1921.21 -67562.1 1.19389 1486.66
20000 77.9747 0.219433 -0.151946 -0.154219 0.289955 -72193.2 -74052.4 1859.19 -67752.6 1.1928 1517.65
20100 78.177 -0.190337 -0.153285 -0.151298 0.325172 -72192.1 -74056.1 1864.01 -67836.8 1.19276 1488.43
20200 78.0326 -0.145085 -0.149768 -0.152662 0.32848 -72246.4 -74107 1860.57 -67842.9 1.19223 1504.23
20300 79.5508 -0.034817 -0.15356 -0.150974 0.397382 -72005.3 -73902 1896.77 -67622.6 1.1929 1497.93
20400 79.5197 0.049208 -0.150856 -0.151234 0.347132 -72049.3 -73945.3 1896.03 -67661.8 1.1922 1498.73
20500 78.1216 0.111595 -0.152788 -0.156014 0.307467 -72231 -74093.7 1862.69 -67803.6 1.1908 1510.54
20600 77.8984 0.171364 -0.151835 -0.150275 0.312734 -72302.4 -74159.8 1857.37 -67917.7 1.1903 1495.4
20700 77.4792 0.172966 -0.151701 -0.152038 0.306697 -72369.9 -74217.2 1847.37 -67964.5 1.19031 1502.41
20800 77.932 -0.213892 -0.152555 -0.150866 0.318052 -72307.5 -74165.7 1858.17 -67917.5 1.18943 1496.07
20900 78.6025 -0.141829 -0.14887 -0.154112 0.362054 -72204.8 -74079 1874.16 -67811.5 1.18933 1497.07
21000 81.6058 -0.018968 -0.151264 -0.150634 0.427002 -71762.4 -73708.1 1945.77 -67387 1.19031 1492.19
21100 83.9804 0.116635 -0.148481 -0.152603 0.416425 -71475.1 -73477.5 2002.39 -67082.3 1.19166 1499.87
21200 84.9679 -0.0499701 -0.150431 -0.153862 0.41737 -71321.7 -73347.7 2025.93 -66939.1 1.19358 1498.76
21300 83.9595 -0.0808411 -0.153281 -0.152649 0.375582 -71416 -73417.9 2001.89 -67006.5 1.19554 1510.44
21400 79.7242 0.00868811 -0.151253 -0.151104 0.289855 -71864.4 -73765.3 1900.9 -67487.2 1.1944 1497.96
21500 77.7795 0.0804736 -0.152417 -0.152038 0.306565 -72098.1 -73952.7 1854.53 -67733.7 1.19356 1492.54
21600 77.2683 0.148433 -0.152054 -0.152283 0.294442 -72187.9 -74030.2 1842.35 -67773.5 1.19319 1509.19
21700 77.7559 0.178225 -0.150693 -0.15297 0.308567 -72185.9 -74039.9 1853.97 -67806.2 1.1923 1496.19
21800 78.0531 -0.182468 -0.15425 -0.152631 0.342692 -72164.4 -74025.5 1861.06 -67729.4 1.19167 1514.32
21900 78.1288 -0.110647 -0.149785 -0.150492 0.334839 -72190.2 -74053.1 1862.86 -67831.6 1.19089 1487.22
22000 77.9691 -0.0353053 -0.150976 -0.152139 0.330008 -72222.7 -74081.7 1859.06 -67834.9 1.19103 1497.36
22100 77.8943 0.0316935 -0.151943 -0.152918 0.342655 -72262.2 -74119.5 1857.27 -67867.8 1.19087 1499.42
22200 78.8951 0.121799 -0.151183 -0.151875 0.363079 -72112.5 -73993.6 1881.14 -67716.2 1.19062 1499.75
22300 80.4573 -0.0287203 -0.15394 -0.153064 0.392483 -71884.8 -73803.2 1918.38 -67462.9 1.19068 1508.52
22400 79.4425 -0.16668 -0.149182 -0.150896 0.321339 -72064.6 -73958.8 1894.19 -67709.1 1.19015 1485.26
22500 78.0048 -0.0937805 -0.153472 -0.151656 0.334257 -72157.8 -74017.7 1859.91 -67746.8 1.1902 1504.18
22600 78.8162 -0.00206112 -0.152512 -0.154277 0.371038 -72001.1 -73880.3 1879.25 -67570.8 1.19079 1511.56
22700 79.9356 0.0872245 -0.150753 -0.149929 0.356992 -71963.7 -73869.7 1905.95 -67609.7 1.19091 1485.73
22800 78.9916 0.159342 -0.152024 -0.153126 0.348202 -72073.9 -73957.3 1883.44 -67648.8 1.19049 1509.45
22900 79.2813 -0.0766761 -0.150267 -0.153301 0.357198 -72041.7 -73932.1 1890.34 -67643.4 1.1907 1500.53
23000 79.5027 -0.137394 -0.151966 -0.15316 0.326396 -72076.4 -73972 1895.62 -67685.5 1.19057 1497.84
23100 79.1791 -0.0451177 -0.152449 -0.15009 0.360188 -72056.1 -73944 1887.91 -67669.4 1.19067 1496.51
23200 79.5962 0.0538697 -0.151902 -0.153251 0.372308 -71973.1 -73871 1897.85 -67561 1.19107 1505.69
23300 78.9815 0.131989 -0.153359 -0.151179 0.322135 -72071 -73954.2 1883.2 -67679.3 1.19028 1497.71
23400 79.6213 -0.0246116 -0.151479 -0.152202 0.391292 -71924 -73822.4 1898.45 -67516.3 1.19075 1503.76
23500 81.8607 -0.106083 -0.150578 -0.149165 0.376758 -71789.6 -73741.5 1951.85 -67436 1.19136 1486.13
23600 80.1899 -0.00511985 -0.154147 -0.151783 0.350747 -71888.3 -73800.3 1912.01 -67496.1 1.19171 1499.7
23700 78.3789 0.0572723 -0.149661 -0.154931 0.301248 -72145.7 -74014.6 1868.83 -67721.1 1.19072 1509.52
23800 80.288 0.0947362 -0.151448 -0.152416 0.403645 -71853.3 -73767.6 1914.35 -67474.4 1.19089 1494.12
23900 80.3561 -0.150946 -0.151899 -0.153374 0.38587 -71803.1 -73719.1 1915.97 -67395.7 1.19221 1505.5
24000 80.7598 -0.0454299 -0.153114 -0.148892 0.327463 -71829.7 -73755.3 1925.6 -67429.7 1.19245 1503.31
24100 77.4122 -0.0217537 -0.150963 -0.154332 0.241641 -72322.8 -74168.5 1845.78 -67929.6 1.18991 1497.76
24200 77.7601 0.0515093 -0.151754 -0.152413 0.320665 -72281.8 -74135.8 1854.07 -67868.9 1.18902 1503.39
24300 78.3308 0.132666 -0.151088 -0.151943 0.353432 -72184.2 -74051.9 1867.68 -67791 1.18896 1496.57
24400 80.0706 -0.112965 -0.151031 -0.150855 0.353074 -71993.7 -73902.9 1909.16 -67607.2 1.18907 1494.46
24500 80.7754 -0.0803536 -0.152897 -0.153203 0.388866 -71864.8 -73790.8 1925.97 -67450.8 1.18988 1504.85
24600 81.6293 0.0394945 -0.150248 -0.151724 0.387736 -71782.5 -73728.8 1946.33 -67380.6 1.19059 1501.59
24700 80.3384 0.145308 -0.152485 -0.152338 0.333726 -71879.6 -73795.2 1915.55 -67502 1.19166 1494.65
24800 77.3596 0.180037 -0.149903 -0.152454 0.235021 -72272.8 -74117.4 1844.52 -67887.5 1.19125 1496.81
24900 77.5534 -0.108282 -0.152359 -0.151108 0.296531 -72289.3 -74138.4 1849.14 -67887.2 1.19127 1502.52
25000 77.7161 -0.116762 -0.153979 -0.153653 0.301627 -72251.7 -74104.7 1853.02 -67845.2 1.19157 1504.37
25100 77.7057 -0.0603555 -0.151669 -0.150447 0.309265 -72302.5 -74155.2 1852.77 -67897 1.19089 1503.21
25200 78.2565 0.0155831 -0.151233 -0.152027 0.343457 -72234 -74099.9 1865.91 -67857.5 1.19149 1494.07
25300 79.1042 0.0998481 -0.149719 -0.154465 0.349036 -72156.4 -74042.6 1886.12 -67753.1 1.19206 1503.97
25400 81.3988 -0.0182108 -0.150612 -0.152244 0.429278 -71804.4 -73745.3 1940.83 -67411.7 1.19342 1502.06
25500 86.047 -0.0399862 -0.153132 -0.149845 0.404991 -71418.7 -73470.4 2051.66 -67059.7 1.19502 1492.5
25600 79.4651 0.0228427 -0.151056 -0.153262 0.298587 -72009 -73903.8 1894.73 -67610.3 1.1943 1505.17
25700 78.4444 0.115833 -0.151396 -0.154144 0.345895 -72043.9 -73914.3 1870.39 -67654.7 1.19453 1502.28
25800 78.2385 0.0202413 -0.15195 -0.149627 0.343089 -72059 -73924.4 1865.48 -67686.7 1.19359 1495.24
25900 78.3379 -0.121491 -0.150962 -0.152965 0.343741 -72049.2 -73917 1867.85 -67672.9 1.19243 1495.15
26000 78.7595 -0.0331591 -0.152223 -0.151191 0.325728 -72081.8 -73959.7 1877.9 -67686.9 1.19157 1500.43
26100 78.2367 0.0463798 -0.151111 -0.155088 0.337477 -72166.2 -74031.7 1865.44 -67736 1.19138 1512.29
26200 79.5481 0.153846 -0.151052 -0.150914 0.349064 -72035.1 -73931.8 1896.7 -67680.4 1.18971 1484.48
26300 79.0517 -0.135731 -0.153366 -0.153359 0.364661 -72053.8 -73938.6 1884.87 -67604.4 1.18949 1516.52
26400 78.8198 -0.0834992 -0.153123 -0.150162 0.34763 -72093.3 -73972.7 1879.34 -67713.4 1.1903 1493.75
26500 78.1149 -0.0184297 -0.150793 -0.1514 0.301309 -72214.4 -74076.9 1862.53 -67827.5 1.19102 1497
26600 78.4136 0.0615001 -0.151874 -0.15203 0.354755 -72185.2 -74054.8 1869.65 -67798 1.19138 1497.57
26700 80.1327 0.0239763 -0.151212 -0.153993 0.401714 -71870.3 -73781 1910.64 -67460.4 1.19281 1507.16
26800 82.6113 -0.092991 -0.151217 -0.151973 0.395602 -71651 -73620.8 1969.74 -67277.9 1.19323 1495.09
26900 83.6004 0.0548535 -0.15028 -0.151761 0.373301 -71583.6 -73577 1993.33 -67208.9 1.1949 1497.75
27000 82.9844 -0.0314412 -0.149427 -0.154308 0.426011 -71518.7 -73497.3 1978.64 -67148.5 1.19659 1498.28
27100 84.0184 -0.0256198 -0.154015 -0.151486 0.361831 -71464.3 -73467.6 2003.29 -67083.6 1.19811 1503.82
27200 78.8393 0.0465701 -0.15148 -0.150684 0.313558 -72015.4 -73895.2 1879.8 -67645.7 1.19701 1498.62
27300 78.235 0.148256 -0.150516 -0.152855 0.31975 -72074.4 -73939.8 1865.4 -67720.5 1.19762 1493.98
27400 77.2955 -0.0652336 -0.15172 -0.154128 0.286899 -72282.5 -74125.5 1842.99 -67890.5 1.1958 1504.8
27500 79.5234 -0.0531695 -0.153007 -0.152886 0.39501 -71970.6 -73866.8 1896.12 -67563.2 1.19548 1509.64
27600 78.4205 0.0125715 -0.152612 -0.149992 0.227852 -72228.6 -74098.4 1869.82 -67863.2 1.19323 1492.45
27700 77.2659 0.0513163 -0.149592 -0.151675 0.238679 -72425.9 -74268.2 1842.29 -68052.9 1.19226 1493.86
27800 77.2748 0.117266 -0.152628 -0.153026 0.281164 -72448.4 -74290.9 1842.5 -68029.5 1.19154 1508.58
27900 77.3885 0.0575314 -0.152373 -0.151598 0.315876 -72392.6 -74237.8 1845.21 -68015.6 1.19126 1493.92
28000 77.3602 -0.163618 -0.150555 -0.154717 0.280651 -72465.4 -74309.9 1844.54 -68055.5 1.19076 1504.54
28100 79.8568 -0.0392068 -0.149138 -0.150938 0.393969 -72090.3 -73994.3 1904.07 -67709.4 1.1902 1493.92
28200 80.6826 0.0756971 -0.153084 -0.15366 0.382868 -71971.4 -73895.1 1923.76 -67546.8 1.1907 1509.45
28300 80.3561 0.0150522 -0.151473 -0.149841 0.37214 -71948.9 -73864.8 1915.97 -67587.5 1.19059 1487.77
28400 78.9206 -0.122861 -0.153183 -0.1527 0.308761 -72156.1 -74037.8 1881.74 -67731.1 1.19038 1509.28
28500 78.0541 -0.0462328 -0.151003 -0.150463 0.335271 -72241 -74102.1 1861.08 -67892.8 1.18977 1482.34
28600 77.9791 0.0286567 -0.150908 -0.15422 0.328476 -72243.7 -74103 1859.3 -67812.9 1.18885 1509.25
28700 79.0207 0.131263 -0.15251 -0.150801 0.348635 -72093.8 -73977.9 1884.13 -67683.9 1.18834 1501.49
28800 78.9244 -0.0920679 -0.15238 -0.152795 0.333007 -72086.3 -73968.1 1881.83 -67670.8 1.18853 1503.66
28900 78.5743 -0.090404 -0.150973 -0.150192 0.347565 -72134.5 -74008 1873.49 -67744.9 1.1881 1494.23
29000 80.5468 0.0299737 -0.152209 -0.155612 0.353956 -71961.7 -73882.2 1920.52 -67536.1 1.18824 1506.72
29100 80.4164 0.0546442 -0.14812 -0.150649 0.402401 -71852.3 -73769.7 1917.41 -67500.1 1.18887 1482.53
29200 85.0027 -0.0480225 -0.154258 -0.153382 0.394742 -71422.3 -73449.1 2026.76 -66975.1 1.19175 1518.61
29300 81.0599 0.0441087 -0.152645 -0.149744 0.306485 -71872.7 -73805.5 1932.75 -67506.7 1.19166 1490.73
29400 77.4883 0.0949298 -0.152337 -0.152145 0.261213 -72289.6 -74137.2 1847.59 -67873.9 1.19029 1505.95
29500 77.748 -0.00532463 -0.149542 -0.155254 0.320648 -72264.3 -74118 1853.78 -67863.9 1.19003 1500.42
29600 80.5004 -0.0415246 -0.151865 -0.150597 0.435944 -71774.9 -73694.3 1919.41 -67396 1.19041 1493.55
29700 80.6162 0.0727356 -0.151817 -0.152049 0.334627 -71847 -73769.2 1922.17 -67436 1.19054 1504.73
29800 77.6991 0.135894 -0.151528 -0.150759 0.27114 -72183.8 -74036.4 1852.62 -67804 1.19077 1494.27
29900 77.5567 -0.0836748 -0.151792 -0.15286 0.283274 -72283.8 -74133.1 1849.22 -67894.5 1.19028 1496.92
30000 77.8447 -0.0931651 -0.151836 -0.151219 0.314739 -72279 -74135.1 1856.09 -67890.2 1.18932 1495.56
30100 77.67 -0.014479 -0.153123 -0.152195 0.31107 -72280.7 -74132.6 1851.93 -67870.7 1.18993 1503.53
30200 77.4497 0.0299872 -0.149892 -0.15327 0.280421 -72388.2 -74234.8 1846.67 -67973.6 1.18884 1503.74
30300 79.583 0.0652795 -0.155229 -0.151714 0.371004 -72139.9 -74037.5 1897.54 -67748 1.18906 1496.28
30400 78.6941 -0.1497 -0.149297 -0.152047 0.316673 -72247.6 -74124 1876.34 -67835 1.18897 1503.21
30500 80.0426 -0.023838 -0.15429 -0.150231 0.402121 -71980.5 -73889 1908.5 -67584.1 1.19046 1499.56
30600 79.8692 0.0671627 -0.151342 -0.153554 0.340127 -72038.6 -73943 1904.36 -67635 1.18995 1501.39
30700 79.2011 0.0462706 -0.151935 -0.152506 0.359637 -72062.6 -73951 1888.43 -67671.9 1.19121 1498.6
30800 80.1034 -0.0820815 -0.152964 -0.151644 0.36295 -71987.8 -73897.7 1909.95 -67566.4 1.19164 1509.62
30900 77.9855 -0.0232975 -0.153143 -0.150422 0.297243 -72250.2 -74109.6 1859.45 -67854.6 1.19033 1499.11
31000 77.9475 0.0437659 -0.149355 -0.152195 0.32661 -72280.4 -74138.9 1858.54 -67922.6 1.1894 1485.08
31100 81.2689 -0.0447784 -0.153314 -0.153126 0.414647 -71798.5 -73736.2 1937.74 -67379.8 1.19127 1508.22
31200 82.1356 -0.0261066 -0.151234 -0.152383 0.39834 -71740.3 -73698.7 1958.4 -67345.2 1.19158 1500.54
31300 83.1964 0.0439659 -0.153045 -0.152007 0.395874 -71565.6 -73549.3 1983.69 -67156.2 1.19259 1506.69
31400 79.5975 -0.123298 -0.149927 -0.152965 0.296208 -71988.8 -73886.7 1897.88 -67626.2 1.19212 1490.12
31500 79.4276 0.0122641 -0.15204 -0.152363 0.39559 -71871 -73764.8 1893.83 -67465.2 1.19272 1505.59
31600 83.1558 -0.0336145 -0.150084 -0.150976 0.4195 -71554.6 -73537.3 1982.73 -67186 1.19283 1493
31700 82.8263 0.00252786 -0.15229 -0.153975 0.384953 -71594.4 -73569.2 1974.87 -67189.8 1.19425 1507.13
31800 80.8388 0.0572439 -0.154967 -0.152418 0.386334 -71687.5 -73615 1927.48 -67294.3 1.19525 1504.53
31900 78.88 -0.107335 -0.149684 -0.149965 0.311683 -71984.9 -73865.7 1880.78 -67621.7 1.19375 1492.32
32000 77.4881 -0.0219895 -0.152013 -0.152593 0.306586 -72145 -73992.6 1847.59 -67733.8 1.1941 1509.19
32100 77.954 0.0732336 -0.150205 -0.153518 0.337344 -72117.4 -73976.1 1858.7 -67754.1 1.19446 1493.32
32200 78.2756 -0.0198007 -0.151802 -0.151479 0.354541 -72092.1 -73958.5 1866.36 -67714.9 1.19433 1497.85
32300 79.4951 -0.0320995 -0.153444 -0.152076 0.381291 -71965.6 -73861.1 1895.44 -67563.9 1.19478 1506.83
32400 77.8374 0.0472603 -0.150795 -0.150042 0.312214 -72143.5 -73999.4 1855.92 -67784.1 1.19404 1491.41
32500 78.1625 0.0507842 -0.151278 -0.152444 0.338195 -72107.5 -73971.2 1863.67 -67734 1.19392 1496.09
32600 79.5227 -0.0623506 -0.151919 -0.152339 0.394375 -71907.9 -73804 1896.1 -67520.7 1.19457 1501.62
32700 79.6399 0.0445504 -0.150533 -0.152398 0.366613 -71933.9 -73832.8 1898.89 -67561 1.19479 1496.98
32800 82.2583 -0.00972333 -0.148909 -0.153227 0.445097 -71616.6 -73577.9 1961.33 -67249.8 1.19511 1495.28
32900 91.3773 -0.0142877 -0.151949 -0.154659 0.42789 -70876.7 -73055.4 2178.76 -66449.8 1.19751 1518.9
33000 83.6663 -0.0313879 -0.151518 -0.150303 0.293768 -71550.5 -73545.4 1994.9 -67218 1.19725 1486.23
33100 77.6857 0.0632945 -0.150949 -0.152481 0.305246 -72043.7 -73896 1852.3 -67669.8 1.19718 1500.29
33200 78.8176 -0.0583915 -0.152864 -0.151008 0.371045 -71894.2 -73773.4 1879.29 -67530.8 1.19793 1497.63
33300 78.2772 0.00330422 -0.150658 -0.153736 0.331997 -72005.4 -73871.8 1866.4 -67614.4 1.19801 1507.26
33400 79.0273 -0.00712885 -0.150855 -0.151483 0.362558 -71913.2 -73797.5 1884.29 -67560 1.19818 1494.44
33500 78.0449 -0.0751699 -0.153907 -0.153386 0.315652 -72080.4 -73941.3 1860.86 -67688 1.19826 1508.01
33600 76.9822 -0.0305323 -0.153196 -0.150699 0.236277 -72348.1 -74183.6 1835.52 -67983.3 1.19733 1497.4
33700 77.2 0.000746098 -0.152005 -0.15416 0.231114 -72479.4 -74320.1 1840.72 -68084.2 1.19569 1505.72
33800 77.038 0.0606793 -0.148909 -0.152107 0.246387 -72505.3 -74342.1 1836.85 -68145.3 1.19511 1492.94
33900 78.1057 -0.0270449 -0.15285 -0.151187 0.356753 -72342 -74204.4 1862.31 -67960.2 1.19417 1499.24
34000 78.3604 -0.0374515 -0.151276 -0.152721 0.367502 -72214 -74082.3 1868.39 -67819.2 1.19481 1504.46
34100 79.6928 0.0876259 -0.152183 -0.150558 0.405923 -71989.7 -73889.8 1900.15 -67623.7 1.19562 1495.61
34200 78.6108 -0.128765 -0.152107 -0.153106 0.298989 -72136.6 -74011 1874.36 -67730.2 1.19517 1508.91
34300 77.1748 -0.0845523 -0.153295 -0.151722 0.260782 -72405.3 -74245.4 1840.12 -68019.2 1.19306 1499.35
34400 77.5844 -0.0204063 -0.150616 -0.152916 0.285165 -72416.8 -74266.7 1849.88 -68028.8 1.19278 1499.61
34500 78.7331 0.0589308 -0.152229 -0.152066 0.381535 -72187.5 -74064.8 1877.27 -67787.3 1.19359 1504.91
34600 79.5466 -0.109205 -0.150537 -0.152245 0.33762 -72111.8 -74008.5 1896.67 -67734.3 1.19324 1496.65
34700 79.6751 0.00972977 -0.149419 -0.153552 0.390611 -72024.2 -73923.9 1899.73 -67639 1.19325 1499.24
34800 83.9048 -0.0310371 -0.151415 -0.152778 0.442997 -71554.1 -73554.7 2000.58 -67168.8 1.1947 1501.08
34900 88.178 -0.0162142 -0.15036 -0.151 0.435923 -71125.9 -73228.4 2102.47 -66790.3 1.19713 1487.18
35000 82.5672 -0.0231357 -0.152758 -0.154111 0.332711 -71592.5 -73561.2 1968.69 -67177.8 1.19612 1513.02
35100 77.973 0.0712721 -0.152627 -0.151293 0.300222 -72036.5 -73895.7 1859.15 -67650.3 1.19543 1502.35
35200 77.5586 0.0192701 -0.152019 -0.151858 0.298475 -72182.8 -74032 1849.27 -67807.2 1.19474 1497.83
35300 77.0187 -0.0991307 -0.15141 -0.151426 0.232877 -72379.3 -74215.7 1836.4 -67997.3 1.19332 1498.24
35400 77.6522 -0.0214036 -0.152372 -0.150928 0.303779 -72358.9 -74210.4 1851.5 -67974.9 1.19208 1497.35
35500 77.4405 0.0768023 -0.150169 -0.153036 0.317851 -72310.5 -74157 1846.45 -67927.8 1.19181 1496.56
35600 77.4833 -0.0343653 -0.153137 -0.151326 0.336086 -72326.1 -74173.6 1847.47 -67932.8 1.19094 1499.15
35700 77.1384 -0.107733 -0.152109 -0.154059 0.239577 -72498.2 -74337.4 1839.25 -68063.2 1.19012 1512.29
35800 77.5752 -0.019257 -0.151986 -0.151419 0.321353 -72396.4 -74246 1849.66 -67994.3 1.18985 1500.8
35900 78.2355 0.0847917 -0.149484 -0.150273 0.35883 -72231.8 -74097.2 1865.41 -67859.6 1.18963 1490.38
36000 78.5362 -0.106272 -0.155104 -0.153763 0.303427 -72243.9 -74116.5 1872.58 -67813.3 1.189 1509.38
36100 77.1096 -0.10502 -0.149649 -0.150182 0.224694 -72531.9 -74370.5 1838.56 -68170.7 1.18717 1483.46
36200 77.3385 -0.0428755 -0.151634 -0.155542 0.282824 -72497.4 -74341.5 1844.02 -68038 1.18691 1516.57
36300 78.4217 0.0443495 -0.152502 -0.151016 0.306995 -72356.6 -74226.5 1869.85 -67955 1.1863 1496.08
36400 79.4597 -0.0199194 -0.15224 -0.150982 0.373906 -72168.4 -74063 1894.6 -67755.3 1.18603 1499.69
36500 80.511 -0.0159149 -0.153311 -0.151268 0.364855 -72006.4 -73926.1 1919.66 -67596.8 1.18662 1499.23
36600 79.4536 0.0690828 -0.149618 -0.154383 0.301047 -72155.6 -74050.1 1894.45 -67726.3 1.1861 1505.26
36700 80.494 -0.0355084 -0.150227 -0.15166 0.415449 -71862 -73781.2 1919.26 -67466.9 1.18649 1494.1
36800 83.1868 0.044071 -0.152567 -0.152896 0.387224 -71591.2 -73574.7 1983.46 -67195.6 1.18751 1495.62
36900 80.8582 -0.0542396 -0.150843 -0.153361 0.334635 -71880.7 -73808.6 1927.94 -67456.8 1.18821 1506.13
37000 78.5955 0.0582064 -0.151991 -0.150989 0.314433 -72076.8 -73950.8 1873.99 -67664.5 1.18789 1501.73
37100 79.0555 -0.0282292 -0.151094 -0.15275 0.385059 -71977.4 -73862.3 1884.96 -67593.8 1.18879 1493.09
37200 79.9536 0.0510061 -0.152202 -0.152676 0.355907 -71872.1 -73778.5 1906.37 -67456.9 1.19049 1506.02
37300 78.1184 0.0133154 -0.152747 -0.153092 0.304184 -72112.9 -73975.5 1862.62 -67694.3 1.1903 1506.93
37400 80.9785 0.0125684 -0.150919 -0.152766 0.427858 -71769.7 -73700.6 1930.81 -67378.3 1.19132 1499
37500 82.2528 -0.0771847 -0.153922 -0.151438 0.34343 -71718.9 -73680 1961.19 -67331.2 1.19163 1498.05
37600 77.503 -0.0735393 -0.151672 -0.149816 0.204944 -72288.7 -74136.7 1847.94 -67877.5 1.1901 1504.14
37700 77.5875 -0.044294 -0.151246 -0.152732 0.229648 -72433.7 -74283.6 1849.96 -68041.5 1.18896 1496.21
37800 77.061 0.0395343 -0.152782 -0.15333 0.278661 -72440.6 -74278 1837.4 -68017.7 1.18852 1506.15
37900 77.41 0.10476 -0.151748 -0.150864 0.274387 -72428.1 -74273.9 1845.73 -68042.1 1.18777 1492.64
38000 77.1214 -0.0252151 -0.151147 -0.152475 0.262296 -72536.9 -74375.8 1838.84 -68123.1 1.18724 1501.43
38100 78.1441 -0.0384679 -0.150971 -0.154886 0.357574 -72364.3 -74227.5 1863.23 -67942.9 1.18672 1503.33
38200 80.7688 0.0232471 -0.152377 -0.150441 0.405742 -72003.4 -73929.2 1925.81 -67608.7 1.18817 1496.18
38300 80.436 -0.0491286 -0.152571 -0.151806 0.317138 -72087.4 -74005.3 1917.88 -67675.6 1.18906 1503.08
38400 77.3656 -0.00934232 -0.150772 -0.152474 0.239664 -72418.6 -74263.3 1844.67 -68030 1.18889 1494.93
38500 77.5628 0.0789897 -0.152746 -0.150292 0.318086 -72355.6 -74204.9 1849.37 -67960.9 1.18877 1496.86
38600 77.9533 -0.0423004 -0.15144 -0.15497 0.315534 -72316.9 -74175.6 1858.68 -67913.4 1.18896 1500.1
38700 78.019 -0.0271883 -0.153328 -0.150387 0.329876 -72266.9 -74127.2 1860.25 -67829.4 1.18872 1511.39
38800 78.7691 0.052114 -0.149226 -0.152564 0.331565 -72242.8 -74121 1878.13 -67865.6 1.18857 1490.71
38900 79.5226 -0.097835 -0.152384 -0.152556 0.329555 -72150 -74046.1 1896.1 -67741 1.189 1502.02
39000 78.7141 -0.0334343 -0.152994 -0.152027 0.315732 -72265.3 -74142.1 1876.82 -67859.3 1.18884 1500.8
39100 77.5911 0.0269925 -0.152012 -0.151121 0.291671 -72384.7 -74234.7 1850.04 -67983.8 1.18898 1499.23
39200 78.7058 -0.0412499 -0.150472 -0.151728 0.33459 -72243.3 -74119.9 1876.62 -67849 1.18984 1498.06
39300 79.3154 -0.0614724 -0.151255 -0.152881 0.30088 -72255 -74146.1 1891.16 -67871.7 1.1894 1493.76
39400 77.9336 -0.00109233 -0.153092 -0.152339 0.292254 -72405.5 -74263.7 1858.21 -68005 1.18975 1500.07
39500 77.8371 0.0617933 -0.153296 -0.150325 0.279102 -72456.6 -74312.6 1855.91 -68044 1.18972 1504.17
39600 77.5696 0.0698018 -0.150852 -0.152676 0.272149 -72528.8 -74378.3 1849.53 -68121.4 1.18899 1501.49
39700 79.5369 -0.0430495 -0.15184 -0.151734 0.362627 -72287.3 -74183.7 1896.44 -67880.3 1.18894 1501.24
39800 79.6866 0.0698348 -0.152815 -0.152393 0.367686 -72206.2 -74106.2 1900.01 -67808.9 1.18883 1497.84
39900 78.4324 -0.0477474 -0.152233 -0.151886 0.312813 -72299 -74169.1 1870.1 -67894.3 1.18916 1500.77
40000 77.8384 -0.0649707 -0.151132 -0.150716 0.298153 -72427.6 -74283.6 1855.94 -68033.7 1.18831 1495.99
40100 78.1685 0.0219517 -0.150849 -0.15383 0.307598 -72408.6 -74272.4 1863.81 -68000.8 1.18832 1500.76
40200 79.4986 -0.014108 -0.15353 -0.1502 0.38077 -72169.3 -74064.8 1895.52 -67748.9 1.18915 1506.08
40300 79.6353 -0.0211509 -0.149315 -0.15225 0.365007 -72147.4 -74046.2 1898.78 -67780.6 1.18878 1487.32
40400 81.9471 -0.0239645 -0.151713 -0.151105 0.415746 -71808.7 -73762.6 1953.91 -67407.4 1.1901 1500.82
40500 82.1559 0.0310117 -0.153301 -0.15386 0.341571 -71799.4 -73758.3 1958.88 -67370.2 1.19082 1511.24
40600 78.0772 0.0758644 -0.149688 -0.149554 0.258663 -72299.7 -74161.3 1861.63 -67975.1 1.19069 1475.44
40700 77.8477 -0.0740426 -0.153783 -0.154293 0.320085 -72268.3 -74124.5 1856.16 -67816.3 1.19081 1519.08
40800 78.8477 0.0316019 -0.149146 -0.152683 0.374511 -72161 -74041 1880.01 -67773.3 1.19041 1496.53
40900 80.8814 -0.0527459 -0.152642 -0.151653 0.399589 -71830.6 -73759.1 1928.49 -67454.5 1.19185 1494.37
41000 78.1831 0.00552259 -0.151383 -0.151308 0.269643 -72181.5 -74045.6 1864.16 -67789.2 1.19078 1498.63
41100 77.3931 0.0745195 -0.153913 -0.151988 0.292754 -72310.1 -74155.4 1845.32 -67875.6 1.19042 1512.51
41200 77.7665 -0.0209351 -0.151407 -0.152333 0.302685 -72319.6 -74173.8 1854.23 -67943.2 1.18999 1492.16
41300 77.6933 -0.0184902 -0.151769 -0.1545 0.305981 -72332.1 -74184.6 1852.48 -67891.2 1.19099 1515.44
41400 77.9842 0.0620812 -0.15374 -0.148975 0.318311 -72315.2 -74174.6 1859.42 -67956.6 1.1905 1486.84
41500 77.8438 0.0334246 -0.149461 -0.153485 0.300812 -72403.8 -74259.9 1856.07 -68011.9 1.18997 1497.49
41600 80.352 -0.00246276 -0.153883 -0.149982 0.382351 -72062.1 -73978 1915.87 -67658 1.19114 1503.04
41700 80.3332 -0.0175147 -0.149556 -0.153331 0.354117 -72091.9 -74007.4 1915.42 -67683.6 1.19101 1504.36
41800 81.2951 0.0214747 -0.150798 -0.151261 0.413827 -71800.3 -73738.6 1938.36 -67455.5 1.19165 1483.5
41900 80.0062 0.0760242 -0.153117 -0.153327 0.288325 -72087.3 -73994.9 1907.63 -67661.3 1.19153 1511.05
42000 78.4409 -0.0437754 -0.150707 -0.150865 0.348593 -72216.6 -74086.9 1870.31 -67836.6 1.19117 1494.87
42100 79.4503 0.0515919 -0.151157 -0.153607 0.361365 -72096.8 -73991.2 1894.37 -67698.3 1.19252 1502.88
42200 79.1783 -0.0171274 -0.152029 -0.154015 0.375475 -72002 -73889.9 1887.89 -67598.7 1.19358 1505.87
42300 79.8737 0.00720982 -0.154862 -0.14935 0.352702 -71955.5 -73859.9 1904.47 -67580.7 1.19327 1495.74
42400 78.31 -0.0767085 -0.151389 -0.150555 0.270923 -72277.5 -74144.7 1867.19 -67887.5 1.19285 1500.38
42500 77.1394 -0.0407531 -0.151429 -0.155105 0.223693 -72498.3 -74337.6 1839.27 -68092.7 1.19147 1504
42600 77.3787 0.0248689 -0.150491 -0.150897 0.271314 -72509.1 -74354.1 1844.98 -68128.3 1.19098 1494.94
42700 77.6898 0.0154864 -0.153102 -0.154337 0.306005 -72433.9 -74286.3 1852.4 -68004.5 1.19072 1511.15
42800 79.0105 -0.0219136 -0.151562 -0.150743 0.33734 -72251.8 -74135.6 1883.89 -67860.1 1.1913 1499.03
42900 78.8609 0.069831 -0.150929 -0.150218 0.331208 -72236.3 -74116.6 1880.32 -67875.2 1.19099 1488.2
43000 80.1757 -0.0364508 -0.155604 -0.15372 0.358155 -72066.5 -73978.2 1911.67 -67631.7 1.19056 1512.82
43100 78.2618 -0.00292153 -0.149072 -0.151338 0.227388 -72433.2 -74299.2 1866.03 -68053.5 1.18963 1492.83
43200 77.4744 0.0583402 -0.152713 -0.154754 0.288826 -72459.2 -74306.4 1847.26 -68012.7 1.18907 1514.91
43300 79.83 -0.0230106 -0.150211 -0.151091 0.378439 -72126.4 -74029.9 1903.43 -67747 1.18834 1491.09
43400 80.3048 0.0610158 -0.151275 -0.152002 0.353032 -72062.2 -73976.9 1914.75 -67667.8 1.18998 1498.28
43500 83.1356 0.00770766 -0.151454 -0.152906 0.442767 -71640.8 -73623 1982.24 -67229.3 1.19175 1506.46
43600 83.9246 0.00343027 -0.153266 -0.151678 0.343414 -71603.9 -73604.9 2001.06 -67210.5 1.19246 1501.05
43700 77.857 0.0495942 -0.149686 -0.151351 0.237453 -72223.5 -74079.8 1856.38 -67875 1.19069 1483.53
43800 77.4451 -0.0361648 -0.151741 -0.151177 0.279335 -72331 -74177.6 1846.56 -67929.7 1.19041 1501.2
43900 78.056 0.0125285 -0.15373 -0.154571 0.348777 -72240.2 -74101.4 1861.13 -67796.5 1.19088 1516.27
44000 80.6501 -0.00884883 -0.149422 -0.151711 0.403692 -71842.9 -73765.9 1922.98 -67469.3 1.19172 1493.36
44100 80.0246 -0.0107845 -0.152285 -0.152785 0.371437 -71912.2 -73820.3 1908.07 -67504.8 1.19169 1504.88
44200 78.679 -0.0252653 -0.151185 -0.151723 0.290628 -72086.8 -73962.7 1875.98 -67718.4 1.19265 1492.83
44300 77.4939 0.0418329 -0.150129 -0.150945 0.31206 -72240.7 -74088.4 1847.73 -67869.9 1.19286 1493.84
44400 82.1295 -0.0144173 -0.149168 -0.154615 0.461271 -71675.6 -73633.9 1958.25 -67300 1.19384 1496.74
44500 88.9482 -0.000118279 -0.15331 -0.151663 0.385542 -71207.8 -73328.6 2120.84 -66814.7 1.19513 1504.33
44600 80.4054 -0.0327917 -0.151834 -0.152629 0.305426 -71879.5 -73796.7 1917.15 -67455.5 1.1939 1513.44
44700 77.4648 0.0554794 -0.151547 -0.152916 0.285253 -72176.4 -74023.4 1847.03 -67807.3 1.19333 1493.83
44800 78.8875 -0.00582763 -0.151829 -0.152542 0.379617 -71993.7 -73874.6 1880.95 -67601.2 1.19341 1501.93
44900 78.6888 0.0258375 -0.153154 -0.15265 0.308827 -72142 -74018.2 1876.22 -67743.1 1.19356 1504.33
45000 77.4292 -0.0416219 -0.150124 -0.150255 0.275335 -72325.1 -74171.3 1846.18 -67979.8 1.19247 1484.72
45100 77.1738 0.0224692 -0.15207 -0.152638 0.264475 -72423 -74263 1840.09 -68026.2 1.1917 1501.27
45200 77.2746 0.0365817 -0.15089 -0.151868 0.275063 -72439.9 -74282.4 1842.5 -68021.1 1.19133 1508.32
45300 77.6228 -0.00301702 -0.152688 -0.15195 0.338922 -72275.9 -74126.7 1850.8 -67894.3 1.19052 1494.63
45400 77.4229 0.0481964 -0.151632 -0.154457 0.293224 -72385.7 -74231.8 1846.03 -67957 1.18943 1509.27
45500 77.7966 -0.0610674 -0.152776 -0.151704 0.319222 -72331 -74186 1854.94 -67931.5 1.18828 1497.86
45600 77.6014 0.00884924 -0.151344 -0.152048 0.274917 -72399.2 -74249.4 1850.29 -68002.7 1.18788 1496.33
45700 78.3198 -0.00598935 -0.152587 -0.150135 0.344579 -72292.4 -74159.8 1867.42 -67880.7 1.18822 1501.95
45800 78.1458 -0.0359501 -0.150352 -0.151414 0.280723 -72385.2 -74248.5 1863.27 -68003 1.18843 1492.17
45900 78.2129 0.0464387 -0.152581 -0.153892 0.292882 -72445 -74309.9 1864.87 -68021.4 1.18874 1506.65
46000 78.2009 0.0213358 -0.15204 -0.153415 0.260787 -72529.6 -74394.2 1864.58 -68111.4 1.18805 1503.95
46100 77.6885 -0.0668131 -0.151037 -0.15189 0.27459 -72606.2 -74458.6 1852.36 -68208 1.18713 1495.97
46200 78.3044 0.0258368 -0.154126 -0.149613 0.311498 -72506.7 -74373.8 1867.05 -68097.1 1.18683 1499.46
46300 78.4537 0.0233099 -0.150934 -0.152726 0.325148 -72510.8 -74381.4 1870.61 -68110.3 1.18667 1496.18
46400 81.2908 0.014213 -0.150282 -0.151926 0.427244 -72008.5 -73946.7 1938.26 -67586.7 1.18817 1505.36
46500 83.2652 0.00351039 -0.150465 -0.154047 0.440148 -71696.9 -73682.3 1985.33 -67288.1 1.18959 1502.72
46600 84.9735 0.00803862 -0.150203 -0.152703 0.38952 -71575.8 -73601.8 2026.07 -67189.6 1.19058 1496.24
46700 83.8062 -0.00279063 -0.154091 -0.151761 0.432801 -71532 -73530.2 1998.23 -67126.9 1.19192 1504.36
46800 81.8207 -0.0104146 -0.152035 -0.151912 0.383169 -71681.4 -73632.3 1950.89 -67294.9 1.19254 1498.81
46900 78.3665 -0.0136752 -0.151472 -0.150283 0.288793 -72055 -73923.5 1868.53 -67674.6 1.19252 1496.76
47000 77.3729 -0.0465849 -0.148479 -0.154159 0.285531 -72261.1 -74105.9 1844.84 -67874.8 1.19144 1497.34
47100 79.968 -0.0290224 -0.153116 -0.1523 0.379141 -71869.2 -73776 1906.72 -67448.5 1.19219 1510.04
47200 78.2152 0.0300932 -0.151209 -0.151087 0.319406 -72144.5 -74009.4 1864.92 -67773.2 1.19144 1492.25
47300 78.7093 -0.00650036 -0.153196 -0.153189 0.381643 -72008.5 -73885.2 1876.71 -67602 1.19134 1504.11
47400 78.423 -0.0111925 -0.150625 -0.152945 0.326917 -72102.6 -73972.5 1869.88 -67720.9 1.19121 1495.52
47500 77.098 -0.0537072 -0.152208 -0.151161 0.24114 -72352 -74190.3 1838.29 -67951.8 1.19021 1500.56
47600 77.3056 -0.0235921 -0.153228 -0.152376 0.191028 -72517.8 -74361 1843.24 -68089.8 1.18937 1508.96
47700 77.0182 0.0189797 -0.149754 -0.151175 0.219656 -72625.8 -74462.2 1836.38 -68256 1.18772 1487.08
47800 77.1901 0.0521162 -0.152856 -0.153523 0.271102 -72571.3 -74411.7 1840.48 -68153.7 1.18725 1502.71
47900 78.0401 -0.0116271 -0.151649 -0.151318 0.307746 -72439.3 -74300.1 1860.75 -68035.2 1.18777 1498.82
48000 77.7501 0.0293507 -0.15249 -0.150972 0.331812 -72410.8 -74264.6 1853.83 -68015.7 1.18746 1495.33
